
     Program PWSCF v.7.1 starts on 11Nov2022 at 13:42:24 

     This program is part of the open-source Quantum ESPRESSO suite
     for quantum simulation of materials; please cite
         "P. Giannozzi et al., J. Phys.:Condens. Matter 21 395502 (2009);
         "P. Giannozzi et al., J. Phys.:Condens. Matter 29 465901 (2017);
         "P. Giannozzi et al., J. Chem. Phys. 152 154105 (2020);
          URL http://www.quantum-espresso.org", 
     in publications or presentations arising from this work. More details at
     http://www.quantum-espresso.org/quote

     Parallel version (MPI), running on    12 processors

     MPI processes distributed on     1 nodes
     376162 MiB available memory on the printing compute node when the environment starts
 
     Waiting for input...
     Reading input from standard input

     Current dimensions of program PWSCF are:
     Max number of different atomic species (ntypx) = 10
     Max number of k-points (npk) =  40000
     Max angular momentum in pseudopotentials (lmaxx) =  4
     file Ni.pbe-n-rrkjus_psl.0.1.UPF: wavefunction(s)  3D renormalized
 
     K-points division:     npool     =       3
     R & G space division:  proc/nbgrp/npool/nimage =       4
     Subspace diagonalization in iterative solution of the eigenvalue problem:
     a serial algorithm will be used

 
     Parallelization info
     --------------------
     sticks:   dense  smooth     PW     G-vecs:    dense   smooth      PW
     Min         347     113     36                13995     2612     472
     Max         348     115     37                14000     2613     474
     Sum        1389     457    145                55993    10451    1891
 
     Using Slab Decomposition
 


     bravais-lattice index     =            6
     lattice parameter (alat)  =       4.7368  a.u.
     unit-cell volume          =     151.8494 (a.u.)^3
     number of atoms/cell      =            2
     number of atomic types    =            2
     number of electrons       =        26.00
     number of Kohn-Sham states=           17
     kinetic-energy cutoff     =      64.0000  Ry
     charge density cutoff     =     782.0000  Ry
     scf convergence threshold =      1.0E-08
     mixing beta               =       0.1000
     number of iterations used =            8  plain     mixing
     Exchange-correlation= PBE
                           (   1   4   3   4   0   0   0)

     celldm(1)=   4.736808  celldm(2)=   0.000000  celldm(3)=   1.428748
     celldm(4)=   0.000000  celldm(5)=   0.000000  celldm(6)=   0.000000

     crystal axes: (cart. coord. in units of alat)
               a(1) = (   1.000000   0.000000   0.000000 )  
               a(2) = (   0.000000   1.000000   0.000000 )  
               a(3) = (   0.000000   0.000000   1.428748 )  

     reciprocal axes: (cart. coord. in units 2 pi/alat)
               b(1) = (  1.000000  0.000000  0.000000 )  
               b(2) = (  0.000000  1.000000  0.000000 )  
               b(3) = (  0.000000  0.000000  0.699913 )  


     PseudoPot. # 1 for Fe read from file:
     /home4/koretsune/PWSCF/pseudo_psl031/Fe.pbe-spn-rrkjus_psl.0.2.1.UPF
     MD5 check sum: ffcf0347a832ff25cbd6031c7d0b600f
     Pseudo is Ultrasoft + core correction, Zval = 16.0
     Generated using "atomic" code by A. Dal Corso  v.5.0.99 svn rev. 10869
     Using radial grid of 1191 points,  6 beta functions with: 
                l(1) =   0
                l(2) =   0
                l(3) =   1
                l(4) =   1
                l(5) =   2
                l(6) =   2
     Q(r) pseudized with 0 coefficients 


     PseudoPot. # 2 for Ni read from file:
     /home4/koretsune/PWSCF/pseudo_psl031/Ni.pbe-n-rrkjus_psl.0.1.UPF
     MD5 check sum: 105609196ad94f97f23a2e8b9db0d307
     Pseudo is Ultrasoft + core correction, Zval = 10.0
     Generated using "atomic" code by A. Dal Corso  v.5.0.99 svn rev. 10869
     Using radial grid of 1195 points,  6 beta functions with: 
                l(1) =   0
                l(2) =   0
                l(3) =   1
                l(4) =   1
                l(5) =   2
                l(6) =   2
     Q(r) pseudized with 0 coefficients 


     atomic species   valence    mass     pseudopotential
        Fe            16.00    55.84500     Fe( 1.00)
        Ni            10.00    58.69340     Ni( 1.00)

     Starting magnetic structure 
     atomic species   magnetization
        Fe           1.000
        Ni           1.000

     16 Sym. Ops., with inversion, found



   Cartesian axes

     site n.     atom                  positions (alat units)
         1           Fe  tau(   1) = (   0.0000000   0.0000000   0.0000000  )
         2           Ni  tau(   2) = (   0.5000000   0.5000000   0.7143741  )

     number of k points=   216  Methfessel-Paxton smearing, width (Ry)=  0.0100

     Number of k-points >= 100: set verbosity='high' to print them.

     Dense  grid:    55993 G-vectors     FFT dimensions: (  45,  45,  64)

     Smooth grid:    10451 G-vectors     FFT dimensions: (  25,  25,  36)

     Estimated max dynamical RAM per process >      45.46 MB

     Estimated total dynamical RAM >     490.80 MB

     Check: negative core charge=   -0.000008
     Generating pointlists ...
     new r_m :   0.4125 (alat units)  1.9539 (a.u.) for type    1
     new r_m :   0.4125 (alat units)  1.9539 (a.u.) for type    2

     Initial potential from superposition of free atoms

     starting charge      25.9993, renormalised to      26.0000
     Starting wfcs are   22 randomized atomic wfcs

     total cpu time spent up to now is        1.2 secs

     Self-consistent Calculation

     iteration #  1     ecut=    64.00 Ry     beta= 0.10
     Davidson diagonalization with overlap
     ethr =  1.00E-02,  avg # of iterations =  2.8

     negative rho (up, down):  0.000E+00 5.461E-05

     total cpu time spent up to now is        2.7 secs

     total energy              =    -351.11839184 Ry
     estimated scf accuracy    <       6.64868130 Ry

     total magnetization       =     6.30 Bohr mag/cell
     absolute magnetization    =     6.30 Bohr mag/cell

     iteration #  2     ecut=    64.00 Ry     beta= 0.10
     Davidson diagonalization with overlap
     ethr =  1.00E-02,  avg # of iterations =  1.2

     negative rho (up, down):  0.000E+00 8.549E-05

     total cpu time spent up to now is        3.8 secs

     total energy              =    -352.39656640 Ry
     estimated scf accuracy    <       4.42262952 Ry

     total magnetization       =     6.32 Bohr mag/cell
     absolute magnetization    =     6.32 Bohr mag/cell

     iteration #  3     ecut=    64.00 Ry     beta= 0.10
     Davidson diagonalization with overlap
     ethr =  1.00E-02,  avg # of iterations =  1.0

     negative rho (up, down):  0.000E+00 9.993E-05

     total cpu time spent up to now is        4.9 secs

     total energy              =    -354.23944286 Ry
     estimated scf accuracy    <       3.08228096 Ry

     total magnetization       =     5.91 Bohr mag/cell
     absolute magnetization    =     5.98 Bohr mag/cell

     iteration #  4     ecut=    64.00 Ry     beta= 0.10
     Davidson diagonalization with overlap
     ethr =  1.00E-02,  avg # of iterations =  1.2

     negative rho (up, down):  0.000E+00 1.471E-04

     total cpu time spent up to now is        6.0 secs

     total energy              =    -354.71147855 Ry
     estimated scf accuracy    <       1.63770621 Ry

     total magnetization       =     4.55 Bohr mag/cell
     absolute magnetization    =     4.73 Bohr mag/cell

     iteration #  5     ecut=    64.00 Ry     beta= 0.10
     Davidson diagonalization with overlap
     ethr =  6.30E-03,  avg # of iterations =  1.7

     negative rho (up, down):  0.000E+00 1.446E-04

     total cpu time spent up to now is        7.1 secs

     total energy              =    -355.28167550 Ry
     estimated scf accuracy    <       9.15318127 Ry

     total magnetization       =     3.26 Bohr mag/cell
     absolute magnetization    =     3.59 Bohr mag/cell

     iteration #  6     ecut=    64.00 Ry     beta= 0.10
     Davidson diagonalization with overlap
     ethr =  6.30E-03,  avg # of iterations =  1.0

     negative rho (up, down):  0.000E+00 1.283E-04

     total cpu time spent up to now is        8.2 secs

     total energy              =    -354.64320256 Ry
     estimated scf accuracy    <       8.19844082 Ry

     total magnetization       =     3.21 Bohr mag/cell
     absolute magnetization    =     3.52 Bohr mag/cell

     iteration #  7     ecut=    64.00 Ry     beta= 0.10
     Davidson diagonalization with overlap
     ethr =  6.30E-03,  avg # of iterations =  1.0

     negative rho (up, down):  0.000E+00 1.273E-04

     total cpu time spent up to now is        9.3 secs

     total energy              =    -354.96094216 Ry
     estimated scf accuracy    <       0.05388773 Ry

     total magnetization       =     3.30 Bohr mag/cell
     absolute magnetization    =     3.66 Bohr mag/cell

     iteration #  8     ecut=    64.00 Ry     beta= 0.10
     Davidson diagonalization with overlap
     ethr =  2.07E-04,  avg # of iterations =  2.4

     negative rho (up, down):  0.000E+00 1.147E-04

     total cpu time spent up to now is       10.5 secs

     total energy              =    -354.97948606 Ry
     estimated scf accuracy    <       0.37298129 Ry

     total magnetization       =     3.24 Bohr mag/cell
     absolute magnetization    =     3.59 Bohr mag/cell

     iteration #  9     ecut=    64.00 Ry     beta= 0.10
     Davidson diagonalization with overlap
     ethr =  2.07E-04,  avg # of iterations =  1.2

     negative rho (up, down):  0.000E+00 8.708E-05

     total cpu time spent up to now is       11.6 secs

     total energy              =    -354.93810366 Ry
     estimated scf accuracy    <       0.56200006 Ry

     total magnetization       =     3.27 Bohr mag/cell
     absolute magnetization    =     3.61 Bohr mag/cell

     iteration # 10     ecut=    64.00 Ry     beta= 0.10
     Davidson diagonalization with overlap
     ethr =  2.07E-04,  avg # of iterations =  1.5

     negative rho (up, down):  0.000E+00 8.782E-05

     total cpu time spent up to now is       12.7 secs

     total energy              =    -354.95516150 Ry
     estimated scf accuracy    <       0.03804813 Ry

     total magnetization       =     3.27 Bohr mag/cell
     absolute magnetization    =     3.60 Bohr mag/cell

     iteration # 11     ecut=    64.00 Ry     beta= 0.10
     Davidson diagonalization with overlap
     ethr =  1.46E-04,  avg # of iterations =  1.0

     negative rho (up, down):  0.000E+00 8.542E-05

     total cpu time spent up to now is       13.8 secs

     total energy              =    -354.95324419 Ry
     estimated scf accuracy    <       0.02448574 Ry

     total magnetization       =     3.24 Bohr mag/cell
     absolute magnetization    =     3.57 Bohr mag/cell

     iteration # 12     ecut=    64.00 Ry     beta= 0.10
     Davidson diagonalization with overlap
     ethr =  9.42E-05,  avg # of iterations =  1.2

     negative rho (up, down):  0.000E+00 8.194E-05

     total cpu time spent up to now is       14.9 secs

     total energy              =    -354.95443833 Ry
     estimated scf accuracy    <       0.00194574 Ry

     total magnetization       =     3.21 Bohr mag/cell
     absolute magnetization    =     3.53 Bohr mag/cell

     iteration # 13     ecut=    64.00 Ry     beta= 0.10
     Davidson diagonalization with overlap
     ethr =  7.48E-06,  avg # of iterations =  3.8

     negative rho (up, down):  0.000E+00 7.996E-05

     total cpu time spent up to now is       16.4 secs

     total energy              =    -354.95484248 Ry
     estimated scf accuracy    <       0.00094158 Ry

     total magnetization       =     3.22 Bohr mag/cell
     absolute magnetization    =     3.54 Bohr mag/cell

     iteration # 14     ecut=    64.00 Ry     beta= 0.10
     Davidson diagonalization with overlap
     ethr =  3.62E-06,  avg # of iterations =  2.6

     negative rho (up, down):  0.000E+00 7.047E-05

     total cpu time spent up to now is       17.7 secs

     total energy              =    -354.95507307 Ry
     estimated scf accuracy    <       0.00026713 Ry

     total magnetization       =     3.22 Bohr mag/cell
     absolute magnetization    =     3.53 Bohr mag/cell

     iteration # 15     ecut=    64.00 Ry     beta= 0.10
     Davidson diagonalization with overlap
     ethr =  1.03E-06,  avg # of iterations =  3.5

     negative rho (up, down):  0.000E+00 7.265E-05

     total cpu time spent up to now is       19.2 secs

     total energy              =    -354.95522170 Ry
     estimated scf accuracy    <       0.00010268 Ry

     total magnetization       =     3.21 Bohr mag/cell
     absolute magnetization    =     3.50 Bohr mag/cell

     iteration # 16     ecut=    64.00 Ry     beta= 0.10
     Davidson diagonalization with overlap
     ethr =  3.95E-07,  avg # of iterations =  2.0

     negative rho (up, down):  0.000E+00 7.285E-05

     total cpu time spent up to now is       20.4 secs

     total energy              =    -354.95524786 Ry
     estimated scf accuracy    <       0.00002229 Ry

     total magnetization       =     3.21 Bohr mag/cell
     absolute magnetization    =     3.51 Bohr mag/cell

     iteration # 17     ecut=    64.00 Ry     beta= 0.10
     Davidson diagonalization with overlap
     ethr =  8.57E-08,  avg # of iterations =  2.8

     negative rho (up, down):  0.000E+00 7.302E-05

     total cpu time spent up to now is       21.8 secs

     total energy              =    -354.95528812 Ry
     estimated scf accuracy    <       0.00004892 Ry

     total magnetization       =     3.21 Bohr mag/cell
     absolute magnetization    =     3.51 Bohr mag/cell

     iteration # 18     ecut=    64.00 Ry     beta= 0.10
     Davidson diagonalization with overlap
     ethr =  8.57E-08,  avg # of iterations =  1.1

     negative rho (up, down):  0.000E+00 7.295E-05

     total cpu time spent up to now is       22.9 secs

     total energy              =    -354.95531518 Ry
     estimated scf accuracy    <       0.00004181 Ry

     total magnetization       =     3.21 Bohr mag/cell
     absolute magnetization    =     3.50 Bohr mag/cell

     iteration # 19     ecut=    64.00 Ry     beta= 0.10
     Davidson diagonalization with overlap
     ethr =  8.57E-08,  avg # of iterations =  1.5

     negative rho (up, down):  0.000E+00 7.321E-05

     total cpu time spent up to now is       24.0 secs

     total energy              =    -354.95533031 Ry
     estimated scf accuracy    <       0.00000410 Ry

     total magnetization       =     3.21 Bohr mag/cell
     absolute magnetization    =     3.50 Bohr mag/cell

     iteration # 20     ecut=    64.00 Ry     beta= 0.10
     Davidson diagonalization with overlap
     ethr =  1.58E-08,  avg # of iterations =  2.4

     negative rho (up, down):  0.000E+00 7.333E-05

     total cpu time spent up to now is       25.4 secs

     total energy              =    -354.95534645 Ry
     estimated scf accuracy    <       0.00000012 Ry

     total magnetization       =     3.21 Bohr mag/cell
     absolute magnetization    =     3.50 Bohr mag/cell

     iteration # 21     ecut=    64.00 Ry     beta= 0.10
     Davidson diagonalization with overlap
     ethr =  4.59E-10,  avg # of iterations =  5.8

     negative rho (up, down):  0.000E+00 7.346E-05

     total cpu time spent up to now is       27.5 secs

     total energy              =    -354.95535900 Ry
     estimated scf accuracy    <       0.00000007 Ry

     total magnetization       =     3.21 Bohr mag/cell
     absolute magnetization    =     3.50 Bohr mag/cell

     iteration # 22     ecut=    64.00 Ry     beta= 0.10
     Davidson diagonalization with overlap
     ethr =  2.55E-10,  avg # of iterations =  1.8

     negative rho (up, down):  0.000E+00 7.371E-05

     total cpu time spent up to now is       28.7 secs

     total energy              =    -354.95536827 Ry
     estimated scf accuracy    <       0.00000005 Ry

     total magnetization       =     3.21 Bohr mag/cell
     absolute magnetization    =     3.50 Bohr mag/cell

     iteration # 23     ecut=    64.00 Ry     beta= 0.10
     Davidson diagonalization with overlap
     ethr =  2.07E-10,  avg # of iterations =  2.0

     negative rho (up, down):  0.000E+00 7.482E-05
 
     Magnetic moment per site  (integrated on atomic sphere of radius R)
     atom   1 (R=0.413)  charge= 14.4654  magn=  2.6432
     atom   2 (R=0.413)  charge=  8.7842  magn=  0.6575

     total cpu time spent up to now is       29.8 secs

     End of self-consistent calculation

     Number of k-points >= 100: set verbosity='high' to print the bands.

     the Fermi energy is    15.9315 ev

!    total energy              =    -354.95541146 Ry
     estimated scf accuracy    <          2.5E-09 Ry
     smearing contrib. (-TS)   =       0.00012691 Ry
     internal energy E=F+TS    =    -354.95553836 Ry

     The total energy is F=E-TS. E is the sum of the following terms:
     one-electron contribution =    -132.62676307 Ry
     hartree contribution      =      90.81444544 Ry
     xc contribution           =     -76.60965581 Ry
     ewald contribution        =    -236.53356493 Ry

     total magnetization       =     3.21 Bohr mag/cell
     absolute magnetization    =     3.50 Bohr mag/cell

     convergence has been achieved in  23 iterations

     negative rho (up, down):  0.000E+00 7.482E-05

     Forces acting on atoms (cartesian axes, Ry/au):

     atom    1 type  1   force =     0.00000000    0.00000000    0.00000000
     atom    2 type  2   force =     0.00000000    0.00000000    0.00000000

     Total force =     0.000000     Total SCF correction =     0.000000


     Computing stress (Cartesian axis) and pressure


     negative rho (up, down):  0.000E+00 7.482E-05
          total   stress  (Ry/bohr**3)                   (kbar)     P=        2.60
   0.00001683   0.00000000   0.00000000            2.48        0.00        0.00
   0.00000000   0.00001683   0.00000000            0.00        2.48        0.00
   0.00000000   0.00000000   0.00001933            0.00        0.00        2.84


     Writing all to output data dir ./work/pwscf.save/
 
     init_run     :      0.95s CPU      1.01s WALL (       1 calls)
     electrons    :     27.33s CPU     28.65s WALL (       1 calls)
     forces       :      0.26s CPU      0.26s WALL (       1 calls)
     stress       :      0.61s CPU      0.61s WALL (       1 calls)

     Called by init_run:
     wfcinit      :      0.44s CPU      0.46s WALL (       1 calls)
     potinit      :      0.07s CPU      0.08s WALL (       1 calls)
     hinit0       :      0.22s CPU      0.26s WALL (       1 calls)

     Called by electrons:
     c_bands      :     21.67s CPU     22.74s WALL (      23 calls)
     sum_band     :      4.51s CPU      4.70s WALL (      23 calls)
     v_of_rho     :      0.56s CPU      0.58s WALL (      24 calls)
     newd         :      0.53s CPU      0.55s WALL (      24 calls)
     mix_rho      :      0.06s CPU      0.06s WALL (      23 calls)

     Called by c_bands:
     init_us_2    :      0.60s CPU      0.63s WALL (    7056 calls)
     init_us_2:cp :      0.59s CPU      0.62s WALL (    7056 calls)
     cegterg      :     17.14s CPU     17.83s WALL (    3312 calls)

     Called by *egterg:
     cdiaghg      :      2.75s CPU      2.84s WALL (    9901 calls)
     h_psi        :     12.88s CPU     13.42s WALL (   10045 calls)
     s_psi        :      0.27s CPU      0.28s WALL (   10045 calls)
     g_psi        :      0.07s CPU      0.07s WALL (    6589 calls)

     Called by h_psi:
     h_psi:calbec :      0.49s CPU      0.52s WALL (   10045 calls)
     vloc_psi     :     11.98s CPU     12.48s WALL (   10045 calls)
     add_vuspsi   :      0.29s CPU      0.30s WALL (   10045 calls)

     General routines
     calbec       :      0.67s CPU      0.71s WALL (   14077 calls)
     fft          :      0.21s CPU      0.25s WALL (     638 calls)
     ffts         :      0.01s CPU      0.01s WALL (      94 calls)
     fftw         :     13.03s CPU     13.57s WALL (  313100 calls)
     interpolate  :      0.02s CPU      0.02s WALL (      48 calls)
 
     Parallel routines
 
     PWSCF        :     29.42s CPU     32.67s WALL

 
   This run was terminated on:  13:42:57  11Nov2022            

=------------------------------------------------------------------------------=
   JOB DONE.
=------------------------------------------------------------------------------=
