
     Program PWSCF v.7.0 starts on 18Jul2023 at 18:45: 2 

     This program is part of the open-source Quantum ESPRESSO suite
     for quantum simulation of materials; please cite
         "P. Giannozzi et al., J. Phys.:Condens. Matter 21 395502 (2009);
         "P. Giannozzi et al., J. Phys.:Condens. Matter 29 465901 (2017);
         "P. Giannozzi et al., J. Chem. Phys. 152 154105 (2020);
          URL http://www.quantum-espresso.org", 
     in publications or presentations arising from this work. More details at
     http://www.quantum-espresso.org/quote

     Parallel version (MPI), running on    22 processors

     MPI processes distributed on     1 nodes
     R & G space division:  proc/nbgrp/npool/nimage =      22
     147649 MiB available memory on the printing compute node when the environment starts
 
     Waiting for input...
     Reading input from standard input

     Current dimensions of program PWSCF are:
     Max number of different atomic species (ntypx) = 10
     Max number of k-points (npk) =  40000
     Max angular momentum in pseudopotentials (lmaxx) =  4
     file Ni.pbe-n-rrkjus_psl.0.1.UPF: wavefunction(s)  3D renormalized

     Subspace diagonalization in iterative solution of the eigenvalue problem:
     a serial algorithm will be used

 
     Parallelization info
     --------------------
     sticks:   dense  smooth     PW     G-vecs:    dense   smooth      PW
     Min          63      20      6                 2543      474      84
     Max          64      22      7                 2548      477      89
     Sum        1389     457    145                55993    10451    1891
 
     Using Slab Decomposition
 


     bravais-lattice index     =            6
     lattice parameter (alat)  =       4.7368  a.u.
     unit-cell volume          =     151.8494 (a.u.)^3
     number of atoms/cell      =            2
     number of atomic types    =            2
     number of electrons       =        26.00
     number of Kohn-Sham states=           17
     kinetic-energy cutoff     =      64.0000  Ry
     charge density cutoff     =     782.0000  Ry
     scf convergence threshold =      1.0E-08
     mixing beta               =       0.1000
     number of iterations used =            8  plain     mixing
     Exchange-correlation= PBE
                           (   1   4   3   4   0   0   0)

     celldm(1)=   4.736808  celldm(2)=   0.000000  celldm(3)=   1.428748
     celldm(4)=   0.000000  celldm(5)=   0.000000  celldm(6)=   0.000000

     crystal axes: (cart. coord. in units of alat)
               a(1) = (   1.000000   0.000000   0.000000 )  
               a(2) = (   0.000000   1.000000   0.000000 )  
               a(3) = (   0.000000   0.000000   1.428748 )  

     reciprocal axes: (cart. coord. in units 2 pi/alat)
               b(1) = (  1.000000  0.000000  0.000000 )  
               b(2) = (  0.000000  1.000000  0.000000 )  
               b(3) = (  0.000000  0.000000  0.699913 )  


     PseudoPot. # 1 for Fe read from file:
     /home2/koretsune/PWSCF/pseudo_psl031/Fe.pbe-spn-rrkjus_psl.0.2.1.UPF
     MD5 check sum: ffcf0347a832ff25cbd6031c7d0b600f
     Pseudo is Ultrasoft + core correction, Zval = 16.0
     Generated using "atomic" code by A. Dal Corso  v.5.0.99 svn rev. 10869
     Using radial grid of 1191 points,  6 beta functions with: 
                l(1) =   0
                l(2) =   0
                l(3) =   1
                l(4) =   1
                l(5) =   2
                l(6) =   2
     Q(r) pseudized with 0 coefficients 


     PseudoPot. # 2 for Ni read from file:
     /home2/koretsune/PWSCF/pseudo_psl031/Ni.pbe-n-rrkjus_psl.0.1.UPF
     MD5 check sum: 105609196ad94f97f23a2e8b9db0d307
     Pseudo is Ultrasoft + core correction, Zval = 10.0
     Generated using "atomic" code by A. Dal Corso  v.5.0.99 svn rev. 10869
     Using radial grid of 1195 points,  6 beta functions with: 
                l(1) =   0
                l(2) =   0
                l(3) =   1
                l(4) =   1
                l(5) =   2
                l(6) =   2
     Q(r) pseudized with 0 coefficients 


     atomic species   valence    mass     pseudopotential
        Fe            16.00    55.84500     Fe( 1.00)
        Ni            10.00    58.69340     Ni( 1.00)

     Starting magnetic structure 
     atomic species   magnetization
        Fe           1.000
        Ni           1.000

     16 Sym. Ops., with inversion, found



   Cartesian axes

     site n.     atom                  positions (alat units)
         1           Fe  tau(   1) = (   0.0000000   0.0000000   0.0000000  )
         2           Ni  tau(   2) = (   0.5000000   0.5000000   0.7143741  )

     number of k points=   216  Methfessel-Paxton smearing, width (Ry)=  0.0100

     Number of k-points >= 100: set verbosity='high' to print them.

     Dense  grid:    55993 G-vectors     FFT dimensions: (  45,  45,  64)

     Smooth grid:    10451 G-vectors     FFT dimensions: (  25,  25,  36)

     Estimated max dynamical RAM per process >      21.55 MB

     Estimated total dynamical RAM >     474.21 MB

     Check: negative core charge=   -0.000008
     Generating pointlists ...
     new r_m :   0.4125 (alat units)  1.9539 (a.u.) for type    1
     new r_m :   0.4125 (alat units)  1.9539 (a.u.) for type    2

     Initial potential from superposition of free atoms

     starting charge      25.9993, renormalised to      26.0000
     Starting wfcs are   22 randomized atomic wfcs

     total cpu time spent up to now is        1.4 secs

     Self-consistent Calculation

     iteration #  1     ecut=    64.00 Ry     beta= 0.10
     Davidson diagonalization with overlap
     ethr =  1.00E-02,  avg # of iterations =  2.8

     negative rho (up, down):  0.000E+00 5.457E-05

     total cpu time spent up to now is        5.5 secs

     total energy              =    -351.11832553 Ry
     estimated scf accuracy    <       6.64884538 Ry

     total magnetization       =     6.30 Bohr mag/cell
     absolute magnetization    =     6.30 Bohr mag/cell

     iteration #  2     ecut=    64.00 Ry     beta= 0.10
     Davidson diagonalization with overlap
     ethr =  1.00E-02,  avg # of iterations =  1.2

     negative rho (up, down):  0.000E+00 8.536E-05

     total cpu time spent up to now is        9.0 secs

     total energy              =    -352.39556092 Ry
     estimated scf accuracy    <       4.42245080 Ry

     total magnetization       =     6.31 Bohr mag/cell
     absolute magnetization    =     6.32 Bohr mag/cell

     iteration #  3     ecut=    64.00 Ry     beta= 0.10
     Davidson diagonalization with overlap
     ethr =  1.00E-02,  avg # of iterations =  1.0

     negative rho (up, down):  0.000E+00 9.997E-05

     total cpu time spent up to now is       12.3 secs

     total energy              =    -354.24118019 Ry
     estimated scf accuracy    <       3.08308247 Ry

     total magnetization       =     5.91 Bohr mag/cell
     absolute magnetization    =     5.97 Bohr mag/cell

     iteration #  4     ecut=    64.00 Ry     beta= 0.10
     Davidson diagonalization with overlap
     ethr =  1.00E-02,  avg # of iterations =  1.2

     negative rho (up, down):  0.000E+00 1.470E-04

     total cpu time spent up to now is       15.8 secs

     total energy              =    -354.71534838 Ry
     estimated scf accuracy    <       1.61913662 Ry

     total magnetization       =     4.55 Bohr mag/cell
     absolute magnetization    =     4.73 Bohr mag/cell

     iteration #  5     ecut=    64.00 Ry     beta= 0.10
     Davidson diagonalization with overlap
     ethr =  6.23E-03,  avg # of iterations =  1.7

     negative rho (up, down):  0.000E+00 1.445E-04

     total cpu time spent up to now is       19.4 secs

     total energy              =    -355.27755026 Ry
     estimated scf accuracy    <       9.11039088 Ry

     total magnetization       =     3.26 Bohr mag/cell
     absolute magnetization    =     3.59 Bohr mag/cell

     iteration #  6     ecut=    64.00 Ry     beta= 0.10
     Davidson diagonalization with overlap
     ethr =  6.23E-03,  avg # of iterations =  1.0

     negative rho (up, down):  0.000E+00 1.280E-04

     total cpu time spent up to now is       22.8 secs

     total energy              =    -354.63468528 Ry
     estimated scf accuracy    <       8.12041235 Ry

     total magnetization       =     3.21 Bohr mag/cell
     absolute magnetization    =     3.52 Bohr mag/cell

     iteration #  7     ecut=    64.00 Ry     beta= 0.10
     Davidson diagonalization with overlap
     ethr =  6.23E-03,  avg # of iterations =  1.0

     negative rho (up, down):  0.000E+00 1.271E-04

     total cpu time spent up to now is       26.2 secs

     total energy              =    -354.95930220 Ry
     estimated scf accuracy    <       0.04436231 Ry

     total magnetization       =     3.30 Bohr mag/cell
     absolute magnetization    =     3.66 Bohr mag/cell

     iteration #  8     ecut=    64.00 Ry     beta= 0.10
     Davidson diagonalization with overlap
     ethr =  1.71E-04,  avg # of iterations =  2.7

     negative rho (up, down):  0.000E+00 1.156E-04

     total cpu time spent up to now is       30.1 secs

     total energy              =    -354.98363736 Ry
     estimated scf accuracy    <       0.34709946 Ry

     total magnetization       =     3.24 Bohr mag/cell
     absolute magnetization    =     3.59 Bohr mag/cell

     iteration #  9     ecut=    64.00 Ry     beta= 0.10
     Davidson diagonalization with overlap
     ethr =  1.71E-04,  avg # of iterations =  1.6

     negative rho (up, down):  0.000E+00 8.834E-05

     total cpu time spent up to now is       33.7 secs

     total energy              =    -354.93266196 Ry
     estimated scf accuracy    <       0.68376048 Ry

     total magnetization       =     3.27 Bohr mag/cell
     absolute magnetization    =     3.61 Bohr mag/cell

     iteration # 10     ecut=    64.00 Ry     beta= 0.10
     Davidson diagonalization with overlap
     ethr =  1.71E-04,  avg # of iterations =  1.7

     negative rho (up, down):  0.000E+00 8.773E-05

     total cpu time spent up to now is       37.3 secs

     total energy              =    -354.95524491 Ry
     estimated scf accuracy    <       0.03454191 Ry

     total magnetization       =     3.27 Bohr mag/cell
     absolute magnetization    =     3.61 Bohr mag/cell

     iteration # 11     ecut=    64.00 Ry     beta= 0.10
     Davidson diagonalization with overlap
     ethr =  1.33E-04,  avg # of iterations =  1.0

     negative rho (up, down):  0.000E+00 8.515E-05

     total cpu time spent up to now is       40.7 secs

     total energy              =    -354.95354154 Ry
     estimated scf accuracy    <       0.02419922 Ry

     total magnetization       =     3.24 Bohr mag/cell
     absolute magnetization    =     3.57 Bohr mag/cell

     iteration # 12     ecut=    64.00 Ry     beta= 0.10
     Davidson diagonalization with overlap
     ethr =  9.31E-05,  avg # of iterations =  1.2

     negative rho (up, down):  0.000E+00 8.160E-05

     total cpu time spent up to now is       44.1 secs

     total energy              =    -354.95453840 Ry
     estimated scf accuracy    <       0.00310964 Ry

     total magnetization       =     3.20 Bohr mag/cell
     absolute magnetization    =     3.53 Bohr mag/cell

     iteration # 13     ecut=    64.00 Ry     beta= 0.10
     Davidson diagonalization with overlap
     ethr =  1.20E-05,  avg # of iterations =  2.5

     negative rho (up, down):  0.000E+00 7.932E-05

     total cpu time spent up to now is       47.9 secs

     total energy              =    -354.95478525 Ry
     estimated scf accuracy    <       0.00148253 Ry

     total magnetization       =     3.21 Bohr mag/cell
     absolute magnetization    =     3.53 Bohr mag/cell

     iteration # 14     ecut=    64.00 Ry     beta= 0.10
     Davidson diagonalization with overlap
     ethr =  5.70E-06,  avg # of iterations =  2.5

     negative rho (up, down):  0.000E+00 7.212E-05

     total cpu time spent up to now is       51.6 secs

     total energy              =    -354.95507648 Ry
     estimated scf accuracy    <       0.00033984 Ry

     total magnetization       =     3.22 Bohr mag/cell
     absolute magnetization    =     3.53 Bohr mag/cell

     iteration # 15     ecut=    64.00 Ry     beta= 0.10
     Davidson diagonalization with overlap
     ethr =  1.31E-06,  avg # of iterations =  4.1

     negative rho (up, down):  0.000E+00 7.256E-05

     total cpu time spent up to now is       56.2 secs

     total energy              =    -354.95520657 Ry
     estimated scf accuracy    <       0.00003766 Ry

     total magnetization       =     3.21 Bohr mag/cell
     absolute magnetization    =     3.50 Bohr mag/cell

     iteration # 16     ecut=    64.00 Ry     beta= 0.10
     Davidson diagonalization with overlap
     ethr =  1.45E-07,  avg # of iterations =  3.6

     negative rho (up, down):  0.000E+00 7.255E-05

     total cpu time spent up to now is       60.5 secs

     total energy              =    -354.95525666 Ry
     estimated scf accuracy    <       0.00002286 Ry

     total magnetization       =     3.22 Bohr mag/cell
     absolute magnetization    =     3.51 Bohr mag/cell

     iteration # 17     ecut=    64.00 Ry     beta= 0.10
     Davidson diagonalization with overlap
     ethr =  8.79E-08,  avg # of iterations =  1.6

     negative rho (up, down):  0.000E+00 7.298E-05

     total cpu time spent up to now is       64.0 secs

     total energy              =    -354.95527597 Ry
     estimated scf accuracy    <       0.00006852 Ry

     total magnetization       =     3.21 Bohr mag/cell
     absolute magnetization    =     3.50 Bohr mag/cell

     iteration # 18     ecut=    64.00 Ry     beta= 0.10
     Davidson diagonalization with overlap
     ethr =  8.79E-08,  avg # of iterations =  1.1

     negative rho (up, down):  0.000E+00 7.288E-05

     total cpu time spent up to now is       67.4 secs

     total energy              =    -354.95530680 Ry
     estimated scf accuracy    <       0.00003440 Ry

     total magnetization       =     3.21 Bohr mag/cell
     absolute magnetization    =     3.51 Bohr mag/cell

     iteration # 19     ecut=    64.00 Ry     beta= 0.10
     Davidson diagonalization with overlap
     ethr =  8.79E-08,  avg # of iterations =  1.4

     negative rho (up, down):  0.000E+00 7.318E-05

     total cpu time spent up to now is       70.9 secs

     total energy              =    -354.95533112 Ry
     estimated scf accuracy    <       0.00000028 Ry

     total magnetization       =     3.21 Bohr mag/cell
     absolute magnetization    =     3.50 Bohr mag/cell

     iteration # 20     ecut=    64.00 Ry     beta= 0.10
     Davidson diagonalization with overlap
     ethr =  1.06E-09,  avg # of iterations =  5.9

     negative rho (up, down):  0.000E+00 7.332E-05

     total cpu time spent up to now is       76.6 secs

     total energy              =    -354.95534665 Ry
     estimated scf accuracy    <       0.00000017 Ry

     total magnetization       =     3.21 Bohr mag/cell
     absolute magnetization    =     3.50 Bohr mag/cell

     iteration # 21     ecut=    64.00 Ry     beta= 0.10
     Davidson diagonalization with overlap
     ethr =  6.35E-10,  avg # of iterations =  1.2

     negative rho (up, down):  0.000E+00 7.365E-05

     total cpu time spent up to now is       80.0 secs

     total energy              =    -354.95535790 Ry
     estimated scf accuracy    <       0.00000009 Ry

     total magnetization       =     3.21 Bohr mag/cell
     absolute magnetization    =     3.50 Bohr mag/cell

     iteration # 22     ecut=    64.00 Ry     beta= 0.10
     Davidson diagonalization with overlap
     ethr =  3.31E-10,  avg # of iterations =  2.2

     negative rho (up, down):  0.000E+00 7.375E-05

     total cpu time spent up to now is       83.9 secs

     total energy              =    -354.95536806 Ry
     estimated scf accuracy    <       0.00000002 Ry

     total magnetization       =     3.21 Bohr mag/cell
     absolute magnetization    =     3.50 Bohr mag/cell

     iteration # 23     ecut=    64.00 Ry     beta= 0.10
     Davidson diagonalization with overlap
     ethr =  8.33E-11,  avg # of iterations =  3.2

     negative rho (up, down):  0.000E+00 7.481E-05
 
     Magnetic moment per site  (integrated on atomic sphere of radius R)
     atom   1 (R=0.413)  charge= 14.4654  magn=  2.6432
     atom   2 (R=0.413)  charge=  8.7842  magn=  0.6574

     total cpu time spent up to now is       88.0 secs

     End of self-consistent calculation

     Number of k-points >= 100: set verbosity='high' to print the bands.

     the Fermi energy is    15.9314 ev

!    total energy              =    -354.95541146 Ry
     estimated scf accuracy    <          3.9E-09 Ry
     smearing contrib. (-TS)   =       0.00012697 Ry
     internal energy E=F+TS    =    -354.95553843 Ry

     The total energy is F=E-TS. E is the sum of the following terms:
     one-electron contribution =    -132.62700247 Ry
     hartree contribution      =      90.81473412 Ry
     xc contribution           =     -76.60970516 Ry
     ewald contribution        =    -236.53356493 Ry

     total magnetization       =     3.21 Bohr mag/cell
     absolute magnetization    =     3.50 Bohr mag/cell

     convergence has been achieved in  23 iterations

     negative rho (up, down):  0.000E+00 7.481E-05

     Forces acting on atoms (cartesian axes, Ry/au):

     atom    1 type  1   force =     0.00000000    0.00000000    0.00000000
     atom    2 type  2   force =     0.00000000    0.00000000    0.00000000

     Total force =     0.000000     Total SCF correction =     0.000000


     Computing stress (Cartesian axis) and pressure


     negative rho (up, down):  0.000E+00 7.481E-05
          total   stress  (Ry/bohr**3)                   (kbar)     P=        2.82
   0.00001863   0.00000000   0.00000000            2.74        0.00        0.00
   0.00000000   0.00001863   0.00000000            0.00        2.74        0.00
   0.00000000   0.00000000   0.00002024            0.00        0.00        2.98


     Writing all to output data dir ./work/pwscf.save/
 
     init_run     :      1.07s CPU      1.17s WALL (       1 calls)
     electrons    :     52.67s CPU     86.60s WALL (       1 calls)
     forces       :      0.23s CPU      0.23s WALL (       1 calls)
     stress       :      0.47s CPU      0.48s WALL (       1 calls)

     Called by init_run:
     wfcinit      :      0.94s CPU      1.02s WALL (       1 calls)
     potinit      :      0.02s CPU      0.02s WALL (       1 calls)
     hinit0       :      0.08s CPU      0.09s WALL (       1 calls)

     Called by electrons:
     c_bands      :     44.29s CPU     77.49s WALL (      23 calls)
     sum_band     :      7.84s CPU      8.47s WALL (      23 calls)
     v_of_rho     :      0.14s CPU      0.14s WALL (      24 calls)
     newd         :      0.37s CPU      0.37s WALL (      24 calls)
     mix_rho      :      0.03s CPU      0.03s WALL (      23 calls)

     Called by c_bands:
     init_us_2    :      0.49s CPU      0.57s WALL (   21168 calls)
     init_us_2:cp :      0.44s CPU      0.51s WALL (   21168 calls)
     cegterg      :     41.13s CPU     45.18s WALL (    9936 calls)

     Called by *egterg:
     cdiaghg      :      9.41s CPU      9.94s WALL (   30400 calls)
     h_psi        :     28.22s CPU     31.48s WALL (   30832 calls)
     s_psi        :      0.49s CPU      0.54s WALL (   30832 calls)
     g_psi        :      0.07s CPU      0.08s WALL (   20464 calls)

     Called by h_psi:
     h_psi:calbec :      1.20s CPU      1.32s WALL (   30832 calls)
     vloc_psi     :     26.21s CPU     29.28s WALL (   30832 calls)
     add_vuspsi   :      0.51s CPU      0.56s WALL (   30832 calls)

     General routines
     calbec       :      1.62s CPU      1.77s WALL (   42928 calls)
     fft          :      0.09s CPU      0.10s WALL (     638 calls)
     ffts         :      0.01s CPU      0.01s WALL (      94 calls)
     fftw         :     29.57s CPU     32.89s WALL (  940862 calls)
     interpolate  :      0.01s CPU      0.01s WALL (      48 calls)
 
     Parallel routines
 
     PWSCF        :     55.47s CPU   1m32.04s WALL

 
   This run was terminated on:  18:46:34  18Jul2023            

=------------------------------------------------------------------------------=
   JOB DONE.
=------------------------------------------------------------------------------=
