  Reading pwscf_sym.dat
  num of symmetry ops.: 8
  num of irr. k-points: 100
  Reading IBZ mmn file
  Reading amn file
  symmetrize Gk diff1 =     9.62805e-06
   0-th band diff =     4.05735e-10
   1-th band diff =     4.63831e-10
   2-th band diff =     2.44926e-10
   3-th band diff =     2.08368e-10
   4-th band diff =     2.29743e-10
   5-th band diff =     2.32021e-10
   6-th band diff =     2.14544e-10
   7-th band diff =     2.02904e-10
   8-th band diff =     2.37657e-10
   9-th band diff =     2.65984e-10
  10-th band diff =     2.36241e-10
  11-th band diff =     2.40529e-10
  12-th band diff =     2.72658e-10
  13-th band diff =     2.25555e-10
  14-th band diff =     2.30177e-10
  15-th band diff =     2.21367e-10
  16-th band diff =     2.01505e-10
  17-th band diff =     2.01343e-10
  18-th band diff =     2.46575e-10
  19-th band diff =     2.12004e-10
  20-th band diff =     1.10409e-10
  21-th band diff =     1.44595e-10
  22-th band diff =     2.89573e-10
  23-th band diff =     2.60843e-10
  24-th band diff =     4.18028e-10
  25-th band diff =     5.76193e-10
  26-th band diff =     2.88223e-10
  27-th band diff =     3.36960e-10
  28-th band diff =     3.41763e-10
  29-th band diff =     3.40151e-10
  30-th band diff =     2.95401e-10
  31-th band diff =     3.35405e-10
  32-th band diff =     5.23863e-10
  33-th band diff =     8.17811e-10
  34-th band diff =     9.02307e-10
  35-th band diff =     6.07070e-10
  36-th band diff =     8.07405e-10
  37-th band diff =     5.45658e-10
  38-th band diff =     4.78901e-10
  39-th band diff =     4.36378e-10
  40-th band diff =     6.78556e-10
  41-th band diff =     4.88192e-10
  42-th band diff =     5.51152e-10
  43-th band diff =     4.26541e-10
  44-th band diff =     9.83011e-10
  45-th band diff =     7.04702e-10
  46-th band diff =     9.07302e-10
  47-th band diff =     5.24381e-10
  48-th band diff =     1.11537e-09
  49-th band diff =     1.18411e-09
  50-th band diff =     1.36387e-09
  51-th band diff =     9.48728e-10
  52-th band diff =     1.93357e-09
  53-th band diff =     1.59894e-09
  54-th band diff =     2.08103e-09
  55-th band diff =     1.69781e-09
  56-th band diff =     1.47561e-09
  57-th band diff =     1.34202e-09
  58-th band diff =     3.17946e-09
  59-th band diff =     2.27051e-09
  60-th band diff =     3.61059e-09
  61-th band diff =     2.43044e-09
  62-th band diff =     3.28296e-09
  63-th band diff =     2.89053e-09
  64-th band diff =     3.38082e-09
  65-th band diff =     3.53165e-09
  66-th band diff =     4.36884e-09
  67-th band diff =     4.32578e-09
  68-th band diff =     4.37097e-09
  69-th band diff =     4.26163e-09
  70-th band diff =     4.47287e-09
  71-th band diff =     6.12255e-09
  72-th band diff =     5.52176e-09
  73-th band diff =     6.72973e-09
  74-th band diff =     8.14803e-09
  75-th band diff =     7.81974e-09
  76-th band diff =     1.14384e-08
  77-th band diff =     7.34415e-09
  78-th band diff =     1.28730e-08
  79-th band diff =     1.22880e-08
  80-th band diff =     2.07723e-08
  81-th band diff =     2.13224e-08
  82-th band diff =     3.54113e-08
  83-th band diff =     3.13914e-08
  84-th band diff =     4.77880e-08
  85-th band diff =     5.80519e-08
  86-th band diff =     1.37238e-07
  87-th band diff =     2.24286e-07
  88-th band diff =     6.23369e-07
  89-th band diff =     8.26990e-06
  symmetrize Gk diff1 =     3.53963e-13
   0-th band diff =     3.42920e-15
   1-th band diff =     3.35771e-15
   2-th band diff =     3.25458e-15
   3-th band diff =     3.01380e-15
   4-th band diff =     2.90987e-15
   5-th band diff =     2.98350e-15
   6-th band diff =     2.85379e-15
   7-th band diff =     3.05972e-15
   8-th band diff =     3.05974e-15
   9-th band diff =     2.98976e-15
  10-th band diff =     2.86902e-15
  11-th band diff =     2.97157e-15
  12-th band diff =     3.02355e-15
  13-th band diff =     3.01198e-15
  14-th band diff =     3.26738e-15
  15-th band diff =     4.99672e-15
  16-th band diff =     5.05585e-15
  17-th band diff =     3.28783e-15
  18-th band diff =     2.97932e-15
  19-th band diff =     3.19490e-15
  20-th band diff =     3.28079e-15
  21-th band diff =     3.22348e-15
  22-th band diff =     3.85307e-15
  23-th band diff =     3.86160e-15
  24-th band diff =     3.61651e-15
  25-th band diff =     3.64390e-15
  26-th band diff =     4.74861e-15
  27-th band diff =     4.76673e-15
  28-th band diff =     3.85124e-15
  29-th band diff =     3.61902e-15
  30-th band diff =     2.95785e-15
  31-th band diff =     3.00187e-15
  32-th band diff =     2.86253e-15
  33-th band diff =     2.57614e-15
  34-th band diff =     2.48976e-15
  35-th band diff =     2.56049e-15
  36-th band diff =     2.72759e-15
  37-th band diff =     2.75540e-15
  38-th band diff =     2.44775e-15
  39-th band diff =     2.46865e-15
  40-th band diff =     2.15826e-15
  41-th band diff =     2.14854e-15
  42-th band diff =     1.56309e-15
  43-th band diff =     1.78503e-15
  44-th band diff =     1.47929e-15
  45-th band diff =     1.38015e-15
  46-th band diff =     1.25011e-15
  47-th band diff =     1.21919e-15
  48-th band diff =     1.37254e-15
  49-th band diff =     1.37288e-15
  50-th band diff =     1.54857e-15
  51-th band diff =     1.43732e-15
  52-th band diff =     2.07200e-15
  53-th band diff =     2.08840e-15
  54-th band diff =     1.64272e-15
  55-th band diff =     1.66902e-15
  56-th band diff =     1.36076e-15
  57-th band diff =     1.30427e-15
  58-th band diff =     1.35344e-15
  59-th band diff =     1.31907e-15
  60-th band diff =     1.13968e-15
  61-th band diff =     1.19546e-15
  62-th band diff =     1.39047e-15
  63-th band diff =     1.35128e-15
  64-th band diff =     1.03317e-15
  65-th band diff =     1.06929e-15
  66-th band diff =     1.01128e-15
  67-th band diff =     1.02134e-15
  68-th band diff =     9.25532e-16
  69-th band diff =     1.02633e-15
  70-th band diff =     1.21473e-15
  71-th band diff =     1.29631e-15
  72-th band diff =     8.14647e-16
  73-th band diff =     8.63332e-16
  74-th band diff =     8.08792e-16
  75-th band diff =     8.02089e-16
  76-th band diff =     1.03174e-15
  77-th band diff =     1.13141e-15
  78-th band diff =     8.62262e-16
  79-th band diff =     8.68016e-16
  80-th band diff =     7.97904e-16
  81-th band diff =     8.08276e-16
  82-th band diff =     8.47988e-16
  83-th band diff =     1.11513e-15
  84-th band diff =     2.19050e-15
  85-th band diff =     7.88221e-16
  86-th band diff =     1.26742e-13
  87-th band diff =     2.66916e-14
  88-th band diff =     8.94807e-15
  89-th band diff =     1.76826e-15
  symmetrize expand diff =     5.42718e-13
    0     21.74412697     20.42316948     6.46794e-02    104.509987
    1     20.92488517     20.01409723     4.55073e-02    110.841619
    2     20.41557688     19.71678295     3.54416e-02    117.181727
    3     20.02250150     19.48026128     2.78354e-02    123.519631
    4     19.71550670     19.28586458     2.22776e-02    129.857183
    5     19.47072271     19.12256440     1.82067e-02    136.199611
    6     19.27123609     18.98311976     1.51775e-02    142.536065
    7     19.10535847     18.86251899     1.28742e-02    148.876915
    8     18.96500415     18.75715320     1.10812e-02    155.213098
    9     18.84450533     18.66433694     9.65308e-03    161.551795
   10     18.73980957     18.58201606     8.49173e-03    167.889113
   11     18.64795158     18.50858232     7.52998e-03    174.232321
   12     18.56670853     18.44275161     6.72117e-03    180.627878
   13     18.49437448     18.38348158     6.03220e-03    186.966052
   14     18.42961139     18.32991410     5.43905e-03    193.308296
   15     18.37134913     18.28133427     4.92387e-03    199.645216
   16     18.31871720     18.23714041     4.47311e-03    205.988189
   17     18.27099712     18.19682166     4.07629e-03    212.358902
   18     18.22758844     18.15994101     3.72509e-03    218.719930
   19     18.18798414     18.12612211     3.41287e-03    225.078142
   20     18.15175217     18.09503900     3.13418e-03    231.418685
   21     18.11852160     18.06640791     2.88456e-03    237.758987
   22     18.08797189     18.03998070     2.66027e-03    244.102209
   23     18.05982445     18.01553948     2.45815e-03    250.445699
   24     18.03383594     17.99289226     2.27555e-03    256.786420
   25     18.00979292     17.97186926     2.11017e-03    263.126450
   26     17.98750740     17.95231994     1.96005e-03    269.469712
   27     17.96681328     17.93411045     1.82350e-03    275.811025
   28     17.94756328     17.91712143     1.69904e-03    282.161911
   29     17.92962650     17.90124625     1.58538e-03    288.599226
   30     17.91288624     17.88638939     1.48140e-03    294.932863
   31     17.89723822     17.87246515     1.38610e-03    301.289836
   32     17.88258905     17.85939646     1.29862e-03    307.627853
   33     17.86885495     17.84711389     1.21818e-03    313.964901
   34     17.85596055     17.83555479     1.14411e-03    320.296004
   35     17.84383795     17.82466255     1.07578e-03    326.633341
   36     17.83242589     17.81438588     1.01267e-03    332.971569
   37     17.82166898     17.80467829     9.54282e-04    339.327350
   38     17.81151705     17.79549757     9.00198e-04    345.659436
   39     17.80192461     17.78680532     8.50028e-04    351.994920
   40     17.79285034     17.77856656     8.03427e-04    358.329112
   41     17.78425665     17.77074939     7.60083e-04    364.663950
   42     17.77610929     17.76332470     7.19718e-04    370.995446
   43     17.76837703     17.75626583     6.82080e-04    377.329190
   44     17.76103133     17.74954840     6.46942e-04    383.671831
   45     17.75404609     17.74315005     6.14098e-04    390.008471
   46     17.74739739     17.73705024     5.83364e-04    396.346570
   47     17.74106332     17.73123010     5.54571e-04    402.680712
   48     17.73502374     17.72567227     5.27566e-04    409.064078
   49     17.72926013     17.72036075     5.02212e-04    415.397830
   50     17.72375545     17.71528077     4.78383e-04    421.732851
   51     17.71849400     17.71041870     4.55963e-04    428.122664
   52     17.71346127     17.70576193     4.34849e-04    434.475623
   53     17.70864388     17.70129879     4.14946e-04    440.865473
   54     17.70402942     17.69701847     3.96166e-04    447.220210
   55     17.69960644     17.69291091     3.78430e-04    453.613444
   56     17.69536428     17.68896680     3.61665e-04    460.011664
   57     17.69129308     17.68517746     3.45805e-04    466.432601
   58     17.68738365     17.68153481     3.30788e-04    472.791570
   59     17.68362746     17.67803132     3.16559e-04    479.182825
   60     17.68001654     17.67465998     3.03064e-04    485.558510
   61     17.67654348     17.67141422     2.90258e-04    491.955701
   62     17.67320136     17.66828790     2.78095e-04    498.313587
   63     17.66998371     17.66527527     2.66536e-04    504.704360
   64     17.66688447     17.66237096     2.55544e-04    511.058836
   65     17.66389798     17.65956992     2.45083e-04    517.450101
   66     17.66101892     17.65686740     2.35122e-04    523.870268
   67     17.65824230     17.65425894     2.25632e-04    530.259255
   68     17.65556345     17.65174036     2.16584e-04    536.613287
   69     17.65297794     17.64930771     2.07953e-04    543.008303
   70     17.65048165     17.64695726     1.99717e-04    549.366067
   71     17.64807066     17.64468549     1.91852e-04    555.757393
   72     17.64574129     17.64248910     1.84338e-04    562.115683
   73     17.64349006     17.64036495     1.77157e-04    568.507363
   74     17.64131370     17.63831007     1.70290e-04    574.862574
   75     17.63920908     17.63632165     1.63721e-04    581.198553
   76     17.63717329     17.63439703     1.57434e-04    587.667286
   77     17.63520352     17.63253369     1.51415e-04    594.002145
   78     17.63329714     17.63072923     1.45650e-04    600.337739
   79     17.63145166     17.62898137     1.40126e-04    606.673096
   80     17.62966468     17.62728796     1.34832e-04    613.013202
   81     17.62793396     17.62564693     1.29756e-04    619.348442
   82     17.62625734     17.62405633     1.24887e-04    625.686105
   83     17.62463279     17.62251428     1.20216e-04    632.080908
   84     17.62305835     17.62101901     1.15733e-04    638.417518
   85     17.62153217     17.61956882     1.11430e-04    644.752770
   86     17.62005249     17.61816209     1.07298e-04    651.091840
   87     17.61861761     17.61679727     1.03329e-04    657.428270
   88     17.61722592     17.61547289     9.95168e-05    663.777817
   89     17.61587589     17.61418752     9.58530e-05    670.117016
   90     17.61456605     17.61293982     9.23316e-05    676.452835
   91     17.61329498     17.61172848     8.89462e-05    682.789608
   92     17.61206134     17.61055227     8.56909e-05    689.134346
   93     17.61086384     17.60941000     8.25602e-05    695.474108
   94     17.60970124     17.60830053     7.95486e-05    701.810632
   95     17.60857237     17.60722276     7.66512e-05    708.156182
   96     17.60747609     17.60617564     7.38630e-05    714.493338
   97     17.60641130     17.60515817     7.11796e-05    720.827284
   98     17.60537696     17.60416937     6.85966e-05    727.171702
   99     17.60437207     17.60320832     6.61098e-05    733.510988
  100     17.60339566     17.60227413     6.37153e-05    739.848902
  101     17.60244681     17.60136592     6.14095e-05    746.184957
  102     17.60152462     17.60048287     5.91886e-05    752.580272
  103     17.60062824     17.59962420     5.70493e-05    758.975018
  104     17.59975685     17.59878912     5.49884e-05    765.315299
  105     17.59890965     17.59797690     5.30028e-05    771.648128
  106     17.59808587     17.59718684     5.10894e-05    777.983553
  107     17.59728478     17.59641823     4.92456e-05    784.320909
  108     17.59650567     17.59567043     4.74685e-05    790.661312
  109     17.59574786     17.59494280     4.57555e-05    796.996137
  110     17.59501069     17.59423471     4.41043e-05    803.329097
  111     17.59429353     17.59354558     4.25125e-05    809.667269
  112     17.59359575     17.59287483     4.09778e-05    816.004583
  113     17.59291678     17.59222192     3.94980e-05    822.339970
  114     17.59225603     17.59158630     3.80710e-05    828.675687
  115     17.59161297     17.59096747     3.66950e-05    835.010665
  116     17.59098705     17.59036492     3.53679e-05    841.349663
  117     17.59037777     17.58977817     3.40879e-05    847.683229
  118     17.58978463     17.58920676     3.28534e-05    854.026606
  119     17.58920714     17.58865024     3.16625e-05    860.360401
  120     17.58864485     17.58810817     3.05138e-05    866.692988
  121     17.58809731     17.58758014     2.94056e-05    873.035365
  122     17.58756409     17.58706573     2.83365e-05    879.404432
  123     17.58704476     17.58656456     2.73050e-05    885.739443
  124     17.58653893     17.58607624     2.63098e-05    892.089276
  125     17.58604620     17.58560041     2.53496e-05    898.431491
  126     17.58556619     17.58513671     2.44231e-05    904.766074
  127     17.58509854     17.58468479     2.35290e-05    911.097546
  128     17.58464289     17.58424432     2.26663e-05    917.432242
  129     17.58419890     17.58381498     2.18338e-05    923.779015
  130     17.58376623     17.58339645     2.10304e-05    930.118236
  131     17.58334457     17.58298843     2.02550e-05    936.455924
  132     17.58293361     17.58259063     1.95068e-05    942.796917
  133     17.58253303     17.58220275     1.87846e-05    949.137918
  134     17.58214255     17.58182454     1.80876e-05    955.481878
  135     17.58176189     17.58145571     1.74150e-05    961.865140
  136     17.58139077     17.58109601     1.67657e-05    968.200161
  137     17.58102893     17.58074519     1.61391e-05    974.536125
  138     17.58067610     17.58040300     1.55343e-05    980.874343
  139     17.58033204     17.58006921     1.49506e-05    987.210509
  140     17.57999651     17.57974359     1.43872e-05    993.580236
  141     17.57966927     17.57942591     1.38433e-05    999.915709
  142     17.57935009     17.57911596     1.33184e-05   1006.261409
  143     17.57903876     17.57881354     1.28118e-05   1012.599289
  144     17.57873505     17.57851843     1.23228e-05   1018.938225
  145     17.57843877     17.57823045     1.18508e-05   1025.273471
  146     17.57814970     17.57794940     1.13952e-05   1031.603362
  147     17.57786766     17.57767509     1.09555e-05   1037.934774
  148     17.57759246     17.57740735     1.05311e-05   1044.263127
  149     17.57732390     17.57714600     1.01215e-05   1050.590899
  150     17.57706182     17.57689087     9.72611e-06   1056.919672
  151     17.57680604     17.57664180     9.34451e-06   1063.306591
  152     17.57655639     17.57639862     8.97622e-06   1069.638134
  153     17.57631271     17.57616119     8.62078e-06   1075.965997
  154     17.57607484     17.57592935     8.27773e-06   1082.351302
  155     17.57584262     17.57570295     7.94666e-06   1088.684713
  156     17.57561591     17.57548186     7.62716e-06   1095.012895
  157     17.57539457     17.57526594     7.31882e-06   1101.348598
  158     17.57517844     17.57505504     7.02127e-06   1107.683974
  159     17.57496740     17.57484904     6.73414e-06   1114.016670
  160     17.57476130     17.57464782     6.45707e-06   1120.382584
  161     17.57456003     17.57445125     6.18972e-06   1126.710382
  162     17.57436346     17.57425922     5.93175e-06   1133.043939
  163     17.57417146     17.57407159     5.68285e-06   1139.378876
  164     17.57398392     17.57388827     5.44271e-06   1145.708087
  165     17.57380073     17.57370915     5.21103e-06   1152.045778
  166     17.57362176     17.57353411     4.98751e-06   1158.378767
  167     17.57344691     17.57336305     4.77189e-06   1164.713154
  168     17.57327608     17.57319588     4.56390e-06   1171.049062
  169     17.57310916     17.57303249     4.36327e-06   1177.383662
  170     17.57294606     17.57287278     4.16975e-06   1183.729102
  171     17.57278667     17.57271668     3.98311e-06   1190.064749
  172     17.57263091     17.57256408     3.80311e-06   1196.430506
  173     17.57247868     17.57241490     3.62952e-06   1202.877707
  174     17.57232989     17.57226905     3.46213e-06   1209.232841
  175     17.57218446     17.57212645     3.30073e-06   1215.619328
  176     17.57204229     17.57198703     3.14511e-06   1221.975588
  177     17.57190332     17.57185069     2.99508e-06   1228.378021
  178     17.57176746     17.57171737     2.85045e-06   1234.749590
  179     17.57163463     17.57158699     2.71103e-06   1241.139395
  180     17.57150476     17.57145948     2.57665e-06   1247.493099
  181     17.57137777     17.57133477     2.44714e-06   1253.880931
  182     17.57125359     17.57121279     2.32234e-06   1260.238051
  183     17.57113216     17.57109347     2.20207e-06   1266.624541
  184     17.57101341     17.57097675     2.08620e-06   1272.987452
  185     17.57089726     17.57086257     1.97456e-06   1279.377147
  186     17.57078366     17.57075086     1.86703e-06   1285.726037
  187     17.57067255     17.57064156     1.76345e-06   1292.109487
  188     17.57056386     17.57053462     1.66369e-06   1298.460056
  189     17.57045753     17.57042999     1.56763e-06   1304.843381
  190     17.57035351     17.57032759     1.47514e-06   1311.193096
  191     17.57025174     17.57022739     1.38610e-06   1317.586761
  192     17.57015218     17.57012933     1.30038e-06   1323.938217
  193     17.57005475     17.57003335     1.21789e-06   1330.332803
  194     17.56995942     17.56993942     1.13850e-06   1336.688229
  195     17.56986613     17.56984747     1.06212e-06   1343.078749
  196     17.56977484     17.56975747     9.88634e-07   1349.428014
  197     17.56968549     17.56966936     9.17952e-07   1355.769141
  198     17.56959804     17.56958311     8.49977e-07   1362.111063
  199     17.56951245     17.56949866     7.84616e-07   1368.482977
  init Umatrix and Mmn using Umatrix_opt
  symmetrize Gk diff1 =     4.20183e-06
   0-th band diff =     2.67414e-09
   1-th band diff =     4.17779e-09
   2-th band diff =     3.33688e-09
   3-th band diff =     4.59790e-09
   4-th band diff =     4.19906e-09
   5-th band diff =     6.01887e-09
   6-th band diff =     5.95266e-09
   7-th band diff =     4.17498e-09
   8-th band diff =     6.92631e-09
   9-th band diff =     7.86230e-09
  10-th band diff =     1.21670e-08
  11-th band diff =     1.89772e-08
  12-th band diff =     1.48731e-08
  13-th band diff =     9.02951e-09
  14-th band diff =     1.45310e-08
  15-th band diff =     1.22881e-08
  16-th band diff =     9.01778e-09
  17-th band diff =     2.20682e-08
  18-th band diff =     9.10446e-09
  19-th band diff =     8.11588e-09
  20-th band diff =     1.15173e-08
  21-th band diff =     1.40446e-08
  22-th band diff =     4.88349e-09
  23-th band diff =     4.84850e-09
  24-th band diff =     1.04780e-08
  25-th band diff =     1.68428e-08
  26-th band diff =     1.54213e-08
  27-th band diff =     1.96428e-08
  28-th band diff =     2.34152e-08
  29-th band diff =     2.31558e-08
  30-th band diff =     3.14699e-08
  31-th band diff =     4.01038e-08
  32-th band diff =     6.67436e-08
  33-th band diff =     5.40627e-08
  34-th band diff =     2.21538e-08
  35-th band diff =     2.51098e-08
  36-th band diff =     2.07714e-08
  37-th band diff =     3.15782e-08
  38-th band diff =     5.73229e-08
  39-th band diff =     4.45239e-08
  40-th band diff =     2.44372e-08
  41-th band diff =     3.72678e-08
  42-th band diff =     3.26993e-08
  43-th band diff =     3.13712e-08
  44-th band diff =     2.73809e-08
  45-th band diff =     4.07761e-08
  46-th band diff =     4.19448e-08
  47-th band diff =     3.84951e-08
  48-th band diff =     4.96718e-08
  49-th band diff =     4.07824e-08
  50-th band diff =     3.69964e-08
  51-th band diff =     3.17955e-08
  52-th band diff =     4.86900e-08
  53-th band diff =     4.32469e-08
  54-th band diff =     2.90550e-08
  55-th band diff =     2.79444e-08
  56-th band diff =     4.25320e-08
  57-th band diff =     3.57259e-08
  58-th band diff =     3.27111e-08
  59-th band diff =     2.77660e-08
  60-th band diff =     4.05413e-08
  61-th band diff =     3.06811e-08
  62-th band diff =     3.51309e-08
  63-th band diff =     3.11659e-08
  64-th band diff =     4.50116e-08
  65-th band diff =     3.48494e-08
  66-th band diff =     4.04958e-08
  67-th band diff =     5.23328e-08
  68-th band diff =     4.24162e-08
  69-th band diff =     4.70736e-08
  70-th band diff =     7.59700e-08
  71-th band diff =     5.25263e-08
  72-th band diff =     4.87837e-08
  73-th band diff =     4.67322e-08
  74-th band diff =     1.08255e-07
  75-th band diff =     1.31832e-07
  76-th band diff =     9.42213e-08
  77-th band diff =     8.26479e-08
  78-th band diff =     1.66835e-07
  79-th band diff =     8.54746e-08
  80-th band diff =     1.79826e-07
  81-th band diff =     9.07135e-08
  82-th band diff =     9.03781e-08
  83-th band diff =     1.00585e-07
  84-th band diff =     5.50929e-08
  85-th band diff =     5.76273e-08
  86-th band diff =     1.36191e-07
  87-th band diff =     7.83051e-08
  88-th band diff =     2.28452e-07
  89-th band diff =     4.52216e-07
  symmetrize expand diff =     1.62941e-06
  OmegaI  =   17.5694986648
  OmegaD  =    0.0000025902
  OmegaOD =   12.6799469456
! Initial:  omega_tot =     30.24944820    time:  1374.496773
  WF num,                    center in cartesian coords,    spread (A^2)
       1   (    -0.000000,    -0.000000,     0.000000 )       1.42503791
       2   (     0.000000,     0.000000,     0.000000 )       1.42503791
       3   (     0.000000,    -0.000000,     0.000000 )       1.40201851
       4   (    -0.000000,     0.000000,     0.000000 )       1.40201851
       5   (    -0.000000,    -0.000000,    -0.000000 )       1.36414541
       6   (     0.000000,     0.000000,    -0.000000 )       1.36414541
       7   (    -0.000000,     0.000000,     0.000000 )       1.36413238
       8   (    -0.000000,    -0.000000,     0.000000 )       1.36413238
       9   (     0.000000,     0.000000,    -0.000000 )       0.48763845
      10   (    -0.000000,    -0.000000,    -0.000000 )       0.48763845
      11   (    -0.000000,    -0.000000,     0.000000 )       0.48342319
      12   (     0.000000,     0.000000,     0.000000 )       0.48342319
      13   (    -0.000000,    -0.000000,     0.000000 )       0.48342415
      14   (     0.000000,     0.000000,     0.000000 )       0.48342415
      15   (    -0.000000,     0.000000,    -0.000000 )       0.47476797
      16   (     0.000000,    -0.000000,    -0.000000 )       0.47476797
      17   (    -0.000000,    -0.000000,     0.000000 )       0.49721521
      18   (     0.000000,     0.000000,     0.000000 )       0.49721521
      19   (     1.253306,     1.253306,     1.790658 )       1.31949737
      20   (     1.253306,     1.253306,     1.790658 )       1.31949736
      21   (     1.253306,     1.253306,     1.790658 )       1.26091297
      22   (     1.253306,     1.253306,     1.790658 )       1.26091297
      23   (     1.253306,     1.253305,     1.790658 )       1.26888785
      24   (     1.253306,     1.253306,     1.790658 )       1.26888785
      25   (     1.253306,     1.253306,     1.790658 )       1.26887959
      26   (     1.253306,     1.253306,     1.790658 )       1.26887959
      27   (     1.253306,     1.253306,     1.790658 )       0.41089440
      28   (     1.253306,     1.253306,     1.790658 )       0.41089440
      29   (     1.253306,     1.253306,     1.790658 )       0.40137085
      30   (     1.253306,     1.253306,     1.790658 )       0.40137085
      31   (     1.253306,     1.253306,     1.790658 )       0.40137045
      32   (     1.253306,     1.253306,     1.790658 )       0.40137045
      33   (     1.253306,     1.253306,     1.790658 )       0.40323609
      34   (     1.253306,     1.253306,     1.790658 )       0.40323609
      35   (     1.253306,     1.253306,     1.790658 )       0.40787135
      36   (     1.253306,     1.253306,     1.790658 )       0.40787135
! Final:    omega_tot =     30.24944820    time:  1374.497054
  symmetrize Gk diff1 =     3.62569e-06
   0-th band diff =     1.51230e-15
   1-th band diff =     1.49117e-15
   2-th band diff =     8.98207e-16
   3-th band diff =     6.78774e-16
   4-th band diff =     5.49017e-16
   5-th band diff =     4.88400e-16
   6-th band diff =     4.40096e-16
   7-th band diff =     4.10456e-16
   8-th band diff =     3.87432e-16
   9-th band diff =     4.30847e-16
  10-th band diff =     4.10931e-16
  11-th band diff =     3.86327e-16
  12-th band diff =     4.45235e-16
  13-th band diff =     4.69354e-16
  14-th band diff =     3.48835e-16
  15-th band diff =     3.47830e-16
  16-th band diff =     3.63545e-16
  17-th band diff =     3.67546e-16
  18-th band diff =     5.67452e-16
  19-th band diff =     5.38713e-16
  20-th band diff =     5.16403e-16
  21-th band diff =     5.51664e-16
  22-th band diff =     9.76864e-11
  23-th band diff =     6.75918e-10
  24-th band diff =     5.62701e-09
  25-th band diff =     1.18803e-08
  26-th band diff =     8.18401e-09
  27-th band diff =     1.52274e-08
  28-th band diff =     1.33519e-08
  29-th band diff =     1.42972e-08
  30-th band diff =     2.18499e-08
  31-th band diff =     2.54909e-08
  32-th band diff =     3.61723e-08
  33-th band diff =     2.98262e-08
  34-th band diff =     1.66419e-08
  35-th band diff =     2.15309e-08
  36-th band diff =     1.46785e-08
  37-th band diff =     2.24746e-08
  38-th band diff =     3.27634e-08
  39-th band diff =     2.13659e-08
  40-th band diff =     2.03747e-08
  41-th band diff =     2.68228e-08
  42-th band diff =     2.75862e-08
  43-th band diff =     2.42429e-08
  44-th band diff =     2.36430e-08
  45-th band diff =     3.59289e-08
  46-th band diff =     3.42044e-08
  47-th band diff =     3.21228e-08
  48-th band diff =     2.46268e-08
  49-th band diff =     2.45968e-08
  50-th band diff =     3.11738e-08
  51-th band diff =     2.77974e-08
  52-th band diff =     3.75357e-08
  53-th band diff =     3.42081e-08
  54-th band diff =     2.11165e-08
  55-th band diff =     2.51350e-08
  56-th band diff =     3.85501e-08
  57-th band diff =     3.19280e-08
  58-th band diff =     2.88176e-08
  59-th band diff =     2.60634e-08
  60-th band diff =     3.83877e-08
  61-th band diff =     2.83991e-08
  62-th band diff =     3.31630e-08
  63-th band diff =     2.92569e-08
  64-th band diff =     4.39223e-08
  65-th band diff =     3.39026e-08
  66-th band diff =     3.96075e-08
  67-th band diff =     5.01313e-08
  68-th band diff =     4.20860e-08
  69-th band diff =     4.57690e-08
  70-th band diff =     7.47277e-08
  71-th band diff =     5.08746e-08
  72-th band diff =     4.82618e-08
  73-th band diff =     4.57057e-08
  74-th band diff =     1.08300e-07
  75-th band diff =     1.30835e-07
  76-th band diff =     9.38641e-08
  77-th band diff =     8.15756e-08
  78-th band diff =     1.66619e-07
  79-th band diff =     8.44484e-08
  80-th band diff =     1.79833e-07
  81-th band diff =     9.03893e-08
  82-th band diff =     9.01902e-08
  83-th band diff =     1.00030e-07
  84-th band diff =     5.51727e-08
  85-th band diff =     5.77417e-08
  86-th band diff =     1.35731e-07
  87-th band diff =     7.78762e-08
  88-th band diff =     2.28539e-07
  89-th band diff =     4.51741e-07
  OmegaI  =   17.5694986650
  OmegaD  =    0.0000025905
  OmegaOD =   12.6799469452
  WF num,                    center in cartesian coords,    spread (A^2)
       1   (    -0.000000,    -0.000000,     0.000000 )       1.42503791
       2   (     0.000000,     0.000000,     0.000000 )       1.42503791
       3   (     0.000000,    -0.000000,     0.000000 )       1.40201851
       4   (    -0.000000,     0.000000,     0.000000 )       1.40201851
       5   (    -0.000000,    -0.000000,    -0.000000 )       1.36414541
       6   (     0.000000,     0.000000,    -0.000000 )       1.36414541
       7   (    -0.000000,     0.000000,     0.000000 )       1.36413238
       8   (    -0.000000,    -0.000000,     0.000000 )       1.36413238
       9   (     0.000000,     0.000000,    -0.000000 )       0.48763845
      10   (    -0.000000,    -0.000000,    -0.000000 )       0.48763845
      11   (    -0.000000,    -0.000000,     0.000000 )       0.48342319
      12   (     0.000000,     0.000000,     0.000000 )       0.48342319
      13   (    -0.000000,    -0.000000,     0.000000 )       0.48342415
      14   (     0.000000,     0.000000,     0.000000 )       0.48342415
      15   (    -0.000000,     0.000000,    -0.000000 )       0.47476797
      16   (     0.000000,    -0.000000,    -0.000000 )       0.47476797
      17   (    -0.000000,    -0.000000,     0.000000 )       0.49721521
      18   (     0.000000,     0.000000,     0.000000 )       0.49721521
      19   (     1.253306,     1.253306,     1.790658 )       1.31949737
      20   (     1.253306,     1.253306,     1.790658 )       1.31949736
      21   (     1.253306,     1.253306,     1.790658 )       1.26091297
      22   (     1.253306,     1.253306,     1.790658 )       1.26091297
      23   (     1.253306,     1.253305,     1.790658 )       1.26888785
      24   (     1.253306,     1.253306,     1.790658 )       1.26888785
      25   (     1.253306,     1.253306,     1.790658 )       1.26887959
      26   (     1.253306,     1.253306,     1.790658 )       1.26887959
      27   (     1.253306,     1.253306,     1.790658 )       0.41089440
      28   (     1.253306,     1.253306,     1.790658 )       0.41089440
      29   (     1.253306,     1.253306,     1.790658 )       0.40137085
      30   (     1.253306,     1.253306,     1.790658 )       0.40137085
      31   (     1.253306,     1.253306,     1.790658 )       0.40137045
      32   (     1.253306,     1.253306,     1.790658 )       0.40137045
      33   (     1.253306,     1.253306,     1.790658 )       0.40323609
      34   (     1.253306,     1.253306,     1.790658 )       0.40323609
      35   (     1.253306,     1.253306,     1.790658 )       0.40787135
      36   (     1.253306,     1.253306,     1.790658 )       0.40787135

 total time               :        23.22m
 sym read                 :         0.33m  (       19.88s for each call) 
 mmn read                 :         1.20m  (       71.71s for each call) 
 amn read                 :         0.03m  (        1.68s for each call) 
