  Reading pwscf_sym.dat
  num of symmetry ops.: 16
  num of irr. k-points: 60
  Reading IBZ mmn file
  Reading amn file
  symmetrize Gk diff1 =     3.79173e-05
   0-th band diff =     8.35555e-09
   1-th band diff =     1.19823e-08
   2-th band diff =     4.08317e-09
   3-th band diff =     2.41829e-09
   4-th band diff =     3.36070e-09
   5-th band diff =     3.38761e-09
   6-th band diff =     1.91027e-09
   7-th band diff =     1.72013e-09
   8-th band diff =     2.07388e-09
   9-th band diff =     2.87913e-09
  10-th band diff =     2.22765e-09
  11-th band diff =     3.01046e-09
  12-th band diff =     2.21877e-09
  13-th band diff =     1.36257e-09
  14-th band diff =     1.27754e-09
  15-th band diff =     3.70722e-09
  16-th band diff =     3.03010e-09
  17-th band diff =     1.39499e-09
  18-th band diff =     3.09368e-09
  19-th band diff =     2.54492e-09
  20-th band diff =     3.37623e-09
  21-th band diff =     3.70980e-09
  22-th band diff =     5.52615e-09
  23-th band diff =     5.24811e-09
  24-th band diff =     1.22025e-08
  25-th band diff =     1.52018e-08
  26-th band diff =     1.75261e-08
  27-th band diff =     1.40600e-08
  28-th band diff =     1.68034e-08
  29-th band diff =     2.14835e-08
  30-th band diff =     2.47971e-08
  31-th band diff =     3.86803e-08
  32-th band diff =     3.05075e-08
  33-th band diff =     3.42127e-08
  34-th band diff =     3.38688e-08
  35-th band diff =     3.39699e-08
  36-th band diff =     4.54005e-08
  37-th band diff =     3.93487e-08
  38-th band diff =     5.27421e-08
  39-th band diff =     7.06804e-08
  40-th band diff =     9.97138e-08
  41-th band diff =     7.57175e-08
  42-th band diff =     1.18157e-07
  43-th band diff =     1.07434e-07
  44-th band diff =     2.23037e-07
  45-th band diff =     2.53468e-07
  46-th band diff =     8.40029e-07
  47-th band diff =     1.39834e-06
  48-th band diff =     8.31252e-06
  49-th band diff =     2.59035e-05
  symmetrize Gk diff1 =     4.88819e-13
   0-th band diff =     4.84780e-15
   1-th band diff =     4.94314e-15
   2-th band diff =     4.06197e-15
   3-th band diff =     4.47741e-15
   4-th band diff =     1.03934e-14
   5-th band diff =     4.36341e-15
   6-th band diff =     3.73581e-15
   7-th band diff =     1.08500e-14
   8-th band diff =     3.87540e-15
   9-th band diff =     7.15393e-15
  10-th band diff =     4.14130e-15
  11-th band diff =     3.60716e-15
  12-th band diff =     3.94766e-15
  13-th band diff =     1.37430e-14
  14-th band diff =     3.43087e-15
  15-th band diff =     3.48503e-15
  16-th band diff =     3.62351e-15
  17-th band diff =     3.49453e-15
  18-th band diff =     3.69036e-15
  19-th band diff =     3.71098e-15
  20-th band diff =     3.75620e-15
  21-th band diff =     3.99481e-15
  22-th band diff =     4.51260e-15
  23-th band diff =     4.12686e-15
  24-th band diff =     1.39047e-14
  25-th band diff =     1.26322e-14
  26-th band diff =     4.91462e-15
  27-th band diff =     4.85376e-15
  28-th band diff =     1.09657e-14
  29-th band diff =     9.36277e-15
  30-th band diff =     3.83176e-15
  31-th band diff =     3.70747e-15
  32-th band diff =     3.96314e-15
  33-th band diff =     4.11139e-15
  34-th band diff =     3.86927e-15
  35-th band diff =     4.20273e-15
  36-th band diff =     3.40971e-15
  37-th band diff =     3.56370e-15
  38-th band diff =     3.56747e-15
  39-th band diff =     3.21994e-15
  40-th band diff =     8.38640e-15
  41-th band diff =     8.56231e-15
  42-th band diff =     2.33137e-15
  43-th band diff =     2.50839e-15
  44-th band diff =     1.69675e-14
  45-th band diff =     2.58096e-14
  46-th band diff =     5.26163e-15
  47-th band diff =     8.85303e-15
  48-th band diff =     9.71858e-15
  49-th band diff =     1.84372e-13
  symmetrize expand diff =     5.45484e-13
    0     31.32307972     28.77248716     8.86469e-02     80.232013
    1     29.88814562     28.11836748     6.29403e-02     82.602613
    2     28.93244155     27.69941940     4.45144e-02     85.028466
    3     28.26266046     27.39461005     3.16869e-02     87.456310
    4     27.78699977     27.16365444     2.29478e-02     89.888205
    5     27.44183748     26.98359254     1.69824e-02     92.313805
    6     27.18511579     26.83984956     1.28639e-02     94.740817
    7     26.98925938     26.72273536     9.97368e-03     97.167468
    8     26.83610364     26.62560202     7.90599e-03     99.599500
    9     26.71354816     26.54377377     6.39602e-03    101.967970
   10     26.61341017     26.47389170     5.27004e-03    104.341967
   11     26.53005990     26.41349751     4.41299e-03    106.711445
   12     26.45955217     26.36076116     3.74765e-03    109.079883
   13     26.39906981     26.31429855     3.22149e-03    111.448351
   14     26.34656315     26.27304700     2.79816e-03    113.817597
   15     26.30051344     26.23617877     2.45214e-03    116.186309
   16     26.25977523     26.20304016     2.16521e-03    118.561244
   17     26.22346985     26.17310800     1.92418e-03    120.931938
   18     26.19091232     26.14595826     1.71935e-03    123.305118
   19     26.16156039     26.12124305     1.54347e-03    125.674915
   20     26.13497858     26.09867371     1.39106e-03    128.046999
   21     26.11081232     26.07800810     1.25793e-03    130.420542
   22     26.08876929     26.05904111     1.14080e-03    132.789984
   23     26.06860560     26.04159734     1.03712e-03    135.158812
   24     26.05011557     26.02552559     9.44841e-04    137.528425
   25     26.03312400     26.01069444     8.62321e-04    139.903808
   26     26.01748029     25.99698891     7.88221e-04    142.271743
   27     26.00305395     25.98430776     7.21443e-04    144.640220
   28     25.98973103     25.97256131     6.61072e-04    147.015084
   29     25.97741139     25.96166974     6.06342e-04    149.380975
   30     25.96600647     25.95156168     5.56606e-04    151.748849
   31     25.95543758     25.94217303     5.11312e-04    154.117672
   32     25.94563441     25.93344604     4.69986e-04    156.501467
   33     25.93653390     25.92532850     4.32219e-04    158.871014
   34     25.92807930     25.91777304     3.97652e-04    161.239833
   35     25.92021929     25.91073661     3.65975e-04    163.608274
   36     25.91290743     25.90417998     3.36912e-04    165.978292
   37     25.90610147     25.89806732     3.10222e-04    168.347900
   38     25.89976296     25.89236585     2.85687e-04    170.716384
   39     25.89385680     25.88704550     2.63116e-04    173.082448
   40     25.88835089     25.88207871     2.42337e-04    175.450188
   41     25.88321582     25.87744010     2.23195e-04    177.818364
   42     25.87842461     25.87310634     2.05552e-04    180.186711
   43     25.87395246     25.86905593     1.89281e-04    182.560829
   44     25.86977656     25.86526901     1.74270e-04    184.927711
   45     25.86587590     25.86172728     1.60416e-04    187.294080
   46     25.86223110     25.85841378     1.47624e-04    189.662014
   47     25.85882427     25.85531287     1.35810e-04    192.037835
   48     25.85563889     25.85241003     1.24896e-04    194.410569
   49     25.85265967     25.84969184     1.14811e-04    196.785682
   50     25.84987247     25.84714584     1.05490e-04    199.162106
   51     25.84726421     25.84476049     9.68751e-05    201.535064
   52     25.84482273     25.84252506     8.89105e-05    203.919331
   53     25.84253679     25.84042959     8.15467e-05    206.293674
   54     25.84039596     25.83846484     7.47379e-05    208.670230
   55     25.83839052     25.83662221     6.84420e-05    211.043174
   56     25.83651149     25.83489370     6.26204e-05    213.427343
   57     25.83475049     25.83327186     5.72373e-05    215.811609
   58     25.83309975     25.83174978     5.22600e-05    218.199839
   59     25.83155202     25.83032099     4.76582e-05    220.573511
   60     25.83010058     25.82897950     4.34039e-05    222.951267
   61     25.82873916     25.82771970     3.94715e-05    225.331205
   62     25.82746192     25.82653637     3.58372e-05    227.714417
   63     25.82626342     25.82542464     3.24789e-05    230.090387
   64     25.82513859     25.82437996     2.93765e-05    232.464857
   65     25.82408271     25.82339811     2.65111e-05    234.831959
   66     25.82309138     25.82247511     2.38653e-05    237.205848
   67     25.82216046     25.82160728     2.14232e-05    239.576478
   68     25.82128614     25.82079116     1.91698e-05    241.943478
   69     25.82046483     25.82002353     1.70914e-05    244.324852
   70     25.81969318     25.81930137     1.51753e-05    246.692762
   71     25.81896807     25.81862185     1.34096e-05    249.067860
   72     25.81828658     25.81798236     1.17834e-05    251.441123
   73     25.81764599     25.81738042     1.02866e-05    253.812073
   74     25.81704374     25.81681372     8.90971e-06    256.181607
   75     25.81647744     25.81628010     7.64402e-06    258.548919
   76     25.81594488     25.81577755     6.48146e-06    260.914431
   77     25.81544395     25.81530417     5.41452e-06    263.281565
   78     25.81497272     25.81485820     4.43621e-06    265.655404
   79     25.81452935     25.81443796     3.54008e-06    268.025758
   80     25.81411213     25.81404191     2.72012e-06    270.393314
   81     25.81371946     25.81366859     1.97075e-06    272.769117
   82     25.81334985     25.81331663     1.28680e-06    275.142630
   83     25.81300188     25.81298476     6.63449e-07    277.512017
   84     25.81267424     25.81267176     9.62359e-08    279.879951
   85     25.81236571     25.81237652    -4.18991e-07    282.250496
   86     25.81207511     25.81209798    -8.86089e-07    284.617624
   87     25.81180137     25.81183515    -1.30864e-06    286.985615
   88     25.81154348     25.81158710    -1.68997e-06    289.353676
   89     25.81130047     25.81135295    -2.03318e-06    291.725310
   90     25.81107147     25.81113189    -2.34114e-06    294.100570
   91     25.81085562     25.81092315    -2.61652e-06    296.470829
   92     25.81065214     25.81072600    -2.86180e-06    298.840421
   93     25.81046029     25.81053977    -3.07930e-06    301.208814
   94     25.81027939     25.81036382    -3.27115e-06    303.577692
   95     25.81010878     25.81019755    -3.43936e-06    305.955640
   96     25.80994785     25.81004040    -3.58577e-06    308.329688
   97     25.80979603     25.80989184    -3.71210e-06    310.703266
   98     25.80965278     25.80975137    -3.81995e-06    313.071441
   99     25.80951759     25.80961852    -3.91081e-06    315.448750
  100     25.80938999     25.80949287    -3.98606e-06    317.904924
  101     25.80926954     25.80937399    -4.04697e-06    320.364528
  102     25.80915581     25.80926149    -4.09475e-06    322.829288
  103     25.80904842     25.80915502    -4.13049e-06    325.303830
  104     25.80894698     25.80905422    -4.15522e-06    327.767890
  105     25.80885116     25.80895878    -4.16989e-06    330.227477
  106     25.80876063     25.80886839    -4.17539e-06    332.692842
  107     25.80867507     25.80878276    -4.17253e-06    335.161740
  108     25.80859421     25.80870163    -4.16209e-06    337.543897
  109     25.80851777     25.80862474    -4.14475e-06    339.916869
  110     25.80844549     25.80855185    -4.12119e-06    342.286638
  111     25.80837713     25.80848274    -4.09199e-06    344.666767
  112     25.80831247     25.80841719    -4.05773e-06    347.049372
  113     25.80825129     25.80835502    -4.01891e-06    349.426417
  114     25.80819340     25.80829602    -3.97603e-06    351.802432
  115     25.80813861     25.80824003    -3.92953e-06    354.178657
  116     25.80808674     25.80818687    -3.87982e-06    356.553334
  117     25.80803762     25.80813639    -3.82727e-06    358.981738
  118     25.80799109     25.80808845    -3.77224e-06    361.410418
  119     25.80794701     25.80804289    -3.71505e-06    363.841392
  120     25.80790525     25.80799960    -3.65600e-06    366.270122
  121     25.80786566     25.80795845    -3.59537e-06    368.698499
  122     25.80782812     25.80791931    -3.53340e-06    371.126652
  123     25.80779253     25.80788209    -3.47034e-06    373.555494
  124     25.80775877     25.80784668    -3.40639e-06    375.983717
  125     25.80772673     25.80781297    -3.34175e-06    378.413251
  126     25.80769632     25.80778089    -3.27660e-06    380.842063
  127     25.80766746     25.80775033    -3.21110e-06    383.271484
  128     25.80764004     25.80772122    -3.14541e-06    385.703211
  129     25.80761400     25.80769348    -3.07967e-06    388.132396
  130     25.80758926     25.80766704    -3.01399e-06    390.560948
  131     25.80756574     25.80764183    -2.94850e-06    392.990197
  132     25.80754338     25.80761779    -2.88329e-06    395.422544
  133     25.80752210     25.80759484    -2.81846e-06    397.850890
  134     25.80750187     25.80757294    -2.75409e-06    400.284300
  135     25.80748260     25.80755203    -2.69027e-06    402.711573
  136     25.80746426     25.80753206    -2.62706e-06    405.140960
  137     25.80744680     25.80751298    -2.56451e-06    407.571221
  138     25.80743015     25.80749474    -2.50269e-06    409.999367
  139     25.80741429     25.80747730    -2.44165e-06    412.431358
  140     25.80739917     25.80746063    -2.38142e-06    414.859056
  141     25.80738474     25.80744467    -2.32205e-06    417.285040
  142     25.80737097     25.80742939    -2.26356e-06    419.710890
  143     25.80735783     25.80741476    -2.20599e-06    422.142706
  144     25.80734528     25.80740075    -2.14936e-06    424.572419
  145     25.80733329     25.80738733    -2.09368e-06    426.999391
  146     25.80732184     25.80737446    -2.03899e-06    429.426355
  147     25.80731088     25.80736211    -1.98528e-06    431.855730
  148     25.80730040     25.80735027    -1.93257e-06    434.281796
  149     25.80729037     25.80733891    -1.88087e-06    436.708893
  150     25.80728077     25.80732800    -1.83019e-06    439.141053
  151     25.80727157     25.80731752    -1.78052e-06    441.572873
  152     25.80726276     25.80730745    -1.73186e-06    444.000586
  153     25.80725431     25.80729778    -1.68422e-06    446.429344
  154     25.80724621     25.80728847    -1.63760e-06    448.856365
  155     25.80723844     25.80727952    -1.59198e-06    451.294351
  156     25.80723097     25.80727091    -1.54737e-06    453.735882
  157     25.80722381     25.80726262    -1.50376e-06    456.178719
  158     25.80721692     25.80725463    -1.46113e-06    458.605906
  159     25.80721030     25.80724694    -1.41948e-06    461.031811
  160     25.80720394     25.80723952    -1.37880e-06    463.459883
  161     25.80719781     25.80723237    -1.33907e-06    465.893111
  162     25.80719192     25.80722548    -1.30029e-06    468.320821
  163     25.80718624     25.80721882    -1.26245e-06    470.755213
  164     25.80718077     25.80721240    -1.22552e-06    473.192029
  165     25.80717550     25.80720620    -1.18950e-06    475.632837
  166     25.80717042     25.80720021    -1.15438e-06    478.060383
  167     25.80716551     25.80719442    -1.12013e-06    480.487319
  168     25.80716078     25.80718882    -1.08675e-06    482.913284
  169     25.80715620     25.80718341    -1.05421e-06    485.339283
  170     25.80715179     25.80717817    -1.02251e-06    487.771853
  171     25.80714752     25.80717311    -9.91625e-07    490.202316
  172     25.80714339     25.80716820    -9.61544e-07    492.629050
  173     25.80713939     25.80716345    -9.32251e-07    495.058749
  174     25.80713553     25.80715885    -9.03729e-07    497.489447
  175     25.80713178     25.80715439    -8.75964e-07    499.918095
  176     25.80712816     25.80715007    -8.48940e-07    502.343137
  177     25.80712465     25.80714588    -8.22641e-07    504.776991
  178     25.80712124     25.80714181    -7.97052e-07    507.206608
  179     25.80711793     25.80713786    -7.72157e-07    509.636588
  180     25.80711473     25.80713403    -7.47941e-07    512.065824
  181     25.80711162     25.80713031    -7.24389e-07    514.435182
  182     25.80710860     25.80712670    -7.01486e-07    516.809313
  183     25.80710566     25.80712319    -6.79218e-07    519.179147
  184     25.80710281     25.80711978    -6.57568e-07    521.548361
  185     25.80710004     25.80711646    -6.36524e-07    523.916080
  186     25.80709734     25.80711324    -6.16070e-07    526.291711
  187     25.80709472     25.80711010    -5.96192e-07    528.660355
  188     25.80709216     25.80710705    -5.76877e-07    531.029114
  189     25.80708968     25.80710408    -5.58111e-07    533.396672
  190     25.80708726     25.80710119    -5.39880e-07    535.770874
  191     25.80708490     25.80709837    -5.22171e-07    538.134973
  192     25.80708260     25.80709563    -5.04971e-07    540.511739
  193     25.80708036     25.80709296    -4.88267e-07    542.885365
  194     25.80707818     25.80709036    -4.72047e-07    545.255243
  195     25.80707605     25.80708782    -4.56298e-07    547.620958
  196     25.80707397     25.80708535    -4.41008e-07    550.002019
  197     25.80707194     25.80708294    -4.26165e-07    552.370551
  198     25.80706996     25.80708058    -4.11758e-07    554.744453
  199     25.80706802     25.80707829    -3.97774e-07    557.113633
  init Umatrix and Mmn using Umatrix_opt
  symmetrize Gk diff1 =     6.24082e-05
   0-th band diff =     2.54682e-07
   1-th band diff =     8.77719e-08
   2-th band diff =     3.22832e-07
   3-th band diff =     2.07640e-07
   4-th band diff =     3.29563e-07
   5-th band diff =     2.58116e-07
   6-th band diff =     3.66189e-07
   7-th band diff =     4.10059e-07
   8-th band diff =     4.42573e-07
   9-th band diff =     3.07535e-07
  10-th band diff =     2.37274e-07
  11-th band diff =     3.38567e-07
  12-th band diff =     2.47815e-07
  13-th band diff =     1.83399e-07
  14-th band diff =     1.50784e-07
  15-th band diff =     1.39570e-07
  16-th band diff =     1.69739e-07
  17-th band diff =     2.61145e-07
  18-th band diff =     1.86352e-07
  19-th band diff =     2.14589e-07
  20-th band diff =     2.80337e-07
  21-th band diff =     2.81905e-07
  22-th band diff =     1.93497e-07
  23-th band diff =     1.34619e-07
  24-th band diff =     9.79177e-07
  25-th band diff =     9.65570e-07
  26-th band diff =     8.15643e-07
  27-th band diff =     5.22207e-07
  28-th band diff =     1.31858e-06
  29-th band diff =     1.16756e-06
  30-th band diff =     1.82783e-06
  31-th band diff =     1.40754e-06
  32-th band diff =     2.41963e-06
  33-th band diff =     2.04023e-06
  34-th band diff =     1.68280e-06
  35-th band diff =     1.52196e-06
  36-th band diff =     2.50642e-06
  37-th band diff =     2.81052e-06
  38-th band diff =     1.94756e-06
  39-th band diff =     2.20412e-06
  40-th band diff =     3.41715e-06
  41-th band diff =     1.79190e-06
  42-th band diff =     2.56399e-06
  43-th band diff =     2.71489e-06
  44-th band diff =     2.73530e-06
  45-th band diff =     2.84510e-06
  46-th band diff =     2.19298e-06
  47-th band diff =     2.04360e-06
  48-th band diff =     2.65515e-06
  49-th band diff =     7.30421e-06
  symmetrize expand diff =     2.96902e-05
  OmegaI  =   25.8070783011
  OmegaD  =    0.0000000000
  OmegaOD =   17.8091592165
! Initial:  omega_tot =     43.61623752    time:   560.783502
  WF num,                    center in cartesian coords,    spread (A^2)
       1   (    -0.000000,     0.000000,    -0.000000 )       2.06111823
       2   (     0.000000,    -0.000000,    -0.000000 )       2.06111823
       3   (    -0.000000,     0.000000,     0.000000 )       2.34096595
       4   (     0.000000,    -0.000000,    -0.000000 )       2.34096594
       5   (     0.000000,     0.000000,     0.000000 )       2.37684444
       6   (    -0.000000,    -0.000000,     0.000000 )       2.37684444
       7   (    -0.000000,    -0.000000,    -0.000000 )       2.37684443
       8   (     0.000000,     0.000000,    -0.000000 )       2.37684443
       9   (     0.000000,    -0.000000,     0.000000 )       0.44491359
      10   (    -0.000000,     0.000000,     0.000000 )       0.44491359
      11   (    -0.000000,     0.000000,     0.000000 )       0.45901022
      12   (     0.000000,    -0.000000,     0.000000 )       0.45901022
      13   (    -0.000000,     0.000000,    -0.000000 )       0.45901022
      14   (     0.000000,    -0.000000,    -0.000000 )       0.45901022
      15   (     0.000000,    -0.000000,     0.000000 )       0.45530431
      16   (    -0.000000,     0.000000,    -0.000000 )       0.45530431
      17   (    -0.000000,     0.000000,     0.000000 )       0.46932731
      18   (     0.000000,    -0.000000,     0.000000 )       0.46932731
      19   (     1.253306,     1.253306,     1.790658 )       1.89746881
      20   (     1.253306,     1.253306,     1.790658 )       1.89746881
      21   (     1.253305,     1.253306,     1.790658 )       2.20569555
      22   (     1.253306,     1.253305,     1.790658 )       2.20569555
      23   (     1.253306,     1.253306,     1.790658 )       2.16448564
      24   (     1.253305,     1.253305,     1.790658 )       2.16448564
      25   (     1.253305,     1.253305,     1.790658 )       2.16448563
      26   (     1.253306,     1.253306,     1.790658 )       2.16448563
      27   (     1.253306,     1.253306,     1.790658 )       0.38827418
      28   (     1.253306,     1.253306,     1.790658 )       0.38827418
      29   (     1.253306,     1.253306,     1.790658 )       0.38714460
      30   (     1.253306,     1.253306,     1.790658 )       0.38714460
      31   (     1.253306,     1.253306,     1.790658 )       0.38714460
      32   (     1.253306,     1.253306,     1.790658 )       0.38714460
      33   (     1.253306,     1.253306,     1.790658 )       0.38556910
      34   (     1.253306,     1.253306,     1.790658 )       0.38556910
      35   (     1.253306,     1.253306,     1.790658 )       0.38451195
      36   (     1.253306,     1.253306,     1.790658 )       0.38451195
! Final:    omega_tot =     43.61623752    time:   560.783698
  symmetrize Gk diff1 =     5.05642e-05
   0-th band diff =     1.66434e-15
   1-th band diff =     1.65122e-15
   2-th band diff =     1.14569e-15
   3-th band diff =     9.71007e-16
   4-th band diff =     7.98630e-16
   5-th band diff =     7.69662e-16
   6-th band diff =     7.34815e-16
   7-th band diff =     7.24049e-16
   8-th band diff =     6.75356e-16
   9-th band diff =     7.08041e-16
  10-th band diff =     6.33960e-16
  11-th band diff =     6.42766e-16
  12-th band diff =     8.22403e-16
  13-th band diff =     7.30582e-16
  14-th band diff =     5.87097e-16
  15-th band diff =     6.58463e-16
  16-th band diff =     6.82230e-16
  17-th band diff =     6.35075e-16
  18-th band diff =     8.20024e-16
  19-th band diff =     7.56026e-16
  20-th band diff =     5.99989e-10
  21-th band diff =     3.36440e-09
  22-th band diff =     1.43046e-08
  23-th band diff =     2.34563e-08
  24-th band diff =     6.58088e-07
  25-th band diff =     3.87771e-07
  26-th band diff =     5.16410e-07
  27-th band diff =     3.29920e-07
  28-th band diff =     9.16144e-07
  29-th band diff =     9.45727e-07
  30-th band diff =     1.38842e-06
  31-th band diff =     1.17011e-06
  32-th band diff =     1.91132e-06
  33-th band diff =     1.82731e-06
  34-th band diff =     1.40173e-06
  35-th band diff =     1.35814e-06
  36-th band diff =     2.11821e-06
  37-th band diff =     2.49885e-06
  38-th band diff =     1.57589e-06
  39-th band diff =     1.69616e-06
  40-th band diff =     3.26802e-06
  41-th band diff =     1.51065e-06
  42-th band diff =     2.54987e-06
  43-th band diff =     2.68673e-06
  44-th band diff =     2.72236e-06
  45-th band diff =     2.83492e-06
  46-th band diff =     2.16885e-06
  47-th band diff =     2.02625e-06
  48-th band diff =     2.65498e-06
  49-th band diff =     7.39964e-06
  OmegaI  =   25.8070782998
  OmegaD  =    0.0000000000
  OmegaOD =   17.8091591802
  WF num,                    center in cartesian coords,    spread (A^2)
       1   (    -0.000000,     0.000000,    -0.000000 )       2.06111823
       2   (     0.000000,    -0.000000,    -0.000000 )       2.06111823
       3   (    -0.000000,     0.000000,     0.000000 )       2.34096595
       4   (     0.000000,    -0.000000,    -0.000000 )       2.34096594
       5   (     0.000000,     0.000000,     0.000000 )       2.37684444
       6   (    -0.000000,    -0.000000,     0.000000 )       2.37684444
       7   (    -0.000000,    -0.000000,    -0.000000 )       2.37684443
       8   (     0.000000,     0.000000,    -0.000000 )       2.37684443
       9   (     0.000000,    -0.000000,     0.000000 )       0.44491359
      10   (    -0.000000,     0.000000,     0.000000 )       0.44491359
      11   (    -0.000000,     0.000000,     0.000000 )       0.45901022
      12   (     0.000000,    -0.000000,     0.000000 )       0.45901022
      13   (    -0.000000,     0.000000,    -0.000000 )       0.45901022
      14   (     0.000000,    -0.000000,    -0.000000 )       0.45901022
      15   (     0.000000,    -0.000000,     0.000000 )       0.45530431
      16   (    -0.000000,     0.000000,    -0.000000 )       0.45530431
      17   (    -0.000000,     0.000000,     0.000000 )       0.46932731
      18   (     0.000000,    -0.000000,     0.000000 )       0.46932731
      19   (     1.253306,     1.253306,     1.790658 )       1.89746881
      20   (     1.253306,     1.253306,     1.790658 )       1.89746881
      21   (     1.253305,     1.253306,     1.790658 )       2.20569555
      22   (     1.253306,     1.253305,     1.790658 )       2.20569555
      23   (     1.253306,     1.253306,     1.790658 )       2.16448564
      24   (     1.253305,     1.253305,     1.790658 )       2.16448564
      25   (     1.253305,     1.253305,     1.790658 )       2.16448563
      26   (     1.253306,     1.253306,     1.790658 )       2.16448563
      27   (     1.253306,     1.253306,     1.790658 )       0.38827418
      28   (     1.253306,     1.253306,     1.790658 )       0.38827418
      29   (     1.253306,     1.253306,     1.790658 )       0.38714460
      30   (     1.253306,     1.253306,     1.790658 )       0.38714460
      31   (     1.253306,     1.253306,     1.790658 )       0.38714460
      32   (     1.253306,     1.253306,     1.790658 )       0.38714460
      33   (     1.253306,     1.253306,     1.790658 )       0.38556910
      34   (     1.253306,     1.253306,     1.790658 )       0.38556910
      35   (     1.253306,     1.253306,     1.790658 )       0.38451195
      36   (     1.253306,     1.253306,     1.790658 )       0.38451195

 total time               :         9.63m
 sym read                 :         0.30m  (       17.87s for each call) 
 mmn read                 :         0.95m  (       56.84s for each call) 
 amn read                 :         0.01m  (        0.79s for each call) 
