
     Program PWSCF v.7.0 starts on 23May2024 at 15: 8:22 

     This program is part of the open-source Quantum ESPRESSO suite
     for quantum simulation of materials; please cite
         "P. Giannozzi et al., J. Phys.:Condens. Matter 21 395502 (2009);
         "P. Giannozzi et al., J. Phys.:Condens. Matter 29 465901 (2017);
         "P. Giannozzi et al., J. Chem. Phys. 152 154105 (2020);
          URL http://www.quantum-espresso.org", 
     in publications or presentations arising from this work. More details at
     http://www.quantum-espresso.org/quote

     Parallel version (MPI), running on    22 processors

     MPI processes distributed on     1 nodes
     R & G space division:  proc/nbgrp/npool/nimage =      22
     188751 MiB available memory on the printing compute node when the environment starts
 
     Waiting for input...
     Reading input from standard input

     Current dimensions of program PWSCF are:
     Max number of different atomic species (ntypx) = 10
     Max number of k-points (npk) =  40000
     Max angular momentum in pseudopotentials (lmaxx) =  4

     Subspace diagonalization in iterative solution of the eigenvalue problem:
     a serial algorithm will be used

 
     Parallelization info
     --------------------
     sticks:   dense  smooth     PW     G-vecs:    dense   smooth      PW
     Min          74      24      8                 3184      596     102
     Max          75      25      9                 3189      601     104
     Sum        1649     545    177                70151    13173    2261
 
     Using Slab Decomposition
 


     bravais-lattice index     =            6
     lattice parameter (alat)  =       5.1554  a.u.
     unit-cell volume          =     189.8042 (a.u.)^3
     number of atoms/cell      =            2
     number of atomic types    =            2
     number of electrons       =        26.00
     number of Kohn-Sham states=           17
     kinetic-energy cutoff     =      64.0000  Ry
     charge density cutoff     =     782.0000  Ry
     scf convergence threshold =      1.0E-08
     mixing beta               =       0.1000
     number of iterations used =            8  plain     mixing
     Exchange-correlation= PBE
                           (   1   4   3   4   0   0   0)

     celldm(1)=   5.155443  celldm(2)=   0.000000  celldm(3)=   1.385185
     celldm(4)=   0.000000  celldm(5)=   0.000000  celldm(6)=   0.000000

     crystal axes: (cart. coord. in units of alat)
               a(1) = (   1.000000   0.000000   0.000000 )  
               a(2) = (   0.000000   1.000000   0.000000 )  
               a(3) = (   0.000000   0.000000   1.385185 )  

     reciprocal axes: (cart. coord. in units 2 pi/alat)
               b(1) = (  1.000000  0.000000  0.000000 )  
               b(2) = (  0.000000  1.000000  0.000000 )  
               b(3) = (  0.000000  0.000000  0.721925 )  


     PseudoPot. # 1 for Fe read from file:
     /home2/koretsune/PWSCF/pseudo_psl031/Fe.pbe-spn-rrkjus_psl.0.2.1.UPF
     MD5 check sum: ffcf0347a832ff25cbd6031c7d0b600f
     Pseudo is Ultrasoft + core correction, Zval = 16.0
     Generated using "atomic" code by A. Dal Corso  v.5.0.99 svn rev. 10869
     Using radial grid of 1191 points,  6 beta functions with: 
                l(1) =   0
                l(2) =   0
                l(3) =   1
                l(4) =   1
                l(5) =   2
                l(6) =   2
     Q(r) pseudized with 0 coefficients 


     PseudoPot. # 2 for Pt read from file:
     /home2/koretsune/PWSCF/pseudo_psl031/Pt.pbe-n-rrkjus_psl.0.1.UPF
     MD5 check sum: ce1107d01e17cc1780a3d2e71dd4890e
     Pseudo is Ultrasoft + core correction, Zval = 10.0
     Generated using "atomic" code by A. Dal Corso  v.5.0.99 svn rev. 10869
     Using radial grid of 1277 points,  6 beta functions with: 
                l(1) =   0
                l(2) =   0
                l(3) =   1
                l(4) =   1
                l(5) =   2
                l(6) =   2
     Q(r) pseudized with 0 coefficients 


     atomic species   valence    mass     pseudopotential
        Fe            16.00    55.84500     Fe( 1.00)
        Pt            10.00   195.08400     Pt( 1.00)

     Starting magnetic structure 
     atomic species   magnetization
        Fe           1.000
        Pt           1.000

     16 Sym. Ops., with inversion, found



   Cartesian axes

     site n.     atom                  positions (alat units)
         1           Fe  tau(   1) = (   0.0000000   0.0000000   0.0000000  )
         2           Pt  tau(   2) = (   0.5000000   0.5000000   0.6925927  )

     number of k points=   140  Methfessel-Paxton smearing, width (Ry)=  0.0100

     Number of k-points >= 100: set verbosity='high' to print them.

     Dense  grid:    70151 G-vectors     FFT dimensions: (  45,  45,  64)

     Smooth grid:    13173 G-vectors     FFT dimensions: (  27,  27,  40)

     Estimated max dynamical RAM per process >      22.80 MB

     Estimated total dynamical RAM >     501.60 MB

     Check: negative core charge=   -0.000005
     Generating pointlists ...
     new r_m :   0.4083 (alat units)  2.1049 (a.u.) for type    1
     new r_m :   0.4083 (alat units)  2.1049 (a.u.) for type    2

     Initial potential from superposition of free atoms

     starting charge      25.9994, renormalised to      26.0000
     Starting wfcs are   22 randomized atomic wfcs

     total cpu time spent up to now is        1.2 secs

     Self-consistent Calculation

     iteration #  1     ecut=    64.00 Ry     beta= 0.10
     Davidson diagonalization with overlap
     ethr =  1.00E-02,  avg # of iterations =  2.9

     negative rho (up, down):  0.000E+00 4.516E-05

     total cpu time spent up to now is        3.9 secs

     total energy              =    -323.49876844 Ry
     estimated scf accuracy    <       4.26972703 Ry

     total magnetization       =     6.30 Bohr mag/cell
     absolute magnetization    =     6.31 Bohr mag/cell

     iteration #  2     ecut=    64.00 Ry     beta= 0.10
     Davidson diagonalization with overlap
     ethr =  1.00E-02,  avg # of iterations =  1.1

     negative rho (up, down):  0.000E+00 9.324E-05

     total cpu time spent up to now is        6.2 secs

     total energy              =    -325.55684532 Ry
     estimated scf accuracy    <       3.38502274 Ry

     total magnetization       =     6.01 Bohr mag/cell
     absolute magnetization    =     6.01 Bohr mag/cell

     iteration #  3     ecut=    64.00 Ry     beta= 0.10
     Davidson diagonalization with overlap
     ethr =  1.00E-02,  avg # of iterations =  1.2

     negative rho (up, down):  0.000E+00 1.017E-04

     total cpu time spent up to now is        8.3 secs

     total energy              =    -326.07765856 Ry
     estimated scf accuracy    <       2.11203162 Ry

     total magnetization       =     4.93 Bohr mag/cell
     absolute magnetization    =     4.99 Bohr mag/cell

     iteration #  4     ecut=    64.00 Ry     beta= 0.10
     Davidson diagonalization with overlap
     ethr =  8.12E-03,  avg # of iterations =  1.0

     negative rho (up, down):  0.000E+00 1.839E-04

     total cpu time spent up to now is       10.5 secs

     total energy              =    -326.93843864 Ry
     estimated scf accuracy    <       0.97318456 Ry

     total magnetization       =     4.90 Bohr mag/cell
     absolute magnetization    =     4.95 Bohr mag/cell

     iteration #  5     ecut=    64.00 Ry     beta= 0.10
     Davidson diagonalization with overlap
     ethr =  3.74E-03,  avg # of iterations =  1.4

     negative rho (up, down):  0.000E+00 1.880E-04

     total cpu time spent up to now is       12.8 secs

     total energy              =    -327.12201085 Ry
     estimated scf accuracy    <       0.45803747 Ry

     total magnetization       =     3.34 Bohr mag/cell
     absolute magnetization    =     3.56 Bohr mag/cell

     iteration #  6     ecut=    64.00 Ry     beta= 0.10
     Davidson diagonalization with overlap
     ethr =  1.76E-03,  avg # of iterations =  1.1

     negative rho (up, down):  0.000E+00 1.607E-04

     total cpu time spent up to now is       14.9 secs

     total energy              =    -327.00469870 Ry
     estimated scf accuracy    <       0.52765937 Ry

     total magnetization       =     3.37 Bohr mag/cell
     absolute magnetization    =     3.56 Bohr mag/cell

     iteration #  7     ecut=    64.00 Ry     beta= 0.10
     Davidson diagonalization with overlap
     ethr =  1.76E-03,  avg # of iterations =  1.9

     negative rho (up, down):  0.000E+00 1.617E-04

     total cpu time spent up to now is       17.3 secs

     total energy              =    -327.07953841 Ry
     estimated scf accuracy    <       0.03183154 Ry

     total magnetization       =     3.43 Bohr mag/cell
     absolute magnetization    =     3.63 Bohr mag/cell

     iteration #  8     ecut=    64.00 Ry     beta= 0.10
     Davidson diagonalization with overlap
     ethr =  1.22E-04,  avg # of iterations =  2.0

     negative rho (up, down):  0.000E+00 1.588E-04

     total cpu time spent up to now is       19.7 secs

     total energy              =    -327.07964971 Ry
     estimated scf accuracy    <       0.02178738 Ry

     total magnetization       =     3.39 Bohr mag/cell
     absolute magnetization    =     3.59 Bohr mag/cell

     iteration #  9     ecut=    64.00 Ry     beta= 0.10
     Davidson diagonalization with overlap
     ethr =  8.38E-05,  avg # of iterations =  1.1

     negative rho (up, down):  0.000E+00 1.368E-04

     total cpu time spent up to now is       21.9 secs

     total energy              =    -327.07715236 Ry
     estimated scf accuracy    <       0.01127653 Ry

     total magnetization       =     3.35 Bohr mag/cell
     absolute magnetization    =     3.56 Bohr mag/cell

     iteration # 10     ecut=    64.00 Ry     beta= 0.10
     Davidson diagonalization with overlap
     ethr =  4.34E-05,  avg # of iterations =  2.2

     negative rho (up, down):  0.000E+00 1.306E-04

     total cpu time spent up to now is       24.4 secs

     total energy              =    -327.07708487 Ry
     estimated scf accuracy    <       0.00619542 Ry

     total magnetization       =     3.33 Bohr mag/cell
     absolute magnetization    =     3.53 Bohr mag/cell

     iteration # 11     ecut=    64.00 Ry     beta= 0.10
     Davidson diagonalization with overlap
     ethr =  2.38E-05,  avg # of iterations =  2.2

     negative rho (up, down):  0.000E+00 1.268E-04

     total cpu time spent up to now is       26.9 secs

     total energy              =    -327.07927316 Ry
     estimated scf accuracy    <       0.00571205 Ry

     total magnetization       =     3.36 Bohr mag/cell
     absolute magnetization    =     3.55 Bohr mag/cell

     iteration # 12     ecut=    64.00 Ry     beta= 0.10
     Davidson diagonalization with overlap
     ethr =  2.20E-05,  avg # of iterations =  1.1

     negative rho (up, down):  0.000E+00 1.238E-04

     total cpu time spent up to now is       29.1 secs

     total energy              =    -327.07858589 Ry
     estimated scf accuracy    <       0.00387032 Ry

     total magnetization       =     3.33 Bohr mag/cell
     absolute magnetization    =     3.52 Bohr mag/cell

     iteration # 13     ecut=    64.00 Ry     beta= 0.10
     Davidson diagonalization with overlap
     ethr =  1.49E-05,  avg # of iterations =  1.8

     negative rho (up, down):  0.000E+00 1.232E-04

     total cpu time spent up to now is       31.4 secs

     total energy              =    -327.07907530 Ry
     estimated scf accuracy    <       0.00011525 Ry

     total magnetization       =     3.30 Bohr mag/cell
     absolute magnetization    =     3.49 Bohr mag/cell

     iteration # 14     ecut=    64.00 Ry     beta= 0.10
     Davidson diagonalization with overlap
     c_bands:  1 eigenvalues not converged
     ethr =  4.43E-07,  avg # of iterations =  3.9

     negative rho (up, down):  0.000E+00 1.209E-04

     total cpu time spent up to now is       34.2 secs

     total energy              =    -327.07905198 Ry
     estimated scf accuracy    <       0.00010858 Ry

     total magnetization       =     3.30 Bohr mag/cell
     absolute magnetization    =     3.49 Bohr mag/cell

     iteration # 15     ecut=    64.00 Ry     beta= 0.10
     Davidson diagonalization with overlap
     ethr =  4.18E-07,  avg # of iterations =  2.0

     negative rho (up, down):  0.000E+00 1.213E-04

     total cpu time spent up to now is       36.6 secs

     total energy              =    -327.07909062 Ry
     estimated scf accuracy    <       0.00012237 Ry

     total magnetization       =     3.30 Bohr mag/cell
     absolute magnetization    =     3.49 Bohr mag/cell

     iteration # 16     ecut=    64.00 Ry     beta= 0.10
     Davidson diagonalization with overlap
     ethr =  4.18E-07,  avg # of iterations =  1.0

     negative rho (up, down):  0.000E+00 1.214E-04

     total cpu time spent up to now is       38.8 secs

     total energy              =    -327.07912746 Ry
     estimated scf accuracy    <       0.00000526 Ry

     total magnetization       =     3.30 Bohr mag/cell
     absolute magnetization    =     3.49 Bohr mag/cell

     iteration # 17     ecut=    64.00 Ry     beta= 0.10
     Davidson diagonalization with overlap
     ethr =  2.02E-08,  avg # of iterations =  2.6

     negative rho (up, down):  0.000E+00 1.217E-04

     total cpu time spent up to now is       41.4 secs

     total energy              =    -327.07914888 Ry
     estimated scf accuracy    <       0.00000356 Ry

     total magnetization       =     3.30 Bohr mag/cell
     absolute magnetization    =     3.49 Bohr mag/cell

     iteration # 18     ecut=    64.00 Ry     beta= 0.10
     Davidson diagonalization with overlap
     ethr =  1.37E-08,  avg # of iterations =  1.1

     negative rho (up, down):  0.000E+00 1.222E-04

     total cpu time spent up to now is       43.6 secs

     total energy              =    -327.07916392 Ry
     estimated scf accuracy    <       0.00000200 Ry

     total magnetization       =     3.30 Bohr mag/cell
     absolute magnetization    =     3.49 Bohr mag/cell

     iteration # 19     ecut=    64.00 Ry     beta= 0.10
     Davidson diagonalization with overlap
     ethr =  7.68E-09,  avg # of iterations =  2.0

     negative rho (up, down):  0.000E+00 1.225E-04

     total cpu time spent up to now is       46.0 secs

     total energy              =    -327.07918034 Ry
     estimated scf accuracy    <       0.00000038 Ry

     total magnetization       =     3.30 Bohr mag/cell
     absolute magnetization    =     3.49 Bohr mag/cell

     iteration # 20     ecut=    64.00 Ry     beta= 0.10
     Davidson diagonalization with overlap
     ethr =  1.47E-09,  avg # of iterations =  1.9

     negative rho (up, down):  0.000E+00 1.226E-04

     total cpu time spent up to now is       48.3 secs

     total energy              =    -327.07919289 Ry
     estimated scf accuracy    <       0.00000009 Ry

     total magnetization       =     3.30 Bohr mag/cell
     absolute magnetization    =     3.49 Bohr mag/cell

     iteration # 21     ecut=    64.00 Ry     beta= 0.10
     Davidson diagonalization with overlap
     ethr =  3.37E-10,  avg # of iterations =  2.5

     negative rho (up, down):  0.000E+00 1.227E-04

     total cpu time spent up to now is       50.9 secs

     total energy              =    -327.07920252 Ry
     estimated scf accuracy    <       0.00000001 Ry

     total magnetization       =     3.30 Bohr mag/cell
     absolute magnetization    =     3.49 Bohr mag/cell

     iteration # 22     ecut=    64.00 Ry     beta= 0.10
     Davidson diagonalization with overlap
     ethr =  5.27E-11,  avg # of iterations =  3.4

     negative rho (up, down):  0.000E+00 1.229E-04

     total cpu time spent up to now is       53.8 secs

     total energy              =    -327.07921069 Ry
     estimated scf accuracy    <       0.00000002 Ry

     total magnetization       =     3.30 Bohr mag/cell
     absolute magnetization    =     3.49 Bohr mag/cell

     iteration # 23     ecut=    64.00 Ry     beta= 0.10
     Davidson diagonalization with overlap
     ethr =  5.27E-11,  avg # of iterations =  1.5

     negative rho (up, down):  0.000E+00 1.239E-04
 
     Magnetic moment per site  (integrated on atomic sphere of radius R)
     atom   1 (R=0.408)  charge= 14.7389  magn=  2.9860
     atom   2 (R=0.408)  charge=  7.9192  magn=  0.3852

     total cpu time spent up to now is       56.1 secs

     End of self-consistent calculation

     Number of k-points >= 100: set verbosity='high' to print the bands.

     the Fermi energy is    16.9627 ev

!    total energy              =    -327.07924499 Ry
     estimated scf accuracy    <          3.0E-09 Ry
     smearing contrib. (-TS)   =      -0.00006654 Ry
     internal energy E=F+TS    =    -327.07917844 Ry

     The total energy is F=E-TS. E is the sum of the following terms:
     one-electron contribution =    -123.83627188 Ry
     hartree contribution      =      83.03367341 Ry
     xc contribution           =     -66.55401978 Ry
     ewald contribution        =    -219.72256019 Ry

     total magnetization       =     3.30 Bohr mag/cell
     absolute magnetization    =     3.49 Bohr mag/cell

     convergence has been achieved in  23 iterations

     negative rho (up, down):  0.000E+00 1.239E-04

     Forces acting on atoms (cartesian axes, Ry/au):

     atom    1 type  1   force =     0.00000000    0.00000000    0.00000000
     atom    2 type  2   force =     0.00000000    0.00000000    0.00000000

     Total force =     0.000000     Total SCF correction =     0.000000


     Computing stress (Cartesian axis) and pressure


     negative rho (up, down):  0.000E+00 1.239E-04
          total   stress  (Ry/bohr**3)                   (kbar)     P=        3.95
   0.00004558   0.00000000   0.00000000            6.71        0.00        0.00
   0.00000000   0.00004558   0.00000000            0.00        6.71        0.00
   0.00000000   0.00000000  -0.00001063            0.00        0.00       -1.56


     Writing all to output data dir ./work/pwscf.save/
 
     init_run     :      0.82s CPU      0.90s WALL (       1 calls)
     electrons    :     37.82s CPU     55.00s WALL (       1 calls)
     forces       :      0.18s CPU      0.19s WALL (       1 calls)
     stress       :      0.42s CPU      0.43s WALL (       1 calls)

     Called by init_run:
     wfcinit      :      0.68s CPU      0.74s WALL (       1 calls)
     potinit      :      0.03s CPU      0.03s WALL (       1 calls)
     hinit0       :      0.08s CPU      0.09s WALL (       1 calls)

     Called by electrons:
     c_bands      :     31.09s CPU     47.73s WALL (      23 calls)
     sum_band     :      6.10s CPU      6.55s WALL (      23 calls)
     v_of_rho     :      0.14s CPU      0.14s WALL (      24 calls)
     newd         :      0.46s CPU      0.46s WALL (      24 calls)
     mix_rho      :      0.03s CPU      0.03s WALL (      23 calls)

     Called by c_bands:
     init_us_2    :      0.36s CPU      0.41s WALL (   13720 calls)
     init_us_2:cp :      0.33s CPU      0.37s WALL (   13720 calls)
     cegterg      :     28.99s CPU     31.51s WALL (    6440 calls)

     Called by *egterg:
     cdiaghg      :      5.79s CPU      6.11s WALL (   18466 calls)
     h_psi        :     20.87s CPU     22.93s WALL (   18746 calls)
     s_psi        :      0.34s CPU      0.37s WALL (   18746 calls)
     g_psi        :      0.05s CPU      0.05s WALL (   12026 calls)

     Called by h_psi:
     h_psi:calbec :      1.02s CPU      1.10s WALL (   18746 calls)
     vloc_psi     :     19.30s CPU     21.23s WALL (   18746 calls)
     add_vuspsi   :      0.36s CPU      0.39s WALL (   18746 calls)

     General routines
     calbec       :      1.41s CPU      1.52s WALL (   26586 calls)
     fft          :      0.08s CPU      0.09s WALL (     638 calls)
     ffts         :      0.00s CPU      0.01s WALL (      94 calls)
     fftw         :     21.77s CPU     23.89s WALL (  604944 calls)
     interpolate  :      0.01s CPU      0.01s WALL (      48 calls)
 
     Parallel routines
 
     PWSCF        :     39.98s CPU     59.17s WALL

 
   This run was terminated on:  15: 9:21  23May2024            

=------------------------------------------------------------------------------=
   JOB DONE.
=------------------------------------------------------------------------------=
