  Reading pwscf_sym.dat
  num of symmetry ops.: 16
  num of irr. k-points: 60
  Reading IBZ mmn file
  Reading amn file
  symmetrize Gk diff1 =     5.69150e-06
   0-th band diff =     7.20296e-09
   1-th band diff =     7.29701e-09
   2-th band diff =     7.54434e-09
   3-th band diff =     6.72195e-09
   4-th band diff =     7.05035e-09
   5-th band diff =     7.14633e-09
   6-th band diff =     7.47059e-09
   7-th band diff =     7.67587e-09
   8-th band diff =     7.73677e-09
   9-th band diff =     7.59828e-09
  10-th band diff =     7.55540e-09
  11-th band diff =     7.50753e-09
  12-th band diff =     7.33862e-09
  13-th band diff =     7.33198e-09
  14-th band diff =     7.23422e-09
  15-th band diff =     6.87262e-09
  16-th band diff =     6.66265e-09
  17-th band diff =     6.67843e-09
  18-th band diff =     6.69586e-09
  19-th band diff =     6.42424e-09
  20-th band diff =     6.39140e-09
  21-th band diff =     6.95150e-09
  22-th band diff =     5.52697e-09
  23-th band diff =     5.90763e-09
  24-th band diff =     4.14665e-09
  25-th band diff =     4.55545e-09
  26-th band diff =     4.36702e-09
  27-th band diff =     4.48385e-09
  28-th band diff =     4.58508e-09
  29-th band diff =     4.59637e-09
  30-th band diff =     4.31845e-09
  31-th band diff =     3.97119e-09
  32-th band diff =     4.08808e-09
  33-th band diff =     4.11762e-09
  34-th band diff =     3.99852e-09
  35-th band diff =     4.19831e-09
  36-th band diff =     4.66026e-09
  37-th band diff =     4.04990e-09
  38-th band diff =     5.41603e-09
  39-th band diff =     3.54203e-09
  40-th band diff =     4.55230e-09
  41-th band diff =     3.76002e-09
  42-th band diff =     3.99809e-09
  43-th band diff =     3.94720e-09
  44-th band diff =     4.34229e-09
  45-th band diff =     4.26000e-09
  46-th band diff =     4.26483e-09
  47-th band diff =     3.96026e-09
  48-th band diff =     5.45754e-09
  49-th band diff =     4.97391e-09
  50-th band diff =     5.07917e-09
  51-th band diff =     4.35985e-09
  52-th band diff =     5.82778e-09
  53-th band diff =     4.45088e-09
  54-th band diff =     4.93912e-09
  55-th band diff =     4.49647e-09
  56-th band diff =     4.70008e-09
  57-th band diff =     4.29864e-09
  58-th band diff =     5.30313e-09
  59-th band diff =     4.59365e-09
  60-th band diff =     5.79487e-09
  61-th band diff =     5.94574e-09
  62-th band diff =     5.20097e-09
  63-th band diff =     5.68012e-09
  64-th band diff =     5.47414e-09
  65-th band diff =     5.30046e-09
  66-th band diff =     6.45565e-09
  67-th band diff =     7.62410e-09
  68-th band diff =     7.86597e-09
  69-th band diff =     8.38584e-09
  70-th band diff =     8.30555e-09
  71-th band diff =     8.46954e-09
  72-th band diff =     1.00632e-08
  73-th band diff =     1.15278e-08
  74-th band diff =     1.30668e-08
  75-th band diff =     1.49955e-08
  76-th band diff =     1.65287e-08
  77-th band diff =     1.93229e-08
  78-th band diff =     2.43791e-08
  79-th band diff =     3.49568e-08
  80-th band diff =     4.31922e-08
  81-th band diff =     5.10499e-08
  82-th band diff =     6.66409e-08
  83-th band diff =     7.47668e-08
  84-th band diff =     1.29217e-07
  85-th band diff =     1.34392e-07
  86-th band diff =     3.48868e-07
  87-th band diff =     3.59443e-07
  88-th band diff =     1.13046e-06
  89-th band diff =     2.79895e-06
  symmetrize Gk diff1 =     4.77308e-13
   0-th band diff =     6.21329e-15
   1-th band diff =     6.53693e-15
   2-th band diff =     7.26597e-15
   3-th band diff =     5.32850e-15
   4-th band diff =     7.20606e-15
   5-th band diff =     5.62841e-15
   6-th band diff =     5.45852e-15
   7-th band diff =     6.77169e-15
   8-th band diff =     5.86144e-15
   9-th band diff =     6.19054e-15
  10-th band diff =     5.90182e-15
  11-th band diff =     7.63637e-15
  12-th band diff =     7.57225e-15
  13-th band diff =     7.62758e-15
  14-th band diff =     6.39132e-15
  15-th band diff =     6.44144e-15
  16-th band diff =     5.38312e-15
  17-th band diff =     5.88355e-15
  18-th band diff =     1.09006e-14
  19-th band diff =     1.29299e-14
  20-th band diff =     8.00915e-15
  21-th band diff =     5.54887e-15
  22-th band diff =     7.47634e-15
  23-th band diff =     7.71034e-15
  24-th band diff =     9.02129e-15
  25-th band diff =     1.18068e-14
  26-th band diff =     6.74362e-15
  27-th band diff =     8.65926e-15
  28-th band diff =     9.51024e-15
  29-th band diff =     1.31948e-14
  30-th band diff =     4.19808e-15
  31-th band diff =     4.14684e-15
  32-th band diff =     4.70277e-15
  33-th band diff =     5.02226e-15
  34-th band diff =     6.15512e-15
  35-th band diff =     7.61692e-15
  36-th band diff =     1.10432e-14
  37-th band diff =     1.37451e-14
  38-th band diff =     8.47827e-15
  39-th band diff =     5.89297e-15
  40-th band diff =     5.24364e-15
  41-th band diff =     3.19587e-15
  42-th band diff =     8.07674e-15
  43-th band diff =     2.35785e-15
  44-th band diff =     3.25258e-15
  45-th band diff =     9.64350e-15
  46-th band diff =     3.75419e-15
  47-th band diff =     2.79298e-15
  48-th band diff =     4.14704e-15
  49-th band diff =     1.53999e-15
  50-th band diff =     3.19363e-15
  51-th band diff =     1.84686e-15
  52-th band diff =     4.68228e-15
  53-th band diff =     5.59886e-15
  54-th band diff =     3.14659e-15
  55-th band diff =     5.39443e-15
  56-th band diff =     4.86012e-15
  57-th band diff =     7.66249e-15
  58-th band diff =     3.40131e-15
  59-th band diff =     4.09944e-15
  60-th band diff =     3.21480e-15
  61-th band diff =     5.09996e-15
  62-th band diff =     1.20031e-14
  63-th band diff =     1.00385e-14
  64-th band diff =     1.40229e-15
  65-th band diff =     1.30074e-15
  66-th band diff =     1.68834e-15
  67-th band diff =     2.08839e-15
  68-th band diff =     1.86828e-15
  69-th band diff =     1.34716e-15
  70-th band diff =     1.92500e-15
  71-th band diff =     1.43527e-15
  72-th band diff =     2.75320e-15
  73-th band diff =     2.36614e-15
  74-th band diff =     1.43976e-15
  75-th band diff =     2.47789e-15
  76-th band diff =     2.88631e-15
  77-th band diff =     4.39880e-15
  78-th band diff =     1.19775e-15
  79-th band diff =     1.64754e-15
  80-th band diff =     2.02382e-15
  81-th band diff =     2.41063e-15
  82-th band diff =     3.33103e-15
  83-th band diff =     2.23873e-15
  84-th band diff =     4.03573e-15
  85-th band diff =     2.21473e-15
  86-th band diff =     4.00207e-15
  87-th band diff =     5.34956e-15
  88-th band diff =     1.46912e-15
  89-th band diff =     1.95120e-15
  symmetrize expand diff =     6.27442e-13
    0     27.32892086     25.42810436     7.47526e-02     67.319268
    1     26.19670040     24.90908828     5.16925e-02     72.889467
    2     25.48741892     24.55382414     3.80224e-02     78.482988
    3     24.97021223     24.28403601     2.82563e-02     84.052846
    4     24.58714744     24.07098720     2.14433e-02     89.622226
    5     24.29661781     23.89815998     1.66732e-02     95.197072
    6     24.07053321     23.75501745     1.32821e-02    100.764610
    7     23.89018980     23.63447668     1.08195e-02    106.338323
    8     23.74308473     23.53158572     8.98788e-03    111.908154
    9     23.62074702     23.44276777     7.59207e-03    117.477854
   10     23.51732592     23.36536708     6.50359e-03    123.052651
   11     23.42868840     23.29736488     5.63684e-03    128.620388
   12     23.35184429     23.23719558     4.93384e-03    134.193495
   13     23.28457830     23.18362400     4.35455e-03    139.764211
   14     23.22521192     23.13566113     3.87068e-03    145.334470
   15     23.17244688     23.09250488     3.46182e-03    150.912053
   16     23.12526046     23.05349740     3.11289e-03    156.494343
   17     23.08283393     23.01809391     2.81257e-03    162.074005
   18     23.04450264     22.98583925     2.55215e-03    167.685847
   19     23.00972047     22.95635025     2.32486e-03    173.269344
   20     22.97803394     22.92930207     2.12531e-03    178.851175
   21     22.94906304     22.90441760     1.94921e-03    184.434891
   22     22.92248677     22.88145910     1.79305e-03    190.002710
   23     22.89803207     22.86022154     1.65399e-03    195.581895
   24     22.87546513     22.84052723     1.52964e-03    201.164171
   25     22.85458465     22.82222153     1.41805e-03    206.741893
   26     22.83521639     22.80516925     1.31756e-03    212.328484
   27     22.81720884     22.78925178     1.22677e-03    217.906322
   28     22.80042966     22.77436469     1.14449e-03    223.490560
   29     22.78476280     22.76041568     1.06971e-03    229.074067
   30     22.77010609     22.74732295     1.00157e-03    234.654287
   31     22.75636928     22.73501373     9.39324e-04    240.235953
   32     22.74347238     22.72342317     8.82315e-04    245.913352
   33     22.73134426     22.71249324     8.29985e-04    251.492104
   34     22.71992150     22.70217193     7.81844e-04    257.074312
   35     22.70914735     22.69241247     7.37466e-04    262.652613
   36     22.69897096     22.68317272     6.96474e-04    268.234560
   37     22.68934659     22.67441464     6.58538e-04    273.818863
   38     22.68023301     22.66610374     6.23365e-04    279.399649
   39     22.67159298     22.65820879     5.90699e-04    284.983287
   40     22.66339277     22.65070135     5.60310e-04    290.567438
   41     22.65560179     22.64355553     5.31995e-04    296.147583
   42     22.64819218     22.63674768     5.05572e-04    301.730782
   43     22.64113858     22.63025619     4.80878e-04    307.313910
   44     22.63441783     22.62406125     4.57768e-04    312.894835
   45     22.62800873     22.61814467     4.36112e-04    318.472651
   46     22.62189185     22.61248973     4.15793e-04    324.079948
   47     22.61604934     22.60708101     3.96704e-04    329.663569
   48     22.61046480     22.60190431     3.78751e-04    335.248705
   49     22.60512309     22.59694648     3.61846e-04    340.828592
   50     22.60001026     22.59219536     3.45912e-04    346.409571
   51     22.59511340     22.58763969     3.30876e-04    352.118564
   52     22.59042055     22.58326899     3.16675e-04    357.826392
   53     22.58592063     22.57907352     3.03250e-04    363.537825
   54     22.58160333     22.57504424     2.90546e-04    369.248147
   55     22.57745910     22.57117268     2.78515e-04    374.955642
   56     22.57347899     22.56745097     2.67111e-04    380.666887
   57     22.56965470     22.56387172     2.56294e-04    386.374919
   58     22.56597845     22.56042804     2.46024e-04    392.090966
   59     22.56244299     22.55711346     2.36268e-04    397.800833
   60     22.55904149     22.55392191     2.26993e-04    403.514513
   61     22.55576760     22.55084770     2.18169e-04    409.228128
   62     22.55261532     22.54788546     2.09770e-04    414.938726
   63     22.54957903     22.54503014     2.01769e-04    420.648395
   64     22.54665344     22.54227701     1.94143e-04    426.452066
   65     22.54383357     22.53962156     1.86871e-04    432.158992
   66     22.54111473     22.53705958     1.79933e-04    437.740995
   67     22.53849249     22.53458705     1.73309e-04    443.320154
   68     22.53596267     22.53220020     1.66982e-04    448.929937
   69     22.53352131     22.52989544     1.60936e-04    454.508810
   70     22.53116468     22.52766938     1.55156e-04    460.089315
   71     22.52888923     22.52551881     1.49627e-04    465.670326
   72     22.52669160     22.52344065     1.44336e-04    471.251358
   73     22.52456862     22.52143202     1.39272e-04    476.826866
   74     22.52251726     22.51949015     1.34422e-04    482.407587
   75     22.52053465     22.51761243     1.29775e-04    487.985316
   76     22.51861807     22.51579636     1.25321e-04    493.560676
   77     22.51676491     22.51403956     1.21051e-04    499.137563
   78     22.51497271     22.51233976     1.16956e-04    504.716369
   79     22.51323912     22.51069480     1.13027e-04    510.291297
   80     22.51156188     22.50910263     1.09256e-04    515.871848
   81     22.50993888     22.50756128     1.05636e-04    521.446855
   82     22.50836805     22.50606886     1.02159e-04    527.025194
   83     22.50684746     22.50462357     9.88190e-05    532.600289
   84     22.50537524     22.50322372     9.56096e-05    538.178735
   85     22.50394962     22.50186764     9.25248e-05    543.750058
   86     22.50256889     22.50055377     8.95589e-05    549.323195
   87     22.50123143     22.49928059     8.67066e-05    554.892714
   88     22.49993568     22.49804668     8.39627e-05    560.465356
   89     22.49868015     22.49685064     8.13226e-05    566.034463
   90     22.49746341     22.49569116     7.87816e-05    571.605818
   91     22.49628409     22.49456696     7.63353e-05    577.178206
   92     22.49514088     22.49347681     7.39799e-05    582.749413
   93     22.49403252     22.49241956     7.17112e-05    588.324891
   94     22.49295781     22.49139408     6.95256e-05    593.948080
   95     22.49191558     22.49039928     6.74197e-05    599.544675
   96     22.49090472     22.48943414     6.53900e-05    605.120112
   97     22.48992417     22.48849765     6.34334e-05    610.682893
   98     22.48897290     22.48758886     6.15469e-05    616.246241
   99     22.48804992     22.48670684     5.97275e-05    621.808039
  100     22.48715428     22.48585072     5.79725e-05    627.372592
  101     22.48628507     22.48501963     5.62793e-05    632.939030
  102     22.48544142     22.48421276     5.46454e-05    638.505476
  103     22.48462247     22.48342931     5.30684e-05    644.069981
  104     22.48382743     22.48266854     5.15460e-05    649.638272
  105     22.48305550     22.48192969     5.00761e-05    655.205116
  106     22.48230594     22.48121208     4.86566e-05    660.775256
  107     22.48157801     22.48051501     4.72854e-05    666.435136
  108     22.48087103     22.47983784     4.59608e-05    672.002276
  109     22.48018431     22.47917992     4.46809e-05    677.697667
  110     22.47951722     22.47854066     4.34439e-05    683.396545
  111     22.47886912     22.47791946     4.22483e-05    689.096024
  112     22.47823941     22.47731576     4.10923e-05    694.795735
  113     22.47762751     22.47672901     3.99746e-05    700.491539
  114     22.47703286     22.47615868     3.88937e-05    706.189247
  115     22.47645493     22.47560427     3.78481e-05    711.885001
  116     22.47589318     22.47506528     3.68365e-05    717.587182
  117     22.47534712     22.47454123     3.58578e-05    723.287484
  118     22.47481626     22.47403168     3.49106e-05    728.984087
  119     22.47430013     22.47353617     3.39937e-05    734.677791
  120     22.47379828     22.47305428     3.31062e-05    740.373332
  121     22.47331026     22.47258559     3.22468e-05    746.068495
  122     22.47283567     22.47212972     3.14145e-05    751.765872
  123     22.47237408     22.47168626     3.06085e-05    757.462483
  124     22.47192511     22.47125485     2.98276e-05    763.162828
  125     22.47148838     22.47083513     2.90711e-05    768.861048
  126     22.47106351     22.47042674     2.83380e-05    774.555309
  127     22.47065015     22.47002936     2.76275e-05    780.248652
  128     22.47024795     22.46964265     2.69387e-05    785.948142
  129     22.46985659     22.46926630     2.62710e-05    791.641563
  130     22.46947575     22.46890001     2.56236e-05    797.338048
  131     22.46910510     22.46854348     2.49957e-05    803.036286
  132     22.46874435     22.46819642     2.43868e-05    808.732958
  133     22.46839321     22.46785857     2.37960e-05    814.427197
  134     22.46805140     22.46752964     2.32228e-05    820.121492
  135     22.46771864     22.46720939     2.26666e-05    825.818986
  136     22.46739467     22.46689755     2.21268e-05    831.516495
  137     22.46707924     22.46659390     2.16028e-05    837.211851
  138     22.46677210     22.46629819     2.10942e-05    842.904284
  139     22.46647300     22.46601020     2.06002e-05    848.465196
  140     22.46618172     22.46572970     2.01206e-05    854.028133
  141     22.46589804     22.46545648     1.96548e-05    859.590361
  142     22.46562173     22.46519035     1.92022e-05    865.150995
  143     22.46535258     22.46493108     1.87626e-05    870.722912
  144     22.46509040     22.46467850     1.83354e-05    876.311371
  145     22.46483498     22.46443241     1.79202e-05    881.883181
  146     22.46458613     22.46419263     1.75167e-05    887.477511
  147     22.46434367     22.46395899     1.71244e-05    893.058554
  148     22.46410742     22.46373131     1.67431e-05    898.629236
  149     22.46387720     22.46350943     1.63722e-05    904.201563
  150     22.46365285     22.46329318     1.60116e-05    909.776630
  151     22.46343420     22.46308241     1.56608e-05    915.346458
  152     22.46322109     22.46287697     1.53196e-05    920.918653
  153     22.46301337     22.46267671     1.49875e-05    926.488782
  154     22.46281089     22.46248149     1.46645e-05    932.061241
  155     22.46261350     22.46229117     1.43501e-05    937.640069
  156     22.46242107     22.46210561     1.40440e-05    943.213726
  157     22.46223346     22.46192470     1.37461e-05    948.787879
  158     22.46205054     22.46174829     1.34561e-05    954.359826
  159     22.46187218     22.46157627     1.31736e-05    959.931765
  160     22.46169825     22.46140853     1.28986e-05    965.504609
  161     22.46152863     22.46124493     1.26307e-05    971.076011
  162     22.46136322     22.46108538     1.23697e-05    976.648190
  163     22.46120188     22.46092976     1.21154e-05    982.222130
  164     22.46104453     22.46077797     1.18677e-05    987.794429
  165     22.46089104     22.46062991     1.16262e-05    993.367925
  166     22.46074131     22.46048547     1.13909e-05    998.944519
  167     22.46059525     22.46034456     1.11615e-05   1004.514555
  168     22.46045275     22.46020708     1.09379e-05   1010.088126
  169     22.46031372     22.46007296     1.07198e-05   1015.661691
  170     22.46017808     22.45994208     1.05072e-05   1021.232868
  171     22.46004572     22.45981438     1.02998e-05   1026.803897
  172     22.45991656     22.45968977     1.00975e-05   1032.505379
  173     22.45979052     22.45956816     9.90015e-06   1038.206776
  174     22.45966751     22.45944948     9.70761e-06   1043.920993
  175     22.45954746     22.45933365     9.51973e-06   1049.621306
  176     22.45943029     22.45922060     9.33638e-06   1055.326398
  177     22.45931592     22.45911025     9.15742e-06   1061.023803
  178     22.45920428     22.45900254     8.98273e-06   1066.728560
  179     22.45909531     22.45889739     8.81218e-06   1072.430663
  180     22.45898892     22.45879475     8.64566e-06   1078.132953
  181     22.45888505     22.45869453     8.48305e-06   1083.833494
  182     22.45878364     22.45859669     8.32424e-06   1089.538670
  183     22.45868463     22.45850117     8.16913e-06   1095.239178
  184     22.45858795     22.45840789     8.01760e-06   1100.943250
  185     22.45849355     22.45831681     7.86957e-06   1106.644753
  186     22.45840136     22.45822787     7.72492e-06   1112.349332
  187     22.45831132     22.45814101     7.58357e-06   1117.919096
  188     22.45822340     22.45805619     7.44543e-06   1123.491513
  189     22.45813752     22.45797334     7.31040e-06   1129.063297
  190     22.45805364     22.45789243     7.17841e-06   1134.636926
  191     22.45797170     22.45781339     7.04937e-06   1140.204590
  192     22.45789167     22.45773619     6.92320e-06   1145.778250
  193     22.45781349     22.45766078     6.79982e-06   1151.349076
  194     22.45773711     22.45758711     6.67915e-06   1156.921367
  195     22.45766249     22.45751514     6.56113e-06   1162.489448
  196     22.45758958     22.45744483     6.44568e-06   1168.062077
  197     22.45751834     22.45737613     6.33274e-06   1173.632930
  198     22.45744874     22.45730901     6.22224e-06   1179.204098
  199     22.45738072     22.45724342     6.11411e-06   1184.775884
  init Umatrix and Mmn using Umatrix_opt
  symmetrize Gk diff1 =     1.08409e-06
   0-th band diff =     1.48592e-09
   1-th band diff =     2.10946e-09
   2-th band diff =     1.14931e-09
   3-th band diff =     1.30157e-09
   4-th band diff =     1.64988e-09
   5-th band diff =     2.09928e-09
   6-th band diff =     1.88040e-09
   7-th band diff =     1.71229e-09
   8-th band diff =     2.13560e-09
   9-th band diff =     1.95479e-09
  10-th band diff =     2.55837e-09
  11-th band diff =     2.19694e-09
  12-th band diff =     2.32563e-09
  13-th band diff =     2.29071e-09
  14-th band diff =     3.68774e-09
  15-th band diff =     2.73653e-09
  16-th band diff =     2.45259e-09
  17-th band diff =     2.89161e-09
  18-th band diff =     3.96157e-09
  19-th band diff =     3.44861e-09
  20-th band diff =     3.42791e-09
  21-th band diff =     4.21215e-09
  22-th band diff =     3.39499e-09
  23-th band diff =     3.93039e-09
  24-th band diff =     1.03373e-08
  25-th band diff =     9.70851e-09
  26-th band diff =     9.73233e-09
  27-th band diff =     9.59876e-09
  28-th band diff =     7.34523e-09
  29-th band diff =     8.91676e-09
  30-th band diff =     7.15813e-09
  31-th band diff =     8.09474e-09
  32-th band diff =     7.01455e-09
  33-th band diff =     7.62799e-09
  34-th band diff =     6.49043e-09
  35-th band diff =     7.79973e-09
  36-th band diff =     6.97083e-09
  37-th band diff =     8.07574e-09
  38-th band diff =     7.72790e-09
  39-th band diff =     1.03895e-08
  40-th band diff =     6.52104e-09
  41-th band diff =     9.46691e-09
  42-th band diff =     6.22372e-09
  43-th band diff =     7.78166e-09
  44-th band diff =     6.55953e-09
  45-th band diff =     8.52429e-09
  46-th band diff =     7.07569e-09
  47-th band diff =     8.04580e-09
  48-th band diff =     6.09938e-09
  49-th band diff =     1.02530e-08
  50-th band diff =     6.20494e-09
  51-th band diff =     8.25538e-09
  52-th band diff =     6.20987e-09
  53-th band diff =     8.15516e-09
  54-th band diff =     6.59341e-09
  55-th band diff =     9.46788e-09
  56-th band diff =     6.73132e-09
  57-th band diff =     8.79865e-09
  58-th band diff =     7.18089e-09
  59-th band diff =     8.21333e-09
  60-th band diff =     7.65807e-09
  61-th band diff =     8.61798e-09
  62-th band diff =     7.95683e-09
  63-th band diff =     9.74996e-09
  64-th band diff =     8.08190e-09
  65-th band diff =     1.05125e-08
  66-th band diff =     8.51567e-09
  67-th band diff =     1.07261e-08
  68-th band diff =     1.00499e-08
  69-th band diff =     1.36671e-08
  70-th band diff =     1.10316e-08
  71-th band diff =     1.42536e-08
  72-th band diff =     1.19053e-08
  73-th band diff =     1.47402e-08
  74-th band diff =     1.26968e-08
  75-th band diff =     1.88416e-08
  76-th band diff =     1.53360e-08
  77-th band diff =     2.02716e-08
  78-th band diff =     1.72363e-08
  79-th band diff =     2.32723e-08
  80-th band diff =     1.94455e-08
  81-th band diff =     2.32489e-08
  82-th band diff =     2.21364e-08
  83-th band diff =     2.85122e-08
  84-th band diff =     2.78975e-08
  85-th band diff =     3.53384e-08
  86-th band diff =     3.59887e-08
  87-th band diff =     4.00181e-08
  88-th band diff =     7.43491e-08
  89-th band diff =     1.75685e-07
  symmetrize expand diff =     1.99710e-07
  OmegaI  =   22.4572434188
  OmegaD  =    0.0002179717
  OmegaOD =   16.2226248573
! Initial:  omega_tot =     38.68008625    time:  1190.214069
  WF num,                    center in cartesian coords,    spread (A^2)
       1   (     0.000000,    -0.000000,    -0.000000 )       1.44792179
       2   (    -0.000000,     0.000000,     0.000000 )       1.44792179
       3   (    -0.000000,    -0.000000,    -0.000000 )       1.41835002
       4   (     0.000000,     0.000000,     0.000000 )       1.41835002
       5   (    -0.000000,    -0.000000,     0.000000 )       1.44109284
       6   (     0.000000,     0.000000,     0.000000 )       1.44109284
       7   (     0.000000,     0.000000,    -0.000000 )       1.44109293
       8   (    -0.000000,    -0.000000,    -0.000000 )       1.44109293
       9   (    -0.000000,    -0.000000,     0.000000 )       0.50060456
      10   (     0.000000,     0.000000,     0.000000 )       0.50060456
      11   (    -0.000000,    -0.000000,     0.000000 )       0.46770336
      12   (     0.000000,     0.000000,     0.000000 )       0.46770336
      13   (    -0.000000,    -0.000000,    -0.000000 )       0.46770336
      14   (     0.000000,     0.000000,    -0.000000 )       0.46770336
      15   (    -0.000000,    -0.000000,     0.000000 )       0.49617179
      16   (     0.000000,     0.000000,     0.000000 )       0.49617179
      17   (     0.000000,    -0.000000,     0.000000 )       0.48818391
      18   (    -0.000000,     0.000000,     0.000000 )       0.48818391
      19   (     1.364072,     1.364072,     1.889492 )       1.74764485
      20   (     1.364072,     1.364072,     1.889492 )       1.74764485
      21   (     1.364072,     1.364072,     1.889492 )       1.74536053
      22   (     1.364072,     1.364072,     1.889492 )       1.74536053
      23   (     1.364072,     1.364072,     1.889492 )       1.69652419
      24   (     1.364072,     1.364072,     1.889492 )       1.69652419
      25   (     1.364072,     1.364072,     1.889492 )       1.69652488
      26   (     1.364072,     1.364072,     1.889492 )       1.69652488
      27   (     1.364072,     1.364072,     1.889492 )       0.86498330
      28   (     1.364072,     1.364072,     1.889492 )       0.86498330
      29   (     1.364072,     1.364072,     1.889492 )       0.85831482
      30   (     1.364072,     1.364072,     1.889492 )       0.85831482
      31   (     1.364072,     1.364072,     1.889492 )       0.85831490
      32   (     1.364072,     1.364072,     1.889492 )       0.85831490
      33   (     1.364072,     1.364072,     1.889492 )       0.82847858
      34   (     1.364072,     1.364072,     1.889492 )       0.82847858
      35   (     1.364072,     1.364072,     1.889492 )       0.87507252
      36   (     1.364072,     1.364072,     1.889492 )       0.87507252
! Final:    omega_tot =     38.68008625    time:  1190.214304
  symmetrize Gk diff1 =     9.18117e-07
   0-th band diff =     1.48945e-15
   1-th band diff =     1.52861e-15
   2-th band diff =     1.05305e-15
   3-th band diff =     9.41969e-16
   4-th band diff =     9.02389e-16
   5-th band diff =     1.01122e-15
   6-th band diff =     8.77282e-16
   7-th band diff =     9.73778e-16
   8-th band diff =     8.82144e-16
   9-th band diff =     8.94961e-16
  10-th band diff =     8.63889e-16
  11-th band diff =     8.03292e-16
  12-th band diff =     8.44053e-16
  13-th band diff =     8.95218e-16
  14-th band diff =     8.72906e-16
  15-th band diff =     8.74003e-16
  16-th band diff =     8.09761e-16
  17-th band diff =     7.72241e-16
  18-th band diff =     9.19513e-16
  19-th band diff =     7.26913e-16
  20-th band diff =     2.03614e-11
  21-th band diff =     1.22964e-10
  22-th band diff =     3.29971e-10
  23-th band diff =     8.88471e-10
  24-th band diff =     2.29772e-09
  25-th band diff =     3.46319e-09
  26-th band diff =     3.30230e-09
  27-th band diff =     4.15503e-09
  28-th band diff =     3.42199e-09
  29-th band diff =     5.06038e-09
  30-th band diff =     3.93395e-09
  31-th band diff =     4.53499e-09
  32-th band diff =     3.71117e-09
  33-th band diff =     4.87716e-09
  34-th band diff =     3.49517e-09
  35-th band diff =     4.88876e-09
  36-th band diff =     4.05978e-09
  37-th band diff =     5.35574e-09
  38-th band diff =     4.50380e-09
  39-th band diff =     5.26133e-09
  40-th band diff =     4.94984e-09
  41-th band diff =     6.16236e-09
  42-th band diff =     4.30161e-09
  43-th band diff =     5.17630e-09
  44-th band diff =     4.99250e-09
  45-th band diff =     6.72644e-09
  46-th band diff =     5.33726e-09
  47-th band diff =     6.55987e-09
  48-th band diff =     4.94957e-09
  49-th band diff =     6.93248e-09
  50-th band diff =     5.31995e-09
  51-th band diff =     6.90554e-09
  52-th band diff =     5.24290e-09
  53-th band diff =     7.36742e-09
  54-th band diff =     5.81496e-09
  55-th band diff =     7.20884e-09
  56-th band diff =     5.98605e-09
  57-th band diff =     7.55088e-09
  58-th band diff =     6.24147e-09
  59-th band diff =     7.76648e-09
  60-th band diff =     6.88807e-09
  61-th band diff =     8.02553e-09
  62-th band diff =     7.10295e-09
  63-th band diff =     8.72880e-09
  64-th band diff =     7.54231e-09
  65-th band diff =     1.01265e-08
  66-th band diff =     8.00657e-09
  67-th band diff =     1.02995e-08
  68-th band diff =     9.57712e-09
  69-th band diff =     1.25827e-08
  70-th band diff =     1.05335e-08
  71-th band diff =     1.39181e-08
  72-th band diff =     1.17620e-08
  73-th band diff =     1.44115e-08
  74-th band diff =     1.24454e-08
  75-th band diff =     1.85497e-08
  76-th band diff =     1.52295e-08
  77-th band diff =     1.98040e-08
  78-th band diff =     1.72598e-08
  79-th band diff =     2.31730e-08
  80-th band diff =     1.94952e-08
  81-th band diff =     2.31855e-08
  82-th band diff =     2.21047e-08
  83-th band diff =     2.84827e-08
  84-th band diff =     2.78765e-08
  85-th band diff =     3.55006e-08
  86-th band diff =     3.59704e-08
  87-th band diff =     4.00655e-08
  88-th band diff =     7.44326e-08
  89-th band diff =     1.75860e-07
  OmegaI  =   22.4572434189
  OmegaD  =    0.0002179718
  OmegaOD =   16.2226248568
  WF num,                    center in cartesian coords,    spread (A^2)
       1   (     0.000000,    -0.000000,    -0.000000 )       1.44792179
       2   (    -0.000000,     0.000000,     0.000000 )       1.44792179
       3   (    -0.000000,    -0.000000,    -0.000000 )       1.41835002
       4   (     0.000000,     0.000000,     0.000000 )       1.41835002
       5   (    -0.000000,    -0.000000,     0.000000 )       1.44109284
       6   (     0.000000,     0.000000,     0.000000 )       1.44109284
       7   (     0.000000,     0.000000,    -0.000000 )       1.44109293
       8   (    -0.000000,    -0.000000,    -0.000000 )       1.44109293
       9   (    -0.000000,    -0.000000,     0.000000 )       0.50060456
      10   (     0.000000,     0.000000,     0.000000 )       0.50060456
      11   (    -0.000000,    -0.000000,     0.000000 )       0.46770336
      12   (     0.000000,     0.000000,     0.000000 )       0.46770336
      13   (    -0.000000,    -0.000000,    -0.000000 )       0.46770336
      14   (     0.000000,     0.000000,    -0.000000 )       0.46770336
      15   (    -0.000000,    -0.000000,     0.000000 )       0.49617179
      16   (     0.000000,     0.000000,     0.000000 )       0.49617179
      17   (     0.000000,    -0.000000,     0.000000 )       0.48818391
      18   (    -0.000000,     0.000000,     0.000000 )       0.48818391
      19   (     1.364072,     1.364072,     1.889492 )       1.74764485
      20   (     1.364072,     1.364072,     1.889492 )       1.74764485
      21   (     1.364072,     1.364072,     1.889492 )       1.74536053
      22   (     1.364072,     1.364072,     1.889492 )       1.74536053
      23   (     1.364072,     1.364072,     1.889492 )       1.69652419
      24   (     1.364072,     1.364072,     1.889492 )       1.69652419
      25   (     1.364072,     1.364072,     1.889492 )       1.69652488
      26   (     1.364072,     1.364072,     1.889492 )       1.69652488
      27   (     1.364072,     1.364072,     1.889492 )       0.86498330
      28   (     1.364072,     1.364072,     1.889492 )       0.86498330
      29   (     1.364072,     1.364072,     1.889492 )       0.85831482
      30   (     1.364072,     1.364072,     1.889492 )       0.85831482
      31   (     1.364072,     1.364072,     1.889492 )       0.85831490
      32   (     1.364072,     1.364072,     1.889492 )       0.85831490
      33   (     1.364072,     1.364072,     1.889492 )       0.82847858
      34   (     1.364072,     1.364072,     1.889492 )       0.82847858
      35   (     1.364072,     1.364072,     1.889492 )       0.87507252
      36   (     1.364072,     1.364072,     1.889492 )       0.87507252

 total time               :        20.14m
 sym read                 :         0.24m  (       14.15s for each call) 
 mmn read                 :         0.70m  (       42.25s for each call) 
 amn read                 :         0.02m  (        1.12s for each call) 
