
     Program BANDS v.7.0 starts on  2Aug2023 at 13:48:41 

     This program is part of the open-source Quantum ESPRESSO suite
     for quantum simulation of materials; please cite
         "P. Giannozzi et al., J. Phys.:Condens. Matter 21 395502 (2009);
         "P. Giannozzi et al., J. Phys.:Condens. Matter 29 465901 (2017);
         "P. Giannozzi et al., J. Chem. Phys. 152 154105 (2020);
          URL http://www.quantum-espresso.org", 
     in publications or presentations arising from this work. More details at
     http://www.quantum-espresso.org/quote

     Parallel version (MPI), running on    22 processors

     MPI processes distributed on     1 nodes
     R & G space division:  proc/nbgrp/npool/nimage =      22
     37692 MiB available memory on the printing compute node when the environment starts
 

     Reading xml data from directory:

     ./work/pwscf.save/
     file Pt.rel-pbe-n-rrkjus_psl.0.1.UPF: wavefunction(s)  5D renormalized

     IMPORTANT: XC functional enforced from input :
     Exchange-correlation= PBE
                           (   1   4   3   4   0   0   0)
     Any further DFT definition will be discarded
     Please, verify this is what you really want

 
     Parallelization info
     --------------------
     sticks:   dense  smooth     PW     G-vecs:    dense   smooth      PW
     Min          74      24      8                 3184      596     106
     Max          75      25      9                 3189      601     109
     Sum        1649     545    177                70151    13173    2357
 
     Using Slab Decomposition
 

     Check: negative core charge=   -0.000005
     Reading collected, re-writing distributed wavefunctions
 isnan F       15680          10           1
 isnan F       15680          10           2
 isnan F       15680          10           3
 isnan F       15680          10           4
 isnan F       15680          10           5
 isnan F       15680          10           6
 isnan F       15680          10           7
 isnan F       15680          10           8
 isnan F       15680          10           9
 isnan F       15680          10          10
 isnan F       15680          10          11
 isnan F       15680          10          12
 isnan F       15680          10          13
 isnan F       15680          10          14
 isnan F       15680          10          15
 isnan F       15680          10          16
 isnan F       15680          10          17
 isnan F       15680          10          18
 isnan F       15680          10          19
 isnan F       15680          10          20
 isnan F       15680          10          21
 isnan F       15680          10          22
 isnan F       15680          10          23
 isnan F       15680          10          24
 isnan F       15680          10          25
 isnan F       15680          10          26
 isnan F       15680          10          27
 isnan F       15680          10          28
 isnan F       15680          10          29
 isnan F       15680          10          30
 isnan F       15680          10          31
 isnan F       15680          10          32
 isnan F       15680          10          33
 isnan F       15680          10          34
 isnan F       15680          10          35
 isnan F       15680          10          36
 isnan F       15680          10          37
 isnan F       15680          10          38
 isnan F       15680          10          39
 isnan F       15680          10          40
 isnan F       15680          10          41
 isnan F       15680          10          42
 isnan F       15680          10          43
 isnan F       15680          10          44
 isnan F       15680          10          45
 isnan F       15680          10          46
 isnan F       15680          10          47
 isnan F       15680          10          48
 isnan F       15680          10          49
 isnan F       15680          10          50
 isnan F       15680          10          51
 isnan F       15680          10          52
 isnan F       15680          10          53
 isnan F       15680          10          54
 isnan F       15680          10          55
 isnan F       15680          10          56
 isnan F       15680          10          57
 isnan F       15680          10          58
 isnan F       15680          10          59
 isnan F       15680          10          60
 isnan F       15680          10          61
 isnan F       15680          10          62
 isnan F       15680          10          63
 isnan F       15680          10          64
 isnan F       15680          10          65
 isnan F       15680          10          66
 isnan F       15680          10          67
 isnan F       15680          10          68
 isnan F       15680          10          69
 isnan F       15680          10          70
 isnan F       15680          10          71
 isnan F       15680          10          72
 isnan F       15680          10          73
 isnan F       15680          10          74
 isnan F       15680          10          75
 isnan F       15680          10          76
 isnan F       15680          10          77
 isnan F       15680          10          78
 isnan F       15680          10          79
 isnan F       15680          10          80
 isnan F       15680          10          81
 isnan F       15680          10          82
 isnan F       15680          10          83
 isnan F       15680          10          84
 isnan F       15680          10          85
 isnan F       15680          10          86
 isnan F       15680          10          87
 isnan F       15680          10          88
 isnan F       15680          10          89
 isnan F       15680          10          90
 isnan F       15680          10          91
 isnan F       15680          10          92
 isnan F       15680          10          93
 isnan F       15680          10          94
 isnan F       15680          10          95
 isnan F       15680          10          96
 isnan F       15680          10          97
 isnan F       15680          10          98
 isnan F       15680          10          99
 isnan F       15680          10         100
 isnan F       15680          10         101
 isnan F       15680          10         102
 isnan F       15680          10         103
 isnan F       15680          10         104
 isnan F       15680          10         105
 isnan F       15680          10         106
 isnan F       15680          10         107
 isnan F       15680          10         108
 isnan F       15680          10         109
 isnan F       15680          10         110
 isnan F       15680          10         111
 isnan F       15680          10         112
 isnan F       15680          10         113
 isnan F       15680          10         114
 isnan F       15680          10         115
 isnan F       15680          10         116
 isnan F       15680          10         117
 isnan F       15680          10         118
 isnan F       15680          10         119
 isnan F       15680          10         120
 isnan F       15680          10         121
 isnan F       15680          10         122
 isnan F       15680          10         123
 isnan F       15680          10         124
 isnan F       15680          10         125
 isnan F       15680          10         126
 isnan F       15680          10         127
 isnan F       15680          10         128
 isnan F       15680          10         129
 isnan F       15680          10         130
 isnan F       15680          10         131
 isnan F       15680          10         132
 isnan F       15680          10         133
 isnan F       15680          10         134
 isnan F       15680          10         135
 isnan F       15680          10         136
 isnan F       15680          10         137
 isnan F       15680          10         138
 isnan F       15680          10         139
 isnan F       15680          10         140
 isnan F       15680          10         141
 isnan F       15680          10         142
 isnan F       15680          10         143
 isnan F       15680          10         144
 isnan F       15680          10         145
 isnan F       15680          10         146
 isnan F       15680          10         147
 isnan F       15680          10         148
 isnan F       15680          10         149
 isnan F       15680          10         150
 isnan F       15680          10         151
 isnan F       15680          10         152
 isnan F       15680          10         153
 isnan F       15680          10         154
 isnan F       15680          10         155
 isnan F       15680          10         156
 isnan F       15680          10         157
 isnan F       15680          10         158
 isnan F       15680          10         159
 isnan F       15680          10         160
 isnan F       15680          10         161
 isnan F       15680          10         162
 isnan F       15680          10         163
 isnan F       15680          10         164
 isnan F       15680          10         165
 isnan F       15680          10         166
 isnan F       15680          10         167
 isnan F       15680          10         168
 isnan F       15680          10         169
 isnan F       15680          10         170
 isnan F       15680          10         171
 isnan F       15680          10         172
 isnan F       15680          10         173
 isnan F       15680          10         174
 isnan F       15680          10         175
 isnan F       15680          10         176
 isnan F       15680          10         177
 isnan F       15680          10         178
 isnan F       15680          10         179
 isnan F       15680          10         180
 isnan F       15680          10         181
 isnan F       15680          10         182
 isnan F       15680          10         183
 isnan F       15680          10         184
 isnan F       15680          10         185
 isnan F       15680          10         186
 isnan F       15680          10         187
 isnan F       15680          10         188
 isnan F       15680          10         189
 isnan F       15680          10         190
 isnan F       15680          10         191
 isnan F       15680          10         192
 isnan F       15680          10         193
 isnan F       15680          10         194
 isnan F       15680          10         195
 isnan F       15680          10         196
 isnan F       15680          10         197
 isnan F       15680          10         198
 isnan F       15680          10         199
 isnan F       15680          10         200
 isnan F       15680          10         201
 isnan F       15680          10         202
 isnan F       15680          10         203
 isnan F       15680          10         204
 isnan F       15680          10         205
 isnan F       15680          10         206
 isnan F       15680          10         207
 isnan F       15680          10         208
 isnan F       15680          10         209
 isnan F       15680          10         210
 isnan F       15680          10         211
     high-symmetry point:  0.0000 0.0000 0.0000   x coordinate   0.0000
     high-symmetry point:  0.0000 0.5000 0.0000   x coordinate   0.5000
     high-symmetry point:  0.5000 0.5000 0.0000   x coordinate   1.0000
     high-symmetry point:  0.0000 0.0000 0.0000   x coordinate   1.7071
     high-symmetry point:  0.0000 0.0000 0.3610   x coordinate   2.0681
     high-symmetry point:  0.0000 0.5000 0.3610   x coordinate   2.5681
     high-symmetry point:  0.5000 0.5000 0.3610   x coordinate   3.0681
     high-symmetry point:  0.0000 0.0000 0.3610   x coordinate   3.7752

     Plottable bands (eV) written to file band.gnu
     Bands written to file band

 %%%%%%%%%%%%%%%%%%%%%%%%%%%%%%%%%%%%%%%%%%%%%%%%%%%%%%%%%%%%%%%%%%%%%%%%%%%%%%
     Error in routine divide_class_so (1):
     wrong angle
 %%%%%%%%%%%%%%%%%%%%%%%%%%%%%%%%%%%%%%%%%%%%%%%%%%%%%%%%%%%%%%%%%%%%%%%%%%%%%%

     stopping ...

 %%%%%%%%%%%%%%%%%%%%%%%%%%%%%%%%%%%%%%%%%%%%%%%%%%%%%%%%%%%%%%%%%%%%%%%%%%%%%%
     Error in routine divide_class_so (1):
     wrong angle
 %%%%%%%%%%%%%%%%%%%%%%%%%%%%%%%%%%%%%%%%%%%%%%%%%%%%%%%%%%%%%%%%%%%%%%%%%%%%%%

     stopping ...

 %%%%%%%%%%%%%%%%%%%%%%%%%%%%%%%%%%%%%%%%%%%%%%%%%%%%%%%%%%%%%%%%%%%%%%%%%%%%%%
     Error in routine divide_class_so (1):
     wrong angle
 %%%%%%%%%%%%%%%%%%%%%%%%%%%%%%%%%%%%%%%%%%%%%%%%%%%%%%%%%%%%%%%%%%%%%%%%%%%%%%

     stopping ...

 %%%%%%%%%%%%%%%%%%%%%%%%%%%%%%%%%%%%%%%%%%%%%%%%%%%%%%%%%%%%%%%%%%%%%%%%%%%%%%
     Error in routine divide_class_so (1):
     wrong angle
 %%%%%%%%%%%%%%%%%%%%%%%%%%%%%%%%%%%%%%%%%%%%%%%%%%%%%%%%%%%%%%%%%%%%%%%%%%%%%%

     stopping ...

 %%%%%%%%%%%%%%%%%%%%%%%%%%%%%%%%%%%%%%%%%%%%%%%%%%%%%%%%%%%%%%%%%%%%%%%%%%%%%%
     Error in routine divide_class_so (1):
     wrong angle
 %%%%%%%%%%%%%%%%%%%%%%%%%%%%%%%%%%%%%%%%%%%%%%%%%%%%%%%%%%%%%%%%%%%%%%%%%%%%%%

     stopping ...

 %%%%%%%%%%%%%%%%%%%%%%%%%%%%%%%%%%%%%%%%%%%%%%%%%%%%%%%%%%%%%%%%%%%%%%%%%%%%%%
     Error in routine divide_class_so (1):
     wrong angle
 %%%%%%%%%%%%%%%%%%%%%%%%%%%%%%%%%%%%%%%%%%%%%%%%%%%%%%%%%%%%%%%%%%%%%%%%%%%%%%

     stopping ...

 %%%%%%%%%%%%%%%%%%%%%%%%%%%%%%%%%%%%%%%%%%%%%%%%%%%%%%%%%%%%%%%%%%%%%%%%%%%%%%
     Error in routine divide_class_so (1):
     wrong angle
 %%%%%%%%%%%%%%%%%%%%%%%%%%%%%%%%%%%%%%%%%%%%%%%%%%%%%%%%%%%%%%%%%%%%%%%%%%%%%%

     stopping ...

 %%%%%%%%%%%%%%%%%%%%%%%%%%%%%%%%%%%%%%%%%%%%%%%%%%%%%%%%%%%%%%%%%%%%%%%%%%%%%%
     Error in routine divide_class_so (1):
     wrong angle
 %%%%%%%%%%%%%%%%%%%%%%%%%%%%%%%%%%%%%%%%%%%%%%%%%%%%%%%%%%%%%%%%%%%%%%%%%%%%%%

     stopping ...

 %%%%%%%%%%%%%%%%%%%%%%%%%%%%%%%%%%%%%%%%%%%%%%%%%%%%%%%%%%%%%%%%%%%%%%%%%%%%%%
     Error in routine divide_class_so (1):
     wrong angle
 %%%%%%%%%%%%%%%%%%%%%%%%%%%%%%%%%%%%%%%%%%%%%%%%%%%%%%%%%%%%%%%%%%%%%%%%%%%%%%

     stopping ...

 %%%%%%%%%%%%%%%%%%%%%%%%%%%%%%%%%%%%%%%%%%%%%%%%%%%%%%%%%%%%%%%%%%%%%%%%%%%%%%
     Error in routine divide_class_so (1):
     wrong angle
 %%%%%%%%%%%%%%%%%%%%%%%%%%%%%%%%%%%%%%%%%%%%%%%%%%%%%%%%%%%%%%%%%%%%%%%%%%%%%%

     stopping ...

 %%%%%%%%%%%%%%%%%%%%%%%%%%%%%%%%%%%%%%%%%%%%%%%%%%%%%%%%%%%%%%%%%%%%%%%%%%%%%%
     Error in routine divide_class_so (1):
     wrong angle
 %%%%%%%%%%%%%%%%%%%%%%%%%%%%%%%%%%%%%%%%%%%%%%%%%%%%%%%%%%%%%%%%%%%%%%%%%%%%%%

     stopping ...

 %%%%%%%%%%%%%%%%%%%%%%%%%%%%%%%%%%%%%%%%%%%%%%%%%%%%%%%%%%%%%%%%%%%%%%%%%%%%%%
     Error in routine divide_class_so (1):
     wrong angle
 %%%%%%%%%%%%%%%%%%%%%%%%%%%%%%%%%%%%%%%%%%%%%%%%%%%%%%%%%%%%%%%%%%%%%%%%%%%%%%

     stopping ...

 %%%%%%%%%%%%%%%%%%%%%%%%%%%%%%%%%%%%%%%%%%%%%%%%%%%%%%%%%%%%%%%%%%%%%%%%%%%%%%
     Error in routine divide_class_so (1):
     wrong angle
 %%%%%%%%%%%%%%%%%%%%%%%%%%%%%%%%%%%%%%%%%%%%%%%%%%%%%%%%%%%%%%%%%%%%%%%%%%%%%%

     stopping ...

 %%%%%%%%%%%%%%%%%%%%%%%%%%%%%%%%%%%%%%%%%%%%%%%%%%%%%%%%%%%%%%%%%%%%%%%%%%%%%%
     Error in routine divide_class_so (1):
     wrong angle
 %%%%%%%%%%%%%%%%%%%%%%%%%%%%%%%%%%%%%%%%%%%%%%%%%%%%%%%%%%%%%%%%%%%%%%%%%%%%%%

     stopping ...

 %%%%%%%%%%%%%%%%%%%%%%%%%%%%%%%%%%%%%%%%%%%%%%%%%%%%%%%%%%%%%%%%%%%%%%%%%%%%%%
     Error in routine divide_class_so (1):
     wrong angle
 %%%%%%%%%%%%%%%%%%%%%%%%%%%%%%%%%%%%%%%%%%%%%%%%%%%%%%%%%%%%%%%%%%%%%%%%%%%%%%

     stopping ...

 %%%%%%%%%%%%%%%%%%%%%%%%%%%%%%%%%%%%%%%%%%%%%%%%%%%%%%%%%%%%%%%%%%%%%%%%%%%%%%
     Error in routine divide_class_so (1):
     wrong angle
 %%%%%%%%%%%%%%%%%%%%%%%%%%%%%%%%%%%%%%%%%%%%%%%%%%%%%%%%%%%%%%%%%%%%%%%%%%%%%%

     stopping ...

 %%%%%%%%%%%%%%%%%%%%%%%%%%%%%%%%%%%%%%%%%%%%%%%%%%%%%%%%%%%%%%%%%%%%%%%%%%%%%%
     Error in routine divide_class_so (1):
     wrong angle
 %%%%%%%%%%%%%%%%%%%%%%%%%%%%%%%%%%%%%%%%%%%%%%%%%%%%%%%%%%%%%%%%%%%%%%%%%%%%%%

     stopping ...

 %%%%%%%%%%%%%%%%%%%%%%%%%%%%%%%%%%%%%%%%%%%%%%%%%%%%%%%%%%%%%%%%%%%%%%%%%%%%%%
     Error in routine divide_class_so (1):
     wrong angle
 %%%%%%%%%%%%%%%%%%%%%%%%%%%%%%%%%%%%%%%%%%%%%%%%%%%%%%%%%%%%%%%%%%%%%%%%%%%%%%

     stopping ...

 %%%%%%%%%%%%%%%%%%%%%%%%%%%%%%%%%%%%%%%%%%%%%%%%%%%%%%%%%%%%%%%%%%%%%%%%%%%%%%
     Error in routine divide_class_so (1):
     wrong angle
 %%%%%%%%%%%%%%%%%%%%%%%%%%%%%%%%%%%%%%%%%%%%%%%%%%%%%%%%%%%%%%%%%%%%%%%%%%%%%%

     stopping ...

 %%%%%%%%%%%%%%%%%%%%%%%%%%%%%%%%%%%%%%%%%%%%%%%%%%%%%%%%%%%%%%%%%%%%%%%%%%%%%%
     Error in routine divide_class_so (1):
     wrong angle
 %%%%%%%%%%%%%%%%%%%%%%%%%%%%%%%%%%%%%%%%%%%%%%%%%%%%%%%%%%%%%%%%%%%%%%%%%%%%%%

     stopping ...

 %%%%%%%%%%%%%%%%%%%%%%%%%%%%%%%%%%%%%%%%%%%%%%%%%%%%%%%%%%%%%%%%%%%%%%%%%%%%%%
     Error in routine divide_class_so (1):
     wrong angle
 %%%%%%%%%%%%%%%%%%%%%%%%%%%%%%%%%%%%%%%%%%%%%%%%%%%%%%%%%%%%%%%%%%%%%%%%%%%%%%

     stopping ...

 %%%%%%%%%%%%%%%%%%%%%%%%%%%%%%%%%%%%%%%%%%%%%%%%%%%%%%%%%%%%%%%%%%%%%%%%%%%%%%
     Error in routine divide_class_so (1):
     wrong angle
 %%%%%%%%%%%%%%%%%%%%%%%%%%%%%%%%%%%%%%%%%%%%%%%%%%%%%%%%%%%%%%%%%%%%%%%%%%%%%%

     stopping ...
