
     Program PWSCF v.7.1 starts on 11Nov2022 at 13:52:22 

     This program is part of the open-source Quantum ESPRESSO suite
     for quantum simulation of materials; please cite
         "P. Giannozzi et al., J. Phys.:Condens. Matter 21 395502 (2009);
         "P. Giannozzi et al., J. Phys.:Condens. Matter 29 465901 (2017);
         "P. Giannozzi et al., J. Chem. Phys. 152 154105 (2020);
          URL http://www.quantum-espresso.org", 
     in publications or presentations arising from this work. More details at
     http://www.quantum-espresso.org/quote

     Parallel version (MPI), running on    12 processors

     MPI processes distributed on     1 nodes
     376404 MiB available memory on the printing compute node when the environment starts
 
     Waiting for input...
     Reading input from standard input

     Current dimensions of program PWSCF are:
     Max number of different atomic species (ntypx) = 10
     Max number of k-points (npk) =  40000
     Max angular momentum in pseudopotentials (lmaxx) =  4
 
     K-points division:     npool     =       3
     R & G space division:  proc/nbgrp/npool/nimage =       4
     Subspace diagonalization in iterative solution of the eigenvalue problem:
     a serial algorithm will be used

 
     Parallelization info
     --------------------
     sticks:   dense  smooth     PW     G-vecs:    dense   smooth      PW
     Min         412     136     43                17536     3292     565
     Max         413     137     45                17541     3295     566
     Sum        1649     545    177                70151    13173    2261
 
     Using Slab Decomposition
 


     bravais-lattice index     =            6
     lattice parameter (alat)  =       5.1554  a.u.
     unit-cell volume          =     189.8042 (a.u.)^3
     number of atoms/cell      =            2
     number of atomic types    =            2
     number of electrons       =        26.00
     number of Kohn-Sham states=           17
     kinetic-energy cutoff     =      64.0000  Ry
     charge density cutoff     =     782.0000  Ry
     scf convergence threshold =      1.0E-08
     mixing beta               =       0.1000
     number of iterations used =            8  plain     mixing
     Exchange-correlation= PBE
                           (   1   4   3   4   0   0   0)

     celldm(1)=   5.155443  celldm(2)=   0.000000  celldm(3)=   1.385185
     celldm(4)=   0.000000  celldm(5)=   0.000000  celldm(6)=   0.000000

     crystal axes: (cart. coord. in units of alat)
               a(1) = (   1.000000   0.000000   0.000000 )  
               a(2) = (   0.000000   1.000000   0.000000 )  
               a(3) = (   0.000000   0.000000   1.385185 )  

     reciprocal axes: (cart. coord. in units 2 pi/alat)
               b(1) = (  1.000000  0.000000  0.000000 )  
               b(2) = (  0.000000  1.000000  0.000000 )  
               b(3) = (  0.000000  0.000000  0.721925 )  


     PseudoPot. # 1 for Fe read from file:
     /home4/koretsune/PWSCF/pseudo_psl031/Fe.pbe-spn-rrkjus_psl.0.2.1.UPF
     MD5 check sum: ffcf0347a832ff25cbd6031c7d0b600f
     Pseudo is Ultrasoft + core correction, Zval = 16.0
     Generated using "atomic" code by A. Dal Corso  v.5.0.99 svn rev. 10869
     Using radial grid of 1191 points,  6 beta functions with: 
                l(1) =   0
                l(2) =   0
                l(3) =   1
                l(4) =   1
                l(5) =   2
                l(6) =   2
     Q(r) pseudized with 0 coefficients 


     PseudoPot. # 2 for Pt read from file:
     /home4/koretsune/PWSCF/pseudo_psl031/Pt.pbe-n-rrkjus_psl.0.1.UPF
     MD5 check sum: ce1107d01e17cc1780a3d2e71dd4890e
     Pseudo is Ultrasoft + core correction, Zval = 10.0
     Generated using "atomic" code by A. Dal Corso  v.5.0.99 svn rev. 10869
     Using radial grid of 1277 points,  6 beta functions with: 
                l(1) =   0
                l(2) =   0
                l(3) =   1
                l(4) =   1
                l(5) =   2
                l(6) =   2
     Q(r) pseudized with 0 coefficients 


     atomic species   valence    mass     pseudopotential
        Fe            16.00    55.84500     Fe( 1.00)
        Pt            10.00   195.08400     Pt( 1.00)

     Starting magnetic structure 
     atomic species   magnetization
        Fe           1.000
        Pt           1.000

     16 Sym. Ops., with inversion, found



   Cartesian axes

     site n.     atom                  positions (alat units)
         1           Fe  tau(   1) = (   0.0000000   0.0000000   0.0000000  )
         2           Pt  tau(   2) = (   0.5000000   0.5000000   0.6925927  )

     number of k points=   140  Methfessel-Paxton smearing, width (Ry)=  0.0100

     Number of k-points >= 100: set verbosity='high' to print them.

     Dense  grid:    70151 G-vectors     FFT dimensions: (  45,  45,  64)

     Smooth grid:    13173 G-vectors     FFT dimensions: (  27,  27,  40)

     Estimated max dynamical RAM per process >      49.59 MB

     Estimated total dynamical RAM >     526.56 MB

     Check: negative core charge=   -0.000005
     Generating pointlists ...
     new r_m :   0.4083 (alat units)  2.1049 (a.u.) for type    1
     new r_m :   0.4083 (alat units)  2.1049 (a.u.) for type    2

     Initial potential from superposition of free atoms

     starting charge      25.9994, renormalised to      26.0000
     Starting wfcs are   22 randomized atomic wfcs

     total cpu time spent up to now is        1.3 secs

     Self-consistent Calculation

     iteration #  1     ecut=    64.00 Ry     beta= 0.10
     Davidson diagonalization with overlap
     ethr =  1.00E-02,  avg # of iterations =  2.9

     negative rho (up, down):  0.000E+00 4.516E-05

     total cpu time spent up to now is        2.6 secs

     total energy              =    -323.49877872 Ry
     estimated scf accuracy    <       4.26923546 Ry

     total magnetization       =     6.30 Bohr mag/cell
     absolute magnetization    =     6.31 Bohr mag/cell

     iteration #  2     ecut=    64.00 Ry     beta= 0.10
     Davidson diagonalization with overlap
     ethr =  1.00E-02,  avg # of iterations =  1.1

     negative rho (up, down):  0.000E+00 9.341E-05

     total cpu time spent up to now is        3.5 secs

     total energy              =    -325.55977679 Ry
     estimated scf accuracy    <       3.38496286 Ry

     total magnetization       =     6.01 Bohr mag/cell
     absolute magnetization    =     6.01 Bohr mag/cell

     iteration #  3     ecut=    64.00 Ry     beta= 0.10
     Davidson diagonalization with overlap
     ethr =  1.00E-02,  avg # of iterations =  1.2

     negative rho (up, down):  0.000E+00 1.012E-04

     total cpu time spent up to now is        4.4 secs

     total energy              =    -326.06583016 Ry
     estimated scf accuracy    <       2.11729591 Ry

     total magnetization       =     4.92 Bohr mag/cell
     absolute magnetization    =     4.99 Bohr mag/cell

     iteration #  4     ecut=    64.00 Ry     beta= 0.10
     Davidson diagonalization with overlap
     ethr =  8.14E-03,  avg # of iterations =  1.0

     negative rho (up, down):  0.000E+00 1.839E-04

     total cpu time spent up to now is        5.4 secs

     total energy              =    -326.93707682 Ry
     estimated scf accuracy    <       0.98552795 Ry

     total magnetization       =     4.91 Bohr mag/cell
     absolute magnetization    =     4.96 Bohr mag/cell

     iteration #  5     ecut=    64.00 Ry     beta= 0.10
     Davidson diagonalization with overlap
     ethr =  3.79E-03,  avg # of iterations =  1.4

     negative rho (up, down):  0.000E+00 1.880E-04

     total cpu time spent up to now is        6.3 secs

     total energy              =    -327.12301383 Ry
     estimated scf accuracy    <       0.47317869 Ry

     total magnetization       =     3.33 Bohr mag/cell
     absolute magnetization    =     3.56 Bohr mag/cell

     iteration #  6     ecut=    64.00 Ry     beta= 0.10
     Davidson diagonalization with overlap
     ethr =  1.82E-03,  avg # of iterations =  1.1

     negative rho (up, down):  0.000E+00 1.608E-04

     total cpu time spent up to now is        7.1 secs

     total energy              =    -327.00432583 Ry
     estimated scf accuracy    <       0.54622286 Ry

     total magnetization       =     3.36 Bohr mag/cell
     absolute magnetization    =     3.55 Bohr mag/cell

     iteration #  7     ecut=    64.00 Ry     beta= 0.10
     Davidson diagonalization with overlap
     ethr =  1.82E-03,  avg # of iterations =  1.9

     negative rho (up, down):  0.000E+00 1.617E-04

     total cpu time spent up to now is        8.1 secs

     total energy              =    -327.07946039 Ry
     estimated scf accuracy    <       0.02945255 Ry

     total magnetization       =     3.43 Bohr mag/cell
     absolute magnetization    =     3.63 Bohr mag/cell

     iteration #  8     ecut=    64.00 Ry     beta= 0.10
     Davidson diagonalization with overlap
     ethr =  1.13E-04,  avg # of iterations =  2.1

     negative rho (up, down):  0.000E+00 1.599E-04

     total cpu time spent up to now is        9.1 secs

     total energy              =    -327.08019824 Ry
     estimated scf accuracy    <       0.02107097 Ry

     total magnetization       =     3.39 Bohr mag/cell
     absolute magnetization    =     3.59 Bohr mag/cell

     iteration #  9     ecut=    64.00 Ry     beta= 0.10
     Davidson diagonalization with overlap
     ethr =  8.10E-05,  avg # of iterations =  1.1

     negative rho (up, down):  0.000E+00 1.379E-04

     total cpu time spent up to now is        9.9 secs

     total energy              =    -327.07685194 Ry
     estimated scf accuracy    <       0.01319144 Ry

     total magnetization       =     3.36 Bohr mag/cell
     absolute magnetization    =     3.57 Bohr mag/cell

     iteration # 10     ecut=    64.00 Ry     beta= 0.10
     Davidson diagonalization with overlap
     ethr =  5.07E-05,  avg # of iterations =  2.2

     negative rho (up, down):  0.000E+00 1.311E-04

     total cpu time spent up to now is       10.9 secs

     total energy              =    -327.07683639 Ry
     estimated scf accuracy    <       0.00774959 Ry

     total magnetization       =     3.34 Bohr mag/cell
     absolute magnetization    =     3.53 Bohr mag/cell

     iteration # 11     ecut=    64.00 Ry     beta= 0.10
     Davidson diagonalization with overlap
     ethr =  2.98E-05,  avg # of iterations =  2.1

     negative rho (up, down):  0.000E+00 1.279E-04

     total cpu time spent up to now is       11.9 secs

     total energy              =    -327.07919337 Ry
     estimated scf accuracy    <       0.00405667 Ry

     total magnetization       =     3.36 Bohr mag/cell
     absolute magnetization    =     3.55 Bohr mag/cell

     iteration # 12     ecut=    64.00 Ry     beta= 0.10
     Davidson diagonalization with overlap
     ethr =  1.56E-05,  avg # of iterations =  1.4

     negative rho (up, down):  0.000E+00 1.243E-04

     total cpu time spent up to now is       12.8 secs

     total energy              =    -327.07860282 Ry
     estimated scf accuracy    <       0.00303562 Ry

     total magnetization       =     3.33 Bohr mag/cell
     absolute magnetization    =     3.52 Bohr mag/cell

     iteration # 13     ecut=    64.00 Ry     beta= 0.10
     Davidson diagonalization with overlap
     ethr =  1.17E-05,  avg # of iterations =  2.0

     negative rho (up, down):  0.000E+00 1.232E-04

     total cpu time spent up to now is       13.7 secs

     total energy              =    -327.07906883 Ry
     estimated scf accuracy    <       0.00017334 Ry

     total magnetization       =     3.30 Bohr mag/cell
     absolute magnetization    =     3.49 Bohr mag/cell

     iteration # 14     ecut=    64.00 Ry     beta= 0.10
     Davidson diagonalization with overlap
     ethr =  6.67E-07,  avg # of iterations =  3.3

     negative rho (up, down):  0.000E+00 1.204E-04

     total cpu time spent up to now is       14.8 secs

     total energy              =    -327.07903244 Ry
     estimated scf accuracy    <       0.00011213 Ry

     total magnetization       =     3.30 Bohr mag/cell
     absolute magnetization    =     3.48 Bohr mag/cell

     iteration # 15     ecut=    64.00 Ry     beta= 0.10
     Davidson diagonalization with overlap
     ethr =  4.31E-07,  avg # of iterations =  2.0

     negative rho (up, down):  0.000E+00 1.212E-04

     total cpu time spent up to now is       15.7 secs

     total energy              =    -327.07909696 Ry
     estimated scf accuracy    <       0.00004733 Ry

     total magnetization       =     3.30 Bohr mag/cell
     absolute magnetization    =     3.48 Bohr mag/cell

     iteration # 16     ecut=    64.00 Ry     beta= 0.10
     Davidson diagonalization with overlap
     ethr =  1.82E-07,  avg # of iterations =  1.2

     negative rho (up, down):  0.000E+00 1.215E-04

     total cpu time spent up to now is       16.7 secs

     total energy              =    -327.07913048 Ry
     estimated scf accuracy    <       0.00000452 Ry

     total magnetization       =     3.30 Bohr mag/cell
     absolute magnetization    =     3.49 Bohr mag/cell

     iteration # 17     ecut=    64.00 Ry     beta= 0.10
     Davidson diagonalization with overlap
     ethr =  1.74E-08,  avg # of iterations =  2.9

     negative rho (up, down):  0.000E+00 1.221E-04

     total cpu time spent up to now is       17.7 secs

     total energy              =    -327.07915028 Ry
     estimated scf accuracy    <       0.00000559 Ry

     total magnetization       =     3.30 Bohr mag/cell
     absolute magnetization    =     3.49 Bohr mag/cell

     iteration # 18     ecut=    64.00 Ry     beta= 0.10
     Davidson diagonalization with overlap
     c_bands:  1 eigenvalues not converged
     ethr =  1.74E-08,  avg # of iterations =  2.1

     negative rho (up, down):  0.000E+00 1.222E-04

     total cpu time spent up to now is       18.7 secs

     total energy              =    -327.07916839 Ry
     estimated scf accuracy    <       0.00000609 Ry

     total magnetization       =     3.30 Bohr mag/cell
     absolute magnetization    =     3.49 Bohr mag/cell

     iteration # 19     ecut=    64.00 Ry     beta= 0.10
     Davidson diagonalization with overlap
     ethr =  1.74E-08,  avg # of iterations =  1.2

     negative rho (up, down):  0.000E+00 1.224E-04

     total cpu time spent up to now is       19.6 secs

     total energy              =    -327.07918048 Ry
     estimated scf accuracy    <       0.00000102 Ry

     total magnetization       =     3.30 Bohr mag/cell
     absolute magnetization    =     3.49 Bohr mag/cell

     iteration # 20     ecut=    64.00 Ry     beta= 0.10
     Davidson diagonalization with overlap
     ethr =  3.91E-09,  avg # of iterations =  2.0

     negative rho (up, down):  0.000E+00 1.226E-04

     total cpu time spent up to now is       20.6 secs

     total energy              =    -327.07919350 Ry
     estimated scf accuracy    <       0.00000036 Ry

     total magnetization       =     3.30 Bohr mag/cell
     absolute magnetization    =     3.49 Bohr mag/cell

     iteration # 21     ecut=    64.00 Ry     beta= 0.10
     Davidson diagonalization with overlap
     ethr =  1.37E-09,  avg # of iterations =  1.2

     negative rho (up, down):  0.000E+00 1.227E-04

     total cpu time spent up to now is       21.5 secs

     total energy              =    -327.07920321 Ry
     estimated scf accuracy    <       0.00000021 Ry

     total magnetization       =     3.30 Bohr mag/cell
     absolute magnetization    =     3.49 Bohr mag/cell

     iteration # 22     ecut=    64.00 Ry     beta= 0.10
     Davidson diagonalization with overlap
     ethr =  7.89E-10,  avg # of iterations =  1.0

     negative rho (up, down):  0.000E+00 1.228E-04

     total cpu time spent up to now is       22.4 secs

     total energy              =    -327.07921107 Ry
     estimated scf accuracy    <       0.00000014 Ry

     total magnetization       =     3.30 Bohr mag/cell
     absolute magnetization    =     3.49 Bohr mag/cell

     iteration # 23     ecut=    64.00 Ry     beta= 0.10
     Davidson diagonalization with overlap
     ethr =  5.20E-10,  avg # of iterations =  1.4

     negative rho (up, down):  0.000E+00 1.229E-04

     total cpu time spent up to now is       23.3 secs

     total energy              =    -327.07921750 Ry
     estimated scf accuracy    <       0.00000008 Ry

     total magnetization       =     3.30 Bohr mag/cell
     absolute magnetization    =     3.49 Bohr mag/cell

     iteration # 24     ecut=    64.00 Ry     beta= 0.10
     Davidson diagonalization with overlap
     ethr =  3.17E-10,  avg # of iterations =  1.0

     negative rho (up, down):  0.000E+00 1.229E-04

     total cpu time spent up to now is       24.1 secs

     total energy              =    -327.07922240 Ry
     estimated scf accuracy    <       0.00000014 Ry

     total magnetization       =     3.30 Bohr mag/cell
     absolute magnetization    =     3.49 Bohr mag/cell

     iteration # 25     ecut=    64.00 Ry     beta= 0.10
     Davidson diagonalization with overlap
     ethr =  3.17E-10,  avg # of iterations =  1.5

     negative rho (up, down):  0.000E+00 1.231E-04

     total cpu time spent up to now is       25.0 secs

     total energy              =    -327.07922682 Ry
     estimated scf accuracy    <       0.00000005 Ry

     total magnetization       =     3.30 Bohr mag/cell
     absolute magnetization    =     3.49 Bohr mag/cell

     iteration # 26     ecut=    64.00 Ry     beta= 0.10
     Davidson diagonalization with overlap
     ethr =  1.97E-10,  avg # of iterations =  2.2

     negative rho (up, down):  0.000E+00 1.231E-04

     total cpu time spent up to now is       26.0 secs

     total energy              =    -327.07922998 Ry
     estimated scf accuracy    <       0.00000001 Ry

     total magnetization       =     3.30 Bohr mag/cell
     absolute magnetization    =     3.49 Bohr mag/cell

     iteration # 27     ecut=    64.00 Ry     beta= 0.10
     Davidson diagonalization with overlap
     ethr =  4.47E-11,  avg # of iterations =  2.3

     negative rho (up, down):  0.000E+00 1.232E-04

     total cpu time spent up to now is       27.1 secs

     total energy              =    -327.07923292 Ry
     estimated scf accuracy    <       0.00000003 Ry

     total magnetization       =     3.30 Bohr mag/cell
     absolute magnetization    =     3.49 Bohr mag/cell

     iteration # 28     ecut=    64.00 Ry     beta= 0.10
     Davidson diagonalization with overlap
     ethr =  4.47E-11,  avg # of iterations =  2.2

     negative rho (up, down):  0.000E+00 1.239E-04
 
     Magnetic moment per site  (integrated on atomic sphere of radius R)
     atom   1 (R=0.408)  charge= 14.7389  magn=  2.9859
     atom   2 (R=0.408)  charge=  7.9192  magn=  0.3853

     total cpu time spent up to now is       28.1 secs

     End of self-consistent calculation

     Number of k-points >= 100: set verbosity='high' to print the bands.

     the Fermi energy is    16.9627 ev

!    total energy              =    -327.07924499 Ry
     estimated scf accuracy    <          2.4E-09 Ry
     smearing contrib. (-TS)   =      -0.00006644 Ry
     internal energy E=F+TS    =    -327.07917855 Ry

     The total energy is F=E-TS. E is the sum of the following terms:
     one-electron contribution =    -123.83626650 Ry
     hartree contribution      =      83.03359498 Ry
     xc contribution           =     -66.55394683 Ry
     ewald contribution        =    -219.72256019 Ry

     total magnetization       =     3.30 Bohr mag/cell
     absolute magnetization    =     3.49 Bohr mag/cell

     convergence has been achieved in  28 iterations

     negative rho (up, down):  0.000E+00 1.239E-04

     Forces acting on atoms (cartesian axes, Ry/au):

     atom    1 type  1   force =     0.00000000    0.00000000    0.00000000
     atom    2 type  2   force =     0.00000000    0.00000000    0.00000000

     Total force =     0.000000     Total SCF correction =     0.000000


     Computing stress (Cartesian axis) and pressure


     negative rho (up, down):  0.000E+00 1.239E-04
          total   stress  (Ry/bohr**3)                   (kbar)     P=        3.80
   0.00004464   0.00000000   0.00000000            6.57        0.00        0.00
   0.00000000   0.00004464   0.00000000            0.00        6.57        0.00
   0.00000000   0.00000000  -0.00001181            0.00        0.00       -1.74


     Writing all to output data dir ./work/pwscf.save/
 
     init_run     :      1.01s CPU      1.09s WALL (       1 calls)
     electrons    :     25.61s CPU     26.87s WALL (       1 calls)
     forces       :      0.28s CPU      0.29s WALL (       1 calls)
     stress       :      0.60s CPU      0.61s WALL (       1 calls)

     Called by init_run:
     wfcinit      :      0.38s CPU      0.41s WALL (       1 calls)
     potinit      :      0.09s CPU      0.10s WALL (       1 calls)
     hinit0       :      0.26s CPU      0.29s WALL (       1 calls)

     Called by electrons:
     c_bands      :     18.96s CPU     19.89s WALL (      28 calls)
     sum_band     :      5.01s CPU      5.22s WALL (      28 calls)
     v_of_rho     :      0.69s CPU      0.72s WALL (      29 calls)
     newd         :      0.79s CPU      0.81s WALL (      29 calls)
     mix_rho      :      0.08s CPU      0.09s WALL (      28 calls)

     Called by c_bands:
     init_us_2    :      0.57s CPU      0.60s WALL (    5546 calls)
     init_us_2:cp :      0.56s CPU      0.59s WALL (    5546 calls)
     cegterg      :     15.11s CPU     15.58s WALL (    2632 calls)

     Called by *egterg:
     cdiaghg      :      1.87s CPU      1.93s WALL (    7041 calls)
     h_psi        :     11.96s CPU     12.35s WALL (    7135 calls)
     s_psi        :      0.25s CPU      0.26s WALL (    7135 calls)
     g_psi        :      0.06s CPU      0.07s WALL (    4409 calls)

     Called by h_psi:
     h_psi:calbec :      0.39s CPU      0.41s WALL (    7135 calls)
     vloc_psi     :     11.21s CPU     11.57s WALL (    7135 calls)
     add_vuspsi   :      0.27s CPU      0.28s WALL (    7135 calls)

     General routines
     calbec       :      0.56s CPU      0.59s WALL (   10237 calls)
     fft          :      0.28s CPU      0.33s WALL (     763 calls)
     ffts         :      0.02s CPU      0.02s WALL (     114 calls)
     fftw         :     12.24s CPU     12.66s WALL (  243442 calls)
     interpolate  :      0.02s CPU      0.03s WALL (      58 calls)
 
     Parallel routines
 
     PWSCF        :     27.80s CPU     30.56s WALL

 
   This run was terminated on:  13:52:52  11Nov2022            

=------------------------------------------------------------------------------=
   JOB DONE.
=------------------------------------------------------------------------------=
