WannSymm version 1.2.2-alpha
seedname      = pwscf
restart state = False. (Read pwscf_hr.dat and symmetrize it)
DFT_code_type = 2
flag_soc                    = True
flag_symm_from_file         = False
flag_consider_global_trsymm = False
flag_expandrvec             = True
flag_calculate_chaeig       = False
flag_chaeig_in_kpath        = False
num of k-point              = 0 (for cha and eig calculation)
flag_bands_symmetrized      = False
flag_bands_original         = False
num of kpt per kpath        = 20
num of k-path               = 0 (for bands calculation)
num of atomtypes            = 2
name_of_atoms               = Fe    Ni    
number_of_atoms_each        = 1     1     
number of symmetries        = 8
The symmetry operations (in real space, using lattice vectors as basis) are in this file: symmetries.dat

lattice:
  2.50661  0.00000  0.00000
  0.00000  2.50661  0.00000
  0.00000  0.00000  3.58132

atoms' coordinates (Direct):
  0.00000  0.00000  0.00000
  0.50000  0.50000  0.50000

magnetization:
# of ion      x         y         z  
-----------------------------------------
    1      1.00000   0.00000   0.00000
    2      1.00000   0.00000   0.00000

symm_magnetic_tolerance = 1.000000E-03
magnetic order type: ferromagnetic or ferrimagnetic

Orbital definition:
# No.    Orbitals' position(Direct)   l mr ms  r         z-axis               x-axis             y-axis
    1    0.00000   0.00000   0.00000  0  1  0  1  0.000  0.000  1.000  1.000  0.000  0.000  0.000  1.000  0.000
    2    0.00000   0.00000   0.00000  0  1  1  1  0.000  0.000  1.000  1.000  0.000  0.000  0.000  1.000  0.000
    3    0.00000   0.00000   0.00000  1  1  0  1  0.000  0.000  1.000  1.000  0.000  0.000  0.000  1.000  0.000
    4    0.00000   0.00000   0.00000  1  1  1  1  0.000  0.000  1.000  1.000  0.000  0.000  0.000  1.000  0.000
    5    0.00000   0.00000   0.00000  1  2  0  1  0.000  0.000  1.000  1.000  0.000  0.000  0.000  1.000  0.000
    6    0.00000   0.00000   0.00000  1  2  1  1  0.000  0.000  1.000  1.000  0.000  0.000  0.000  1.000  0.000
    7    0.00000   0.00000   0.00000  1  3  0  1  0.000  0.000  1.000  1.000  0.000  0.000  0.000  1.000  0.000
    8    0.00000   0.00000   0.00000  1  3  1  1  0.000  0.000  1.000  1.000  0.000  0.000  0.000  1.000  0.000
    9    0.00000   0.00000   0.00000  2  1  0  1  0.000  0.000  1.000  1.000  0.000  0.000  0.000  1.000  0.000
   10    0.00000   0.00000   0.00000  2  1  1  1  0.000  0.000  1.000  1.000  0.000  0.000  0.000  1.000  0.000
   11    0.00000   0.00000   0.00000  2  2  0  1  0.000  0.000  1.000  1.000  0.000  0.000  0.000  1.000  0.000
   12    0.00000   0.00000   0.00000  2  2  1  1  0.000  0.000  1.000  1.000  0.000  0.000  0.000  1.000  0.000
   13    0.00000   0.00000   0.00000  2  3  0  1  0.000  0.000  1.000  1.000  0.000  0.000  0.000  1.000  0.000
   14    0.00000   0.00000   0.00000  2  3  1  1  0.000  0.000  1.000  1.000  0.000  0.000  0.000  1.000  0.000
   15    0.00000   0.00000   0.00000  2  4  0  1  0.000  0.000  1.000  1.000  0.000  0.000  0.000  1.000  0.000
   16    0.00000   0.00000   0.00000  2  4  1  1  0.000  0.000  1.000  1.000  0.000  0.000  0.000  1.000  0.000
   17    0.00000   0.00000   0.00000  2  5  0  1  0.000  0.000  1.000  1.000  0.000  0.000  0.000  1.000  0.000
   18    0.00000   0.00000   0.00000  2  5  1  1  0.000  0.000  1.000  1.000  0.000  0.000  0.000  1.000  0.000
   19    0.50000   0.50000   0.50000  0  1  0  1  0.000  0.000  1.000  1.000  0.000  0.000  0.000  1.000  0.000
   20    0.50000   0.50000   0.50000  0  1  1  1  0.000  0.000  1.000  1.000  0.000  0.000  0.000  1.000  0.000
   21    0.50000   0.50000   0.50000  1  1  0  1  0.000  0.000  1.000  1.000  0.000  0.000  0.000  1.000  0.000
   22    0.50000   0.50000   0.50000  1  1  1  1  0.000  0.000  1.000  1.000  0.000  0.000  0.000  1.000  0.000
   23    0.50000   0.50000   0.50000  1  2  0  1  0.000  0.000  1.000  1.000  0.000  0.000  0.000  1.000  0.000
   24    0.50000   0.50000   0.50000  1  2  1  1  0.000  0.000  1.000  1.000  0.000  0.000  0.000  1.000  0.000
   25    0.50000   0.50000   0.50000  1  3  0  1  0.000  0.000  1.000  1.000  0.000  0.000  0.000  1.000  0.000
   26    0.50000   0.50000   0.50000  1  3  1  1  0.000  0.000  1.000  1.000  0.000  0.000  0.000  1.000  0.000
   27    0.50000   0.50000   0.50000  2  1  0  1  0.000  0.000  1.000  1.000  0.000  0.000  0.000  1.000  0.000
   28    0.50000   0.50000   0.50000  2  1  1  1  0.000  0.000  1.000  1.000  0.000  0.000  0.000  1.000  0.000
   29    0.50000   0.50000   0.50000  2  2  0  1  0.000  0.000  1.000  1.000  0.000  0.000  0.000  1.000  0.000
   30    0.50000   0.50000   0.50000  2  2  1  1  0.000  0.000  1.000  1.000  0.000  0.000  0.000  1.000  0.000
   31    0.50000   0.50000   0.50000  2  3  0  1  0.000  0.000  1.000  1.000  0.000  0.000  0.000  1.000  0.000
   32    0.50000   0.50000   0.50000  2  3  1  1  0.000  0.000  1.000  1.000  0.000  0.000  0.000  1.000  0.000
   33    0.50000   0.50000   0.50000  2  4  0  1  0.000  0.000  1.000  1.000  0.000  0.000  0.000  1.000  0.000
   34    0.50000   0.50000   0.50000  2  4  1  1  0.000  0.000  1.000  1.000  0.000  0.000  0.000  1.000  0.000
   35    0.50000   0.50000   0.50000  2  5  0  1  0.000  0.000  1.000  1.000  0.000  0.000  0.000  1.000  0.000
   36    0.50000   0.50000   0.50000  2  5  1  1  0.000  0.000  1.000  1.000  0.000  0.000  0.000  1.000  0.000

Symmetries' info:
symm   1: Identity
symm   2: Inversion
symm   3: 180.0 deg rot around ( 0.0000, 0.0000, 1.0000) with trans ( 0.0000  0.0000  0.0000) with TRS
symm   4: 180.0 deg rot around ( 0.0000, 0.0000, 1.0000) with trans ( 0.0000  0.0000  0.0000) with inv (Mirror) with TRS
symm   5: 180.0 deg rot around ( 1.0000, 0.0000, 0.0000) with trans ( 0.0000  0.0000  0.0000)
symm   6: 180.0 deg rot around ( 1.0000, 0.0000, 0.0000) with trans ( 0.0000  0.0000  0.0000) with inv (Mirror)
symm   7: 180.0 deg rot around ( 0.0000, 1.0000, 0.0000) with trans ( 0.0000  0.0000  0.0000) with TRS
symm   8: 180.0 deg rot around ( 0.0000, 1.0000, 0.0000) with trans ( 0.0000  0.0000  0.0000) with inv (Mirror) with TRS

finished reading input files, real time elasped 1 s

Done: symmetry No.    1, real time elasped 18 s, cpu time (thread  1) 17.42 s
Done: symmetry No.    2, real time elasped 43 s, cpu time (thread  1) 41.71 s
Done: symmetry No.    3, real time elasped 65 s, cpu time (thread  1) 64.20 s
Done: symmetry No.    4, real time elasped 87 s, cpu time (thread  1) 85.18 s
Done: symmetry No.    5, real time elasped 110 s, cpu time (thread  1) 107.58 s
Done: symmetry No.    6, real time elasped 130 s, cpu time (thread  1) 127.11 s
Done: symmetry No.    7, real time elasped 153 s, cpu time (thread  1) 150.23 s
Done: symmetry No.    8, real time elasped 174 s, cpu time (thread  1) 170.47 s
Done: Average the rotated Hamiltonians. real time elasped 174 s, cpu time (thread  1) 170.73 s

All Done.  Real time elasped 176 s, cpu time (thread  1) 171.74
