  Reading pwscf_sym.dat
  num of symmetry ops.: 8
  num of irr. k-points: 100
  Reading IBZ mmn file
  Reading amn file
  symmetrize Gk diff1 =     3.33224e-06
   0-th band diff =     8.72824e-10
   1-th band diff =     9.55204e-10
   2-th band diff =     7.80008e-10
   3-th band diff =     6.12156e-10
   4-th band diff =     5.95016e-10
   5-th band diff =     5.40907e-10
   6-th band diff =     4.22039e-10
   7-th band diff =     3.94312e-10
   8-th band diff =     3.74463e-10
   9-th band diff =     3.60135e-10
  10-th band diff =     3.92645e-10
  11-th band diff =     4.43454e-10
  12-th band diff =     4.17312e-10
  13-th band diff =     4.57690e-10
  14-th band diff =     5.15387e-10
  15-th band diff =     4.54285e-10
  16-th band diff =     4.89182e-10
  17-th band diff =     4.34357e-10
  18-th band diff =     4.68725e-10
  19-th band diff =     4.48769e-10
  20-th band diff =     4.10530e-10
  21-th band diff =     4.46654e-10
  22-th band diff =     5.95924e-10
  23-th band diff =     6.23336e-10
  24-th band diff =     9.70466e-10
  25-th band diff =     1.13141e-09
  26-th band diff =     1.38101e-09
  27-th band diff =     1.27895e-09
  28-th band diff =     1.40108e-09
  29-th band diff =     1.36363e-09
  30-th band diff =     1.62667e-09
  31-th band diff =     1.40751e-09
  32-th band diff =     1.53904e-09
  33-th band diff =     1.59689e-09
  34-th band diff =     1.79987e-09
  35-th band diff =     1.67952e-09
  36-th band diff =     2.19764e-09
  37-th band diff =     2.12791e-09
  38-th band diff =     2.08847e-09
  39-th band diff =     1.89140e-09
  40-th band diff =     2.18353e-09
  41-th band diff =     1.66699e-09
  42-th band diff =     1.98527e-09
  43-th band diff =     1.81249e-09
  44-th band diff =     2.29787e-09
  45-th band diff =     2.01893e-09
  46-th band diff =     2.32517e-09
  47-th band diff =     2.27325e-09
  48-th band diff =     3.24203e-09
  49-th band diff =     2.64824e-09
  50-th band diff =     2.84066e-09
  51-th band diff =     2.57881e-09
  52-th band diff =     2.55526e-09
  53-th band diff =     2.77240e-09
  54-th band diff =     3.13410e-09
  55-th band diff =     2.56728e-09
  56-th band diff =     2.62736e-09
  57-th band diff =     2.57637e-09
  58-th band diff =     2.86764e-09
  59-th band diff =     2.29509e-09
  60-th band diff =     2.73658e-09
  61-th band diff =     3.11687e-09
  62-th band diff =     2.85720e-09
  63-th band diff =     3.34430e-09
  64-th band diff =     2.86332e-09
  65-th band diff =     3.09968e-09
  66-th band diff =     3.47798e-09
  67-th band diff =     3.79932e-09
  68-th band diff =     3.71896e-09
  69-th band diff =     4.42645e-09
  70-th band diff =     3.92236e-09
  71-th band diff =     4.14897e-09
  72-th band diff =     4.81597e-09
  73-th band diff =     6.02656e-09
  74-th band diff =     6.92166e-09
  75-th band diff =     7.20111e-09
  76-th band diff =     9.96306e-09
  77-th band diff =     1.05991e-08
  78-th band diff =     1.38238e-08
  79-th band diff =     1.69006e-08
  80-th band diff =     2.48398e-08
  81-th band diff =     2.76511e-08
  82-th band diff =     3.63736e-08
  83-th band diff =     4.89926e-08
  84-th band diff =     8.20556e-08
  85-th band diff =     1.01426e-07
  86-th band diff =     2.55821e-07
  87-th band diff =     2.92289e-07
  88-th band diff =     7.37745e-07
  89-th band diff =     1.52002e-06
  symmetrize Gk diff1 =     2.22422e-13
   0-th band diff =     4.47496e-15
   1-th band diff =     4.29753e-15
   2-th band diff =     4.68923e-15
   3-th band diff =     4.52812e-15
   4-th band diff =     4.64620e-15
   5-th band diff =     4.34147e-15
   6-th band diff =     4.20193e-15
   7-th band diff =     4.26860e-15
   8-th band diff =     4.42863e-15
   9-th band diff =     4.25769e-15
  10-th band diff =     4.21040e-15
  11-th band diff =     4.32719e-15
  12-th band diff =     4.34841e-15
  13-th band diff =     4.12755e-15
  14-th band diff =     4.02009e-15
  15-th band diff =     4.13992e-15
  16-th band diff =     4.21991e-15
  17-th band diff =     3.95878e-15
  18-th band diff =     4.39317e-15
  19-th band diff =     4.01656e-15
  20-th band diff =     3.98977e-15
  21-th band diff =     4.06236e-15
  22-th band diff =     4.49805e-15
  23-th band diff =     4.49203e-15
  24-th band diff =     4.73998e-15
  25-th band diff =     4.70447e-15
  26-th band diff =     4.62155e-15
  27-th band diff =     4.61326e-15
  28-th band diff =     3.88689e-15
  29-th band diff =     3.75557e-15
  30-th band diff =     3.53702e-15
  31-th band diff =     3.46090e-15
  32-th band diff =     3.36384e-15
  33-th band diff =     3.31801e-15
  34-th band diff =     2.95422e-15
  35-th band diff =     3.09823e-15
  36-th band diff =     2.74177e-15
  37-th band diff =     2.83682e-15
  38-th band diff =     3.01709e-15
  39-th band diff =     2.89497e-15
  40-th band diff =     2.11340e-15
  41-th band diff =     2.13429e-15
  42-th band diff =     1.92926e-15
  43-th band diff =     2.04908e-15
  44-th band diff =     1.40422e-15
  45-th band diff =     1.53891e-15
  46-th band diff =     1.63205e-15
  47-th band diff =     1.62769e-15
  48-th band diff =     1.23373e-15
  49-th band diff =     1.28888e-15
  50-th band diff =     1.33186e-15
  51-th band diff =     1.38699e-15
  52-th band diff =     1.38597e-15
  53-th band diff =     1.39764e-15
  54-th band diff =     1.44338e-15
  55-th band diff =     1.58638e-15
  56-th band diff =     1.41799e-15
  57-th band diff =     1.49452e-15
  58-th band diff =     1.39380e-15
  59-th band diff =     1.45779e-15
  60-th band diff =     1.22367e-15
  61-th band diff =     1.39442e-15
  62-th band diff =     1.32287e-15
  63-th band diff =     1.34629e-15
  64-th band diff =     1.12355e-15
  65-th band diff =     1.16857e-15
  66-th band diff =     1.10357e-15
  67-th band diff =     1.03237e-15
  68-th band diff =     1.09413e-15
  69-th band diff =     1.20264e-15
  70-th band diff =     1.07311e-15
  71-th band diff =     1.12832e-15
  72-th band diff =     9.64038e-16
  73-th band diff =     9.51480e-16
  74-th band diff =     9.82983e-16
  75-th band diff =     9.79607e-16
  76-th band diff =     6.94184e-16
  77-th band diff =     7.23511e-16
  78-th band diff =     8.59988e-16
  79-th band diff =     9.20042e-16
  80-th band diff =     1.06405e-15
  81-th band diff =     9.23027e-16
  82-th band diff =     1.01898e-15
  83-th band diff =     1.04987e-15
  84-th band diff =     7.94709e-16
  85-th band diff =     8.61766e-16
  86-th band diff =     9.10855e-16
  87-th band diff =     9.30542e-16
  88-th band diff =     9.28930e-16
  89-th band diff =     9.18619e-16
  symmetrize expand diff =     4.81253e-13
    0     27.33001570     25.42954807     7.47346e-02     78.475370
    1     26.19724843     24.91108427     5.16302e-02     84.618981
    2     25.48879472     24.55611686     3.79815e-02     90.794722
    3     24.97210092     24.28652288     2.82287e-02     97.465539
    4     24.58937015     24.07360831     2.14244e-02    104.191372
    5     24.29906434     23.90087752     1.66599e-02    110.348816
    6     24.07313304     23.75780651     1.32725e-02    116.530769
    7     23.89289697     23.63732018     1.08124e-02    123.166030
    8     23.74586884     23.53447153     8.98245e-03    129.461921
    9     23.62358762     23.44568704     7.58777e-03    135.684937
   10     23.52020897     23.36831316     6.50008e-03    142.373886
   11     23.43160404     23.30033268     5.63388e-03    149.226066
   12     23.35478543     23.24018113     4.93130e-03    155.863607
   13     23.28753973     23.18662416     4.35232e-03    162.080060
   14     23.22818972     23.13867342     3.86869e-03    168.323785
   15     23.17543804     23.09552726     3.46001e-03    175.006342
   16     23.12826266     23.05652827     3.11124e-03    181.768528
   17     23.08584533     23.02113193     2.81104e-03    188.461966
   18     23.04752177     22.98888333     2.55073e-03    194.980533
   19     23.01274615     22.95939951     2.32352e-03    201.142915
   20     22.98106521     22.93235577     2.12405e-03    207.360810
   21     22.95209913     22.90747514     1.94801e-03    214.022922
   22     22.92552705     22.88451998     1.79191e-03    220.585015
   23     22.90107601     22.86328535     1.65290e-03    226.759805
   24     22.87851231     22.84359364     1.52860e-03    233.004969
   25     22.85763471     22.82529025     1.41705e-03    239.448714
   26     22.83826905     22.80824004     1.31659e-03    245.468866
   27     22.82026386     22.79232447     1.22582e-03    251.717027
   28     22.80348684     22.77743911     1.14358e-03    258.446998
   29     22.78782197     22.76349170     1.06883e-03    265.149966
   30     22.77316712     22.75040045     1.00072e-03    271.681923
   31     22.75943206     22.73809264     9.38488e-04    277.850701
   32     22.74653682     22.72650340     8.81500e-04    284.077073
   33     22.73441028     22.71557474     8.29190e-04    290.819775
   34     22.72298902     22.70525465     7.81069e-04    297.365879
   35     22.71221634     22.69549636     7.36709e-04    303.813698
   36     22.70204137     22.68625776     6.95734e-04    310.101017
   37     22.69241837     22.67750079     6.57814e-04    316.628936
   38     22.68330614     22.66919099     6.22658e-04    322.795677
   39     22.67466743     22.66129711     5.90007e-04    329.075156
   40     22.66646852     22.65379072     5.59633e-04    335.832917
   41     22.65867881     22.64664594     5.31331e-04    342.369825
   42     22.65127046     22.63983913     5.04921e-04    348.551494
   43     22.64421811     22.63334866     4.80241e-04    354.813117
   44     22.63749859     22.62715473     4.57144e-04    361.539088
   45     22.63109071     22.62123915     4.35500e-04    368.255527
   46     22.62497504     22.61558520     4.15193e-04    375.000360
   47     22.61913373     22.61017747     3.96116e-04    381.740943
   48     22.61355037     22.60500174     3.78174e-04    388.502316
   49     22.60820984     22.60004488     3.61280e-04    395.052072
   50     22.60309817     22.59529473     3.45357e-04    401.233107
   51     22.59820246     22.59074001     3.30332e-04    407.603579
   52     22.59351075     22.58637026     3.16142e-04    414.439002
   53     22.58901196     22.58217574     3.02726e-04    421.091263
   54     22.58469579     22.57814739     2.90033e-04    427.436128
   55     22.58055266     22.57427676     2.78011e-04    433.814576
   56     22.57657365     22.57055596     2.66617e-04    440.443008
   57     22.57275045     22.56697763     2.55808e-04    446.749894
   58     22.56907528     22.56353485     2.45548e-04    453.168094
   59     22.56554087     22.56022116     2.35801e-04    459.827833
   60     22.56214043     22.55703049     2.26534e-04    466.141061
   61     22.55886758     22.55395715     2.17719e-04    472.543278
   62     22.55571633     22.55099577     2.09328e-04    479.390391
   63     22.55268105     22.54814131     2.01335e-04    486.134464
   64     22.54975646     22.54538902     1.93718e-04    492.732172
   65     22.54693759     22.54273441     1.86454e-04    499.036180
   66     22.54421972     22.54017325     1.79523e-04    505.319536
   67     22.54159845     22.53770153     1.72906e-04    511.843836
   68     22.53906957     22.53531548     1.66587e-04    518.038749
   69     22.53662915     22.53301152     1.60548e-04    524.237432
   70     22.53427344     22.53078624     1.54775e-04    530.885218
   71     22.53199890     22.52863642     1.49253e-04    537.477343
   72     22.52980217     22.52655903     1.43970e-04    543.991073
   73     22.52768007     22.52455114     1.38912e-04    550.437062
   74     22.52562958     22.52261001     1.34069e-04    556.710004
   75     22.52364783     22.52073301     1.29428e-04    563.200885
   76     22.52173209     22.51891765     1.24981e-04    569.381395
   77     22.51987976     22.51716155     1.20717e-04    575.597346
   78     22.51808838     22.51546244     1.16628e-04    581.933758
   79     22.51635558     22.51381816     1.12705e-04    588.137118
   80     22.51467914     22.51222666     1.08940e-04    594.406407
   81     22.51305691     22.51068596     1.05325e-04    600.935082
   82     22.51148684     22.50919418     1.01854e-04    607.111141
   83     22.50996700     22.50774953     9.85201e-05    613.348841
   84     22.50849552     22.50635030     9.53162e-05    619.805918
   85     22.50707062     22.50499483     9.22367e-05    625.986378
   86     22.50569060     22.50368156     8.92761e-05    632.254372
   87     22.50435383     22.50240897     8.64289e-05    638.774291
   88     22.50305876     22.50117564     8.36901e-05    644.950796
   89     22.50180390     22.49998017     8.10550e-05    651.158718
   90     22.50058782     22.49882124     7.85188e-05    657.867201
   91     22.49940915     22.49769758     7.60774e-05    664.402868
   92     22.49826657     22.49660797     7.37266e-05    670.561560
   93     22.49715883     22.49555124     7.14625e-05    676.763192
   94     22.49608473     22.49452627     6.92815e-05    683.266239
   95     22.49504310     22.49353198     6.71800e-05    689.425596
   96     22.49403283     22.49256733     6.51547e-05    695.662029
   97     22.49305285     22.49163133     6.32023e-05    702.186546
   98     22.49210214     22.49072301     6.13200e-05    708.340025
   99     22.49117971     22.48984146     5.95047e-05    714.569171
  100     22.49028461     22.48898578     5.77537e-05    721.017994
  101     22.48941593     22.48815514     5.60645e-05    727.187096
  102     22.48857279     22.48734871     5.44345e-05    733.415866
  103     22.48775436     22.48656569     5.28613e-05    739.915101
  104     22.48695981     22.48580533     5.13426e-05    746.076998
  105     22.48618837     22.48506689     4.98764e-05    752.339014
  106     22.48543928     22.48434968     4.84604e-05    758.860640
  107     22.48471182     22.48365300     4.70928e-05    765.039667
  108     22.48400529     22.48297621     4.57717e-05    771.272532
  109     22.48331902     22.48231867     4.44951e-05    777.928499
  110     22.48265236     22.48167977     4.32615e-05    784.221814
  111     22.48200469     22.48105893     4.20691e-05    791.001651
  112     22.48137540     22.48045558     4.09164e-05    797.605573
  113     22.48076391     22.47986917     3.98018e-05    803.908074
  114     22.48016966     22.47929918     3.87240e-05    810.294505
  115     22.47959212     22.47874509     3.76814e-05    816.948811
  116     22.47903076     22.47820642     3.66729e-05    823.263840
  117     22.47848507     22.47768268     3.56970e-05    829.662192
  118     22.47795457     22.47717343     3.47527e-05    836.519569
  119     22.47743880     22.47667822     3.38387e-05    843.166286
  120     22.47693730     22.47619662     3.29539e-05    849.492350
  121     22.47644962     22.47572822     3.20972e-05    855.909240
  122     22.47597536     22.47527261     3.12676e-05    862.756951
  123     22.47551410     22.47482943     3.04642e-05    869.415910
  124     22.47506545     22.47439828     2.96859e-05    875.724865
  125     22.47462903     22.47397881     2.89319e-05    881.929720
  126     22.47420446     22.47357068     2.82012e-05    888.744957
  127     22.47379140     22.47317354     2.74931e-05    895.424852
  128     22.47338950     22.47278707     2.68068e-05    901.721007
  129     22.47299842     22.47241096     2.61414e-05    908.178002
  130     22.47261785     22.47204490     2.54963e-05    914.799584
  131     22.47224747     22.47168859     2.48707e-05    921.085037
  132     22.47188699     22.47134175     2.42639e-05    927.464652
  133     22.47153611     22.47100410     2.36753e-05    934.062812
  134     22.47119455     22.47067538     2.31043e-05    940.364230
  135     22.47086204     22.47035533     2.25502e-05    946.786541
  136     22.47053831     22.47004369     2.20124e-05    953.447689
  137     22.47022311     22.46974023     2.14904e-05    959.735094
  138     22.46991620     22.46944470     2.09837e-05    966.150047
  139     22.46961732     22.46915689     2.04918e-05    972.668040
  140     22.46932626     22.46887657     2.00140e-05    978.880169
  141     22.46904279     22.46860353     1.95500e-05    985.211771
  142     22.46876669     22.46833756     1.90994e-05    991.702510
  143     22.46849775     22.46807846     1.86615e-05    997.879641
  144     22.46823576     22.46782604     1.82361e-05   1003.943628
  145     22.46798054     22.46758010     1.78227e-05   1010.464216
  146     22.46773188     22.46734048     1.74208e-05   1016.632165
  147     22.46748960     22.46710698     1.70303e-05   1022.857730
  148     22.46725353     22.46687944     1.66505e-05   1029.338608
  149     22.46702348     22.46665770     1.62813e-05   1035.834093
  150     22.46679930     22.46644159     1.59222e-05   1042.000066
  151     22.46658082     22.46623095     1.55730e-05   1048.579474
  152     22.46636787     22.46602564     1.52333e-05   1054.813628
  153     22.46616031     22.46582550     1.49028e-05   1061.054058
  154     22.46595798     22.46563041     1.45812e-05   1067.564543
  155     22.46576075     22.46544021     1.42682e-05   1073.727951
  156     22.46556846     22.46525477     1.39636e-05   1079.966763
  157     22.46538100     22.46507396     1.36671e-05   1086.468250
  158     22.46519821     22.46489767     1.33784e-05   1093.160312
  159     22.46501998     22.46472576     1.30973e-05   1099.523730
  160     22.46484619     22.46455811     1.28236e-05   1106.073172
  161     22.46467670     22.46439462     1.25569e-05   1112.276379
  162     22.46451141     22.46423517     1.22972e-05   1118.525445
  163     22.46435020     22.46407964     1.20442e-05   1125.052547
  164     22.46419297     22.46392794     1.17977e-05   1131.231178
  165     22.46403959     22.46377997     1.15574e-05   1137.488749
  166     22.46388998     22.46363562     1.13233e-05   1144.010495
  167     22.46374403     22.46349480     1.10951e-05   1150.172768
  168     22.46360164     22.46335741     1.08726e-05   1156.307400
  169     22.46346272     22.46322336     1.06556e-05   1162.784421
  170     22.46332717     22.46309257     1.04441e-05   1168.963985
  171     22.46319491     22.46296494     1.02378e-05   1175.222559
  172     22.46306585     22.46284040     1.00366e-05   1181.872459
  173     22.46293990     22.46271887     9.84025e-06   1188.165127
  174     22.46281699     22.46260026     9.64873e-06   1194.583823
  175     22.46269703     22.46248450     9.46185e-06   1201.230713
  176     22.46257995     22.46237151     9.27949e-06   1207.517560
  177     22.46246567     22.46226123     9.10150e-06   1213.966684
  178     22.46235411     22.46215357     8.92776e-06   1220.647127
  179     22.46224521     22.46204849     8.75815e-06   1226.953817
  180     22.46213890     22.46194590     8.59254e-06   1233.416162
  181     22.46203512     22.46184574     8.43084e-06   1240.091448
  182     22.46193378     22.46174796     8.27291e-06   1246.396989
  183     22.46183484     22.46165248     8.11867e-06   1252.798221
  184     22.46173824     22.46155926     7.96800e-06   1259.460933
  185     22.46164390     22.46146823     7.82080e-06   1265.789567
  186     22.46155177     22.46137934     7.67698e-06   1272.172152
  187     22.46146181     22.46129253     7.53644e-06   1278.637580
  188     22.46137394     22.46120775     7.39909e-06   1284.872456
  189     22.46128813     22.46112495     7.26485e-06   1291.188049
  190     22.46120431     22.46104408     7.13363e-06   1297.747603
  191     22.46112243     22.46096509     7.00534e-06   1303.968419
  192     22.46104246     22.46088793     6.87990e-06   1310.289607
  193     22.46096433     22.46081255     6.75725e-06   1317.013909
  194     22.46088800     22.46073892     6.63730e-06   1323.782872
  195     22.46081343     22.46066699     6.51998e-06   1330.323163
  196     22.46074058     22.46059671     6.40523e-06   1336.569701
  197     22.46066939     22.46052805     6.29296e-06   1342.882196
  198     22.46059984     22.46046096     6.18313e-06   1349.392656
  199     22.46053187     22.46039541     6.07565e-06   1355.633802
  init Umatrix and Mmn using Umatrix_opt
  symmetrize Gk diff1 =     1.07118e-06
   0-th band diff =     1.37428e-09
   1-th band diff =     1.77226e-09
   2-th band diff =     1.06835e-09
   3-th band diff =     1.52453e-09
   4-th band diff =     1.27254e-09
   5-th band diff =     1.72316e-09
   6-th band diff =     1.64136e-09
   7-th band diff =     2.22589e-09
   8-th band diff =     2.38014e-09
   9-th band diff =     2.24792e-09
  10-th band diff =     2.38708e-09
  11-th band diff =     2.30211e-09
  12-th band diff =     1.97951e-09
  13-th band diff =     1.69955e-09
  14-th band diff =     3.31504e-09
  15-th band diff =     2.75399e-09
  16-th band diff =     3.20916e-09
  17-th band diff =     2.96380e-09
  18-th band diff =     3.24765e-09
  19-th band diff =     2.46186e-09
  20-th band diff =     3.51106e-09
  21-th band diff =     5.21906e-09
  22-th band diff =     3.19610e-09
  23-th band diff =     3.62765e-09
  24-th band diff =     8.05483e-09
  25-th band diff =     9.35274e-09
  26-th band diff =     8.82554e-09
  27-th band diff =     8.26899e-09
  28-th band diff =     7.26329e-09
  29-th band diff =     7.59804e-09
  30-th band diff =     7.98544e-09
  31-th band diff =     8.03276e-09
  32-th band diff =     6.52545e-09
  33-th band diff =     6.94074e-09
  34-th band diff =     6.94196e-09
  35-th band diff =     7.60397e-09
  36-th band diff =     6.88202e-09
  37-th band diff =     7.92999e-09
  38-th band diff =     7.85031e-09
  39-th band diff =     9.41943e-09
  40-th band diff =     5.78462e-09
  41-th band diff =     6.99548e-09
  42-th band diff =     7.05502e-09
  43-th band diff =     6.67491e-09
  44-th band diff =     6.78849e-09
  45-th band diff =     7.00614e-09
  46-th band diff =     6.73895e-09
  47-th band diff =     7.45324e-09
  48-th band diff =     5.94681e-09
  49-th band diff =     8.12980e-09
  50-th band diff =     6.83076e-09
  51-th band diff =     7.49307e-09
  52-th band diff =     7.56096e-09
  53-th band diff =     7.60001e-09
  54-th band diff =     7.71066e-09
  55-th band diff =     7.66435e-09
  56-th band diff =     7.08874e-09
  57-th band diff =     8.90144e-09
  58-th band diff =     7.54169e-09
  59-th band diff =     8.24896e-09
  60-th band diff =     8.11542e-09
  61-th band diff =     8.70484e-09
  62-th band diff =     8.49862e-09
  63-th band diff =     9.67713e-09
  64-th band diff =     9.54179e-09
  65-th band diff =     1.00395e-08
  66-th band diff =     9.51097e-09
  67-th band diff =     1.10836e-08
  68-th band diff =     1.05867e-08
  69-th band diff =     1.37024e-08
  70-th band diff =     1.21035e-08
  71-th band diff =     1.40760e-08
  72-th band diff =     1.16978e-08
  73-th band diff =     1.48078e-08
  74-th band diff =     1.49671e-08
  75-th band diff =     1.74725e-08
  76-th band diff =     1.97010e-08
  77-th band diff =     2.00548e-08
  78-th band diff =     2.04737e-08
  79-th band diff =     2.03405e-08
  80-th band diff =     2.22434e-08
  81-th band diff =     2.88098e-08
  82-th band diff =     2.41378e-08
  83-th band diff =     2.44729e-08
  84-th band diff =     3.30407e-08
  85-th band diff =     3.28004e-08
  86-th band diff =     4.43173e-08
  87-th band diff =     4.99642e-08
  88-th band diff =     7.81663e-08
  89-th band diff =     1.38282e-07
  symmetrize expand diff =     1.79217e-07
  OmegaI  =   22.4603954070
  OmegaD  =    0.0003363676
  OmegaOD =   16.2244095045
! Initial:  omega_tot =     38.68514128    time:  1361.622090
  WF num,                    center in cartesian coords,    spread (A^2)
       1   (     0.000000,    -0.000000,    -0.000000 )       1.44864283
       2   (     0.000000,     0.000000,    -0.000000 )       1.44864283
       3   (     0.000000,     0.000000,    -0.000000 )       1.41860480
       4   (    -0.000000,    -0.000000,    -0.000000 )       1.41860480
       5   (    -0.000000,     0.000000,    -0.000000 )       1.44181703
       6   (     0.000000,    -0.000000,    -0.000000 )       1.44181703
       7   (     0.000000,    -0.000000,     0.000000 )       1.44198330
       8   (    -0.000000,     0.000000,     0.000000 )       1.44198330
       9   (    -0.000000,    -0.000000,     0.000000 )       0.50054072
      10   (     0.000000,     0.000000,     0.000000 )       0.50054072
      11   (    -0.000000,     0.000000,    -0.000000 )       0.46771706
      12   (     0.000000,     0.000000,    -0.000000 )       0.46771706
      13   (     0.000000,     0.000000,    -0.000000 )       0.46771433
      14   (    -0.000000,    -0.000000,    -0.000000 )       0.46771433
      15   (    -0.000000,    -0.000000,    -0.000000 )       0.49609321
      16   (     0.000000,     0.000000,     0.000000 )       0.49609321
      17   (    -0.000000,    -0.000000,    -0.000000 )       0.48817655
      18   (     0.000000,     0.000000,    -0.000000 )       0.48817655
      19   (     1.364072,     1.364072,     1.889492 )       1.74773662
      20   (     1.364072,     1.364072,     1.889492 )       1.74773662
      21   (     1.364072,     1.364072,     1.889492 )       1.74520001
      22   (     1.364072,     1.364072,     1.889492 )       1.74520001
      23   (     1.364072,     1.364072,     1.889492 )       1.69678915
      24   (     1.364072,     1.364072,     1.889492 )       1.69678915
      25   (     1.364072,     1.364072,     1.889492 )       1.69658100
      26   (     1.364072,     1.364072,     1.889492 )       1.69658099
      27   (     1.364072,     1.364072,     1.889492 )       0.86497428
      28   (     1.364072,     1.364072,     1.889492 )       0.86497428
      29   (     1.364072,     1.364072,     1.889492 )       0.85828354
      30   (     1.364072,     1.364072,     1.889492 )       0.85828354
      31   (     1.364072,     1.364072,     1.889492 )       0.85828745
      32   (     1.364072,     1.364072,     1.889492 )       0.85828745
      33   (     1.364072,     1.364072,     1.889492 )       0.82842386
      34   (     1.364072,     1.364072,     1.889492 )       0.82842386
      35   (     1.364072,     1.364072,     1.889492 )       0.87500489
      36   (     1.364072,     1.364072,     1.889492 )       0.87500489
! Final:    omega_tot =     38.68514128    time:  1361.622357
  symmetrize Gk diff1 =     9.28400e-07
   0-th band diff =     1.40376e-15
   1-th band diff =     1.42424e-15
   2-th band diff =     8.63771e-16
   3-th band diff =     7.02893e-16
   4-th band diff =     6.76733e-16
   5-th band diff =     7.39129e-16
   6-th band diff =     6.37169e-16
   7-th band diff =     6.77620e-16
   8-th band diff =     6.28703e-16
   9-th band diff =     6.20982e-16
  10-th band diff =     5.54016e-16
  11-th band diff =     5.68999e-16
  12-th band diff =     5.52594e-16
  13-th band diff =     6.25872e-16
  14-th band diff =     5.76934e-16
  15-th band diff =     5.99104e-16
  16-th band diff =     5.53072e-16
  17-th band diff =     5.08834e-16
  18-th band diff =     6.90475e-16
  19-th band diff =     5.28636e-16
  20-th band diff =     5.82806e-12
  21-th band diff =     2.29934e-11
  22-th band diff =     3.25322e-10
  23-th band diff =     7.29189e-10
  24-th band diff =     2.77320e-09
  25-th band diff =     3.04889e-09
  26-th band diff =     3.14383e-09
  27-th band diff =     3.58975e-09
  28-th band diff =     3.94859e-09
  29-th band diff =     4.78654e-09
  30-th band diff =     4.70180e-09
  31-th band diff =     4.64111e-09
  32-th band diff =     4.03313e-09
  33-th band diff =     4.98884e-09
  34-th band diff =     4.15236e-09
  35-th band diff =     4.53947e-09
  36-th band diff =     4.47076e-09
  37-th band diff =     5.27357e-09
  38-th band diff =     4.38003e-09
  39-th band diff =     5.13982e-09
  40-th band diff =     3.93836e-09
  41-th band diff =     5.16850e-09
  42-th band diff =     5.53058e-09
  43-th band diff =     5.39361e-09
  44-th band diff =     6.02893e-09
  45-th band diff =     6.22824e-09
  46-th band diff =     5.45079e-09
  47-th band diff =     5.90819e-09
  48-th band diff =     5.26640e-09
  49-th band diff =     7.06871e-09
  50-th band diff =     5.97433e-09
  51-th band diff =     6.78676e-09
  52-th band diff =     6.94604e-09
  53-th band diff =     6.79735e-09
  54-th band diff =     7.08455e-09
  55-th band diff =     6.61719e-09
  56-th band diff =     6.04843e-09
  57-th band diff =     7.71314e-09
  58-th band diff =     6.97020e-09
  59-th band diff =     7.61014e-09
  60-th band diff =     7.57852e-09
  61-th band diff =     7.95028e-09
  62-th band diff =     7.67079e-09
  63-th band diff =     8.95282e-09
  64-th band diff =     9.09131e-09
  65-th band diff =     9.75431e-09
  66-th band diff =     9.11087e-09
  67-th band diff =     1.07290e-08
  68-th band diff =     1.03577e-08
  69-th band diff =     1.33377e-08
  70-th band diff =     1.19203e-08
  71-th band diff =     1.37137e-08
  72-th band diff =     1.15245e-08
  73-th band diff =     1.46231e-08
  74-th band diff =     1.47685e-08
  75-th band diff =     1.72543e-08
  76-th band diff =     1.96525e-08
  77-th band diff =     1.99500e-08
  78-th band diff =     2.04367e-08
  79-th band diff =     2.03144e-08
  80-th band diff =     2.22545e-08
  81-th band diff =     2.87235e-08
  82-th band diff =     2.41117e-08
  83-th band diff =     2.43922e-08
  84-th band diff =     3.30357e-08
  85-th band diff =     3.28777e-08
  86-th band diff =     4.43699e-08
  87-th band diff =     5.00551e-08
  88-th band diff =     7.82378e-08
  89-th band diff =     1.38425e-07
  OmegaI  =   22.4603954070
  OmegaD  =    0.0003363676
  OmegaOD =   16.2244095036
  WF num,                    center in cartesian coords,    spread (A^2)
       1   (     0.000000,    -0.000000,    -0.000000 )       1.44864283
       2   (     0.000000,     0.000000,    -0.000000 )       1.44864283
       3   (     0.000000,     0.000000,    -0.000000 )       1.41860480
       4   (    -0.000000,    -0.000000,    -0.000000 )       1.41860480
       5   (    -0.000000,     0.000000,    -0.000000 )       1.44181703
       6   (     0.000000,    -0.000000,    -0.000000 )       1.44181703
       7   (     0.000000,    -0.000000,     0.000000 )       1.44198330
       8   (    -0.000000,     0.000000,     0.000000 )       1.44198330
       9   (    -0.000000,    -0.000000,     0.000000 )       0.50054072
      10   (     0.000000,     0.000000,     0.000000 )       0.50054072
      11   (    -0.000000,     0.000000,    -0.000000 )       0.46771706
      12   (     0.000000,     0.000000,    -0.000000 )       0.46771706
      13   (     0.000000,     0.000000,    -0.000000 )       0.46771433
      14   (    -0.000000,    -0.000000,    -0.000000 )       0.46771433
      15   (    -0.000000,    -0.000000,    -0.000000 )       0.49609321
      16   (     0.000000,     0.000000,     0.000000 )       0.49609321
      17   (    -0.000000,    -0.000000,    -0.000000 )       0.48817655
      18   (     0.000000,     0.000000,    -0.000000 )       0.48817655
      19   (     1.364072,     1.364072,     1.889492 )       1.74773662
      20   (     1.364072,     1.364072,     1.889492 )       1.74773662
      21   (     1.364072,     1.364072,     1.889492 )       1.74520001
      22   (     1.364072,     1.364072,     1.889492 )       1.74520001
      23   (     1.364072,     1.364072,     1.889492 )       1.69678915
      24   (     1.364072,     1.364072,     1.889492 )       1.69678915
      25   (     1.364072,     1.364072,     1.889492 )       1.69658100
      26   (     1.364072,     1.364072,     1.889492 )       1.69658099
      27   (     1.364072,     1.364072,     1.889492 )       0.86497428
      28   (     1.364072,     1.364072,     1.889492 )       0.86497428
      29   (     1.364072,     1.364072,     1.889492 )       0.85828354
      30   (     1.364072,     1.364072,     1.889492 )       0.85828354
      31   (     1.364072,     1.364072,     1.889492 )       0.85828745
      32   (     1.364072,     1.364072,     1.889492 )       0.85828745
      33   (     1.364072,     1.364072,     1.889492 )       0.82842386
      34   (     1.364072,     1.364072,     1.889492 )       0.82842386
      35   (     1.364072,     1.364072,     1.889492 )       0.87500489
      36   (     1.364072,     1.364072,     1.889492 )       0.87500489

 total time               :        23.02m
 sym read                 :         0.23m  (       13.81s for each call) 
 mmn read                 :         0.85m  (       51.17s for each call) 
 amn read                 :         0.03m  (        1.98s for each call) 
